Archive member included to satisfy reference by file (symbol)

c:/intelfpga_lite/22.1std/nios2eds/bin/gnu/h-x86_64-mingw32/bin/../lib/gcc/nios2-elf/12.2.1/mno-hw-mul\libgcc.a(lib2-mul.o)
                              obj/default/FreeRTOS/queue.o (__mulsi3)
c:/intelfpga_lite/22.1std/nios2eds/bin/gnu/h-x86_64-mingw32/bin/../lib/gcc/nios2-elf/12.2.1/../../../../../H-x86_64-mingw32/nios2-elf/lib/mno-hw-mul\libc.a(lib_a-memcpy.o)
                              obj/default/FreeRTOS/queue.o (memcpy)
c:/intelfpga_lite/22.1std/nios2eds/bin/gnu/h-x86_64-mingw32/bin/../lib/gcc/nios2-elf/12.2.1/../../../../../H-x86_64-mingw32/nios2-elf/lib/mno-hw-mul\libc.a(lib_a-memset.o)
                              obj/default/FreeRTOS/stream_buffer.o (memset)
c:/intelfpga_lite/22.1std/nios2eds/bin/gnu/h-x86_64-mingw32/bin/../lib/gcc/nios2-elf/12.2.1/../../../../../H-x86_64-mingw32/nios2-elf/lib/mno-hw-mul\libc.a(lib_a-puts.o)
                              obj/default/main.o (puts)
c:/intelfpga_lite/22.1std/nios2eds/bin/gnu/h-x86_64-mingw32/bin/../lib/gcc/nios2-elf/12.2.1/../../../../../H-x86_64-mingw32/nios2-elf/lib/mno-hw-mul\libc.a(lib_a-strlen.o)
                              c:/intelfpga_lite/22.1std/nios2eds/bin/gnu/h-x86_64-mingw32/bin/../lib/gcc/nios2-elf/12.2.1/../../../../../H-x86_64-mingw32/nios2-elf/lib/mno-hw-mul\libc.a(lib_a-puts.o) (strlen)
c:/intelfpga_lite/22.1std/nios2eds/bin/gnu/h-x86_64-mingw32/bin/../lib/gcc/nios2-elf/12.2.1/../../../../../H-x86_64-mingw32/nios2-elf/lib/mno-hw-mul\libc.a(lib_a-findfp.o)
                              c:/intelfpga_lite/22.1std/nios2eds/bin/gnu/h-x86_64-mingw32/bin/../lib/gcc/nios2-elf/12.2.1/../../../../../H-x86_64-mingw32/nios2-elf/lib/mno-hw-mul\libc.a(lib_a-puts.o) (__sinit)
c:/intelfpga_lite/22.1std/nios2eds/bin/gnu/h-x86_64-mingw32/bin/../lib/gcc/nios2-elf/12.2.1/../../../../../H-x86_64-mingw32/nios2-elf/lib/mno-hw-mul\libc.a(lib_a-fvwrite.o)
                              c:/intelfpga_lite/22.1std/nios2eds/bin/gnu/h-x86_64-mingw32/bin/../lib/gcc/nios2-elf/12.2.1/../../../../../H-x86_64-mingw32/nios2-elf/lib/mno-hw-mul\libc.a(lib_a-puts.o) (__sfvwrite_r)
c:/intelfpga_lite/22.1std/nios2eds/bin/gnu/h-x86_64-mingw32/bin/../lib/gcc/nios2-elf/12.2.1/../../../../../H-x86_64-mingw32/nios2-elf/lib/mno-hw-mul\libc.a(lib_a-fwalk.o)
                              c:/intelfpga_lite/22.1std/nios2eds/bin/gnu/h-x86_64-mingw32/bin/../lib/gcc/nios2-elf/12.2.1/../../../../../H-x86_64-mingw32/nios2-elf/lib/mno-hw-mul\libc.a(lib_a-findfp.o) (_fwalk)
c:/intelfpga_lite/22.1std/nios2eds/bin/gnu/h-x86_64-mingw32/bin/../lib/gcc/nios2-elf/12.2.1/../../../../../H-x86_64-mingw32/nios2-elf/lib/mno-hw-mul\libc.a(lib_a-impure.o)
                              c:/intelfpga_lite/22.1std/nios2eds/bin/gnu/h-x86_64-mingw32/bin/../lib/gcc/nios2-elf/12.2.1/../../../../../H-x86_64-mingw32/nios2-elf/lib/mno-hw-mul\libc.a(lib_a-findfp.o) (_global_impure_ptr)
c:/intelfpga_lite/22.1std/nios2eds/bin/gnu/h-x86_64-mingw32/bin/../lib/gcc/nios2-elf/12.2.1/../../../../../H-x86_64-mingw32/nios2-elf/lib/mno-hw-mul\libc.a(lib_a-mallocr.o)
                              c:/intelfpga_lite/22.1std/nios2eds/bin/gnu/h-x86_64-mingw32/bin/../lib/gcc/nios2-elf/12.2.1/../../../../../H-x86_64-mingw32/nios2-elf/lib/mno-hw-mul\libc.a(lib_a-findfp.o) (_malloc_r)
c:/intelfpga_lite/22.1std/nios2eds/bin/gnu/h-x86_64-mingw32/bin/../lib/gcc/nios2-elf/12.2.1/../../../../../H-x86_64-mingw32/nios2-elf/lib/mno-hw-mul\libc.a(lib_a-memchr.o)
                              c:/intelfpga_lite/22.1std/nios2eds/bin/gnu/h-x86_64-mingw32/bin/../lib/gcc/nios2-elf/12.2.1/../../../../../H-x86_64-mingw32/nios2-elf/lib/mno-hw-mul\libc.a(lib_a-fvwrite.o) (memchr)
c:/intelfpga_lite/22.1std/nios2eds/bin/gnu/h-x86_64-mingw32/bin/../lib/gcc/nios2-elf/12.2.1/../../../../../H-x86_64-mingw32/nios2-elf/lib/mno-hw-mul\libc.a(lib_a-memmove.o)
                              c:/intelfpga_lite/22.1std/nios2eds/bin/gnu/h-x86_64-mingw32/bin/../lib/gcc/nios2-elf/12.2.1/../../../../../H-x86_64-mingw32/nios2-elf/lib/mno-hw-mul\libc.a(lib_a-fvwrite.o) (memmove)
c:/intelfpga_lite/22.1std/nios2eds/bin/gnu/h-x86_64-mingw32/bin/../lib/gcc/nios2-elf/12.2.1/../../../../../H-x86_64-mingw32/nios2-elf/lib/mno-hw-mul\libc.a(lib_a-reallocr.o)
                              c:/intelfpga_lite/22.1std/nios2eds/bin/gnu/h-x86_64-mingw32/bin/../lib/gcc/nios2-elf/12.2.1/../../../../../H-x86_64-mingw32/nios2-elf/lib/mno-hw-mul\libc.a(lib_a-fvwrite.o) (_realloc_r)
c:/intelfpga_lite/22.1std/nios2eds/bin/gnu/h-x86_64-mingw32/bin/../lib/gcc/nios2-elf/12.2.1/../../../../../H-x86_64-mingw32/nios2-elf/lib/mno-hw-mul\libc.a(lib_a-sbrkr.o)
                              c:/intelfpga_lite/22.1std/nios2eds/bin/gnu/h-x86_64-mingw32/bin/../lib/gcc/nios2-elf/12.2.1/../../../../../H-x86_64-mingw32/nios2-elf/lib/mno-hw-mul\libc.a(lib_a-mallocr.o) (_sbrk_r)
[...]
Memory Configuration

Name             Origin             Length             Attributes
reset            0x0000000004000000 0x0000000000000020
SDRAM            0x0000000004000020 0x0000000003ffffe0
*default*        0x0000000000000000 0xffffffffffffffff

Linker script and memory map

LOAD c:/Users/robin/OneDrive/Desktop/CST455/cst455-labs/Lab04/software/Lab04_bsp//obj/HAL/src/crt0.o
LOAD obj/default/FreeRTOS/croutine.o
LOAD obj/default/FreeRTOS/event_groups.o
LOAD obj/default/FreeRTOS/list.o
LOAD obj/default/FreeRTOS/portable/GCC/NiosII/port.o
LOAD obj/default/FreeRTOS/portable/MemMang/heap_1.o
LOAD obj/default/FreeRTOS/queue.o
LOAD obj/default/FreeRTOS/stream_buffer.o
LOAD obj/default/FreeRTOS/tasks.o
LOAD obj/default/FreeRTOS/timers.o
LOAD obj/default/main.o
LOAD obj/default/FreeRTOS/portable/GCC/NiosII/port_asm.o
LOAD c:/intelfpga_lite/22.1std/nios2eds/bin/gnu/h-x86_64-mingw32/bin/../lib/gcc/nios2-elf/12.2.1/../../../../../H-x86_64-mingw32/nios2-elf/lib/mno-hw-mul\libstdc++.a
LOAD c:/intelfpga_lite/22.1std/nios2eds/bin/gnu/h-x86_64-mingw32/bin/../lib/gcc/nios2-elf/12.2.1/../../../../../H-x86_64-mingw32/nios2-elf/lib/mno-hw-mul\libm.a
LOAD c:/intelfpga_lite/22.1std/nios2eds/bin/gnu/h-x86_64-mingw32/bin/../lib/gcc/nios2-elf/12.2.1/mno-hw-mul\libgcc.a
START GROUP
LOAD c:/intelfpga_lite/22.1std/nios2eds/bin/gnu/h-x86_64-mingw32/bin/../lib/gcc/nios2-elf/12.2.1/../../../../../H-x86_64-mingw32/nios2-elf/lib/mno-hw-mul\libc.a
LOAD c:/intelfpga_lite/22.1std/nios2eds/bin/gnu/h-x86_64-mingw32/bin/../lib/gcc/nios2-elf/12.2.1/mno-hw-mul\libgcc.a
LOAD c:/Users/robin/OneDrive/Desktop/CST455/cst455-labs/Lab04/software/Lab04_bsp/\libhal_bsp.a
LOAD c:/intelfpga_lite/22.1std/nios2eds/bin/gnu/h-x86_64-mingw32/bin/../lib/gcc/nios2-elf/12.2.1/../../../../../H-x86_64-mingw32/nios2-elf/lib/mno-hw-mul\libm.a
END GROUP
LOAD c:/intelfpga_lite/22.1std/nios2eds/bin/gnu/h-x86_64-mingw32/bin/../lib/gcc/nios2-elf/12.2.1/mno-hw-mul\libgcc.a
                0x0000000004000000                __alt_mem_SDRAM = 0x4000000

.entry          0x0000000004000000       0x20
 *(.entry)
 .entry         0x0000000004000000       0x20 c:/Users/robin/OneDrive/Desktop/CST455/cst455-labs/Lab04/software/Lab04_bsp//obj/HAL/src/crt0.o
                0x0000000004000000                __reset

.exceptions     0x0000000004000020      0x344
                0x0000000004000020                PROVIDE (__ram_exceptions_start = ABSOLUTE (.))
                0x0000000004000020                . = ALIGN (0x20)
 *(.irq)
 *(.exceptions.entry.label)
 .exceptions.entry.label
                0x0000000004000020        0x0 c:/Users/robin/OneDrive/Desktop/CST455/cst455-labs/Lab04/software/Lab04_bsp/\libhal_bsp.a(alt_irq_entry.o)
                0x0000000004000020                alt_irq_entry
 .exceptions.entry.label
                0x0000000004000020        0x0 c:/Users/robin/OneDrive/Desktop/CST455/cst455-labs/Lab04/software/Lab04_bsp/\libhal_bsp.a(alt_exception_entry.o)
                0x0000000004000020                alt_exception
 *(.exceptions.entry.user)
 .exceptions.entry.user
                0x0000000004000020       0x90 obj/default/FreeRTOS/portable/GCC/NiosII/port_asm.o
 *(.exceptions.entry.ecc_fatal)
 *(.exceptions.entry)
 .exceptions.entry
                0x00000000040000b0       0x54 c:/Users/robin/OneDrive/Desktop/CST455/cst455-labs/Lab04/software/Lab04_bsp/\libhal_bsp.a(alt_exception_entry.o)
 *(.exceptions.irqtest.user)
 *(.exceptions.irqtest)
 .exceptions.irqtest
                0x0000000004000104        0x0 obj/default/FreeRTOS/portable/GCC/NiosII/port_asm.o
 .exceptions.irqtest
                0x0000000004000104       0x10 c:/Users/robin/OneDrive/Desktop/CST455/cst455-labs/Lab04/software/Lab04_bsp/\libhal_bsp.a(alt_irq_entry.o)
 *(.exceptions.irqhandler.user)
 *(.exceptions.irqhandler)
 .exceptions.irqhandler
                0x0000000004000114        0x4 c:/Users/robin/OneDrive/Desktop/CST455/cst455-labs/Lab04/software/Lab04_bsp/\libhal_bsp.a(alt_irq_entry.o)
 *(.exceptions.irqreturn.user)
 *(.exceptions.irqreturn)
 .exceptions.irqreturn
                0x0000000004000118        0x4 c:/Users/robin/OneDrive/Desktop/CST455/cst455-labs/Lab04/software/Lab04_bsp/\libhal_bsp.a(alt_irq_entry.o)
 *(.exceptions.notirq.label)
 .exceptions.notirq.label
                0x000000000400011c        0x0 c:/Users/robin/OneDrive/Desktop/CST455/cst455-labs/Lab04/software/Lab04_bsp/\libhal_bsp.a(alt_irq_entry.o)
 *(.exceptions.notirq.user)
 *(.exceptions.notirq)
 .exceptions.notirq
                0x000000000400011c        0x8 c:/Users/robin/OneDrive/Desktop/CST455/cst455-labs/Lab04/software/Lab04_bsp/\libhal_bsp.a(alt_exception_entry.o)
 *(.exceptions.soft.user)
 *(.exceptions.soft)
 .exceptions.soft
                0x0000000004000124       0x24 obj/default/FreeRTOS/portable/GCC/NiosII/port_asm.o
 *(.exceptions.unknown.user)
 .exceptions.unknown.user
                0x0000000004000148        0x0 obj/default/FreeRTOS/portable/GCC/NiosII/port_asm.o
 *(.exceptions.unknown)
 .exceptions.unknown
                0x0000000004000148       0x14 c:/Users/robin/OneDrive/Desktop/CST455/cst455-labs/Lab04/software/Lab04_bsp/\libhal_bsp.a(alt_exception_entry.o)
 *(.exceptions.exit.label)
 .exceptions.exit.label
                0x000000000400015c        0x0 c:/Users/robin/OneDrive/Desktop/CST455/cst455-labs/Lab04/software/Lab04_bsp/\libhal_bsp.a(alt_irq_entry.o)
 .exceptions.exit.label
                0x000000000400015c        0x0 c:/Users/robin/OneDrive/Desktop/CST455/cst455-labs/Lab04/software/Lab04_bsp/\libhal_bsp.a(alt_exception_entry.o)
 *(.exceptions.exit.user)
 .exceptions.exit.user
                0x000000000400015c       0x8c obj/default/FreeRTOS/portable/GCC/NiosII/port_asm.o
                0x000000000400015c                restore_sp_from_pxCurrentTCB
 *(.exceptions.exit)
 .exceptions.exit
                0x00000000040001e8       0x54 c:/Users/robin/OneDrive/Desktop/CST455/cst455-labs/Lab04/software/Lab04_bsp/\libhal_bsp.a(alt_exception_entry.o)
 *(.exceptions)
 .exceptions    0x000000000400023c       0xc8 c:/Users/robin/OneDrive/Desktop/CST455/cst455-labs/Lab04/software/Lab04_bsp/\libhal_bsp.a(alt_irq_handler.o)
                0x000000000400023c                alt_irq_handler
 .exceptions    0x0000000004000304       0x60 c:/Users/robin/OneDrive/Desktop/CST455/cst455-labs/Lab04/software/Lab04_bsp/\libhal_bsp.a(alt_instruction_exception_entry.o)
                0x0000000004000304                alt_instruction_exception_entry
                0x0000000004000364                PROVIDE (__ram_exceptions_end = ABSOLUTE (.))
                0x0000000004000020                PROVIDE (__flash_exceptions_start = LOADADDR (.exceptions))

.text           0x0000000004000364     0xc594
                [!provide]                        PROVIDE (stext = ABSOLUTE (.))
 *(.interp)
 *(.hash)
 *(.dynsym)
 *(.dynstr)
 *(.gnu.version)
 *(.gnu.version_d)
 *(.gnu.version_r)
 *(.rel.init)
 *(.rela.init)
 *(.rel.text .rel.text.* .rel.gnu.linkonce.t.*)
 *(.rela.text .rela.text.* .rela.gnu.linkonce.t.*)
 *(.rel.fini)
 *(.rela.fini)
 *(.rel.rodata .rel.rodata.* .rel.gnu.linkonce.r.*)
 *(.rela.rodata .rela.rodata.* .rela.gnu.linkonce.r.*)
 *(.rel.data .rel.data.* .rel.gnu.linkonce.d.*)
 *(.rela.data .rela.data.* .rela.gnu.linkonce.d.*)
 *(.rel.tdata .rel.tdata.* .rel.gnu.linkonce.td.*)
 *(.rela.tdata .rela.tdata.* .rela.gnu.linkonce.td.*)
 *(.rel.tbss .rel.tbss.* .rel.gnu.linkonce.tb.*)
 *(.rela.tbss .rela.tbss.* .rela.gnu.linkonce.tb.*)
 *(.rel.ctors)
 *(.rela.ctors)
 *(.rel.dtors)
 *(.rela.dtors)
 *(.rel.got)
 *(.rela.got)
 *(.rel.sdata .rel.sdata.* .rel.gnu.linkonce.s.*)
 *(.rela.sdata .rela.sdata.* .rela.gnu.linkonce.s.*)
 *(.rel.sbss .rel.sbss.* .rel.gnu.linkonce.sb.*)
 *(.rela.sbss .rela.sbss.* .rela.gnu.linkonce.sb.*)
 *(.rel.sdata2 .rel.sdata2.* .rel.gnu.linkonce.s2.*)
 *(.rela.sdata2 .rela.sdata2.* .rela.gnu.linkonce.s2.*)
 *(.rel.sbss2 .rel.sbss2.* .rel.gnu.linkonce.sb2.*)
 *(.rela.sbss2 .rela.sbss2.* .rela.gnu.linkonce.sb2.*)
 *(.rel.bss .rel.bss.* .rel.gnu.linkonce.b.*)
 *(.rela.bss .rela.bss.* .rela.gnu.linkonce.b.*)
 *(.rel.plt)
 *(.rela.plt)
 *(.rel.dyn)
 *(.init)
 *(.plt)
 *(.text .stub .text.* .gnu.linkonce.t.*)
 .text          0x0000000004000364       0x3c c:/Users/robin/OneDrive/Desktop/CST455/cst455-labs/Lab04/software/Lab04_bsp//obj/HAL/src/crt0.o
                0x0000000004000364                _start
 .text          0x00000000040003a0        0x0 obj/default/FreeRTOS/croutine.o
 .text          0x00000000040003a0      0x700 obj/default/FreeRTOS/event_groups.o
                0x00000000040003a0                xEventGroupCreate
                0x00000000040003f4                xEventGroupSync
                0x0000000004000578                xEventGroupWaitBits
                0x0000000004000720                xEventGroupClearBits
                0x0000000004000788                xEventGroupGetBitsFromISR
                0x00000000040007c4                xEventGroupSetBits
                0x0000000004000944                vEventGroupDelete
                0x00000000040009b8                vEventGroupSetBitsCallback
                0x00000000040009f4                vEventGroupClearBitsCallback
 .text          0x0000000004000aa0      0x290 obj/default/FreeRTOS/list.o
                0x0000000004000aa0                vListInitialise
                0x0000000004000b08                vListInitialiseItem
                0x0000000004000b34                vListInsertEnd
                0x0000000004000bc0                vListInsert
                0x0000000004000c98                uxListRemove
 .text          0x0000000004000d30      0x304 obj/default/FreeRTOS/portable/GCC/NiosII/port.o
                0x0000000004000d5c                pxPortInitialiseStack
                0x0000000004000e3c                xPortStartScheduler
                0x0000000004000e74                vPortEndScheduler
                0x0000000004000f24                vPortSysTickHandler
                0x0000000004000f68                _alt_ic_isr_register
 .text          0x0000000004001034      0x15c obj/default/FreeRTOS/portable/MemMang/heap_1.o
                0x0000000004001034                pvPortMalloc
                0x000000000400111c                vPortFree
                0x0000000004001140                vPortInitialiseBlocks
                0x0000000004001164                xPortGetFreeHeapSize
 .text          0x0000000004001190     0x16fc obj/default/FreeRTOS/queue.o
                0x0000000004001190                xQueueGenericReset
                0x00000000040013d0                xQueueGenericCreate
                0x0000000004001658                xQueueCreateMutex
                0x00000000040016b4                xQueueGiveMutexRecursive
                0x0000000004001744                xQueueTakeMutexRecursive
                0x00000000040017e0                xQueueCreateCountingSemaphore
                0x0000000004001850                xQueueGenericSend
                0x0000000004001a04                xQueueGenericSendFromISR
                0x0000000004001b0c                xQueueGiveFromISR
                0x0000000004001bfc                xQueueReceive
                0x0000000004001da4                xQueueSemaphoreTake
                0x0000000004001fb4                xQueuePeek
                0x0000000004002164                xQueueReceiveFromISR
                0x000000000400225c                xQueuePeekFromISR
                0x00000000040022d8                uxQueueMessagesWaiting
                0x0000000004002318                uxQueueSpacesAvailable
                0x000000000400236c                uxQueueMessagesWaitingFromISR
                0x00000000040023a4                vQueueDelete
                0x000000000400279c                xQueueIsQueueEmptyFromISR
                0x000000000400283c                xQueueIsQueueFullFromISR
 .text          0x000000000400288c      0xf20 obj/default/FreeRTOS/stream_buffer.o
                0x000000000400288c                xStreamBufferGenericCreate
                0x0000000004002960                vStreamBufferDelete
                0x00000000040029c4                xStreamBufferReset
                0x0000000004002a78                xStreamBufferSetTriggerLevel
                0x0000000004002ae4                xStreamBufferSpacesAvailable
                0x0000000004002b88                xStreamBufferBytesAvailable
                0x0000000004002bc8                xStreamBufferSend
                0x0000000004002d98                xStreamBufferSendFromISR
                0x0000000004002f5c                xStreamBufferReceive
                0x00000000040030bc                xStreamBufferNextMessageLengthBytes
                0x0000000004003154                xStreamBufferReceiveFromISR
                0x0000000004003314                xStreamBufferIsEmpty
                0x000000000400336c                xStreamBufferIsFull
                0x00000000040033e8                xStreamBufferSendCompletedFromISR
                0x0000000004003470                xStreamBufferReceiveCompletedFromISR
 .text          0x00000000040037ac     0x37cc obj/default/FreeRTOS/tasks.o
                0x00000000040037ac                xTaskCreate
                0x0000000004003c04                vTaskDelete
                0x0000000004003cf8                xTaskDelayUntil
                0x0000000004003de8                vTaskDelay
                0x0000000004003e44                uxTaskPriorityGet
                0x0000000004003e9c                uxTaskPriorityGetFromISR
                0x0000000004003ee8                vTaskPrioritySet
                0x0000000004004150                vTaskSuspend
                0x00000000040042e0                vTaskResume
                0x0000000004004468                xTaskResumeFromISR
                0x000000000400460c                vTaskStartScheduler
                0x00000000040046a0                vTaskEndScheduler
                0x00000000040046e8                vTaskSuspendAll
                0x0000000004004714                xTaskResumeAll
                0x00000000040049e8                xTaskGetTickCount
                0x0000000004004a10                xTaskGetTickCountFromISR
                0x0000000004004a3c                uxTaskGetNumberOfTasks
                0x0000000004004a5c                pcTaskGetName
                0x0000000004004a9c                xTaskCatchUpTicks
                0x0000000004004aec                xTaskIncrementTick
                0x0000000004004e28                vTaskSwitchContext
                0x0000000004004f18                vTaskPlaceOnEventList
                0x0000000004004f68                vTaskPlaceOnUnorderedEventList
                0x0000000004005024                xTaskRemoveFromEventList
                0x00000000040052f4                vTaskRemoveFromUnorderedEventList
                0x0000000004005544                vTaskSetTimeOutState
                0x0000000004005590                vTaskInternalSetTimeOutState
                0x00000000040055cc                xTaskCheckForTimeOut
                0x00000000040056b4                vTaskMissedYield
                0x000000000400589c                uxTaskGetStackHighWaterMark
                0x0000000004005988                xTaskGetCurrentTaskHandle
                0x00000000040059b0                xTaskPriorityInherit
                0x0000000004005bb8                xTaskPriorityDisinherit
                0x0000000004005d70                vTaskPriorityDisinheritAfterTimeout
                0x0000000004005f74                vTaskEnterCritical
                0x0000000004005fc8                vTaskExitCritical
                0x000000000400602c                uxTaskResetEventItemValue
                0x0000000004006070                pvTaskIncrementMutexHeldCount
                0x00000000040060a8                ulTaskGenericNotifyTake
                0x00000000040061ac                xTaskGenericNotifyWait
                0x0000000004006310                xTaskGenericNotify
                0x0000000004006658                xTaskGenericNotifyFromISR
                0x0000000004006a30                vTaskGenericNotifyGiveFromISR
                0x0000000004006cfc                xTaskGenericNotifyStateClear
                0x0000000004006d88                ulTaskGenericNotifyValueClear
 .text          0x0000000004006f78        0x0 obj/default/FreeRTOS/timers.o
 .text          0x0000000004006f78      0x43c obj/default/main.o
                0x0000000004006f78                main
                0x0000000004007004                taskReadPBs
                0x0000000004007064                taskLEDControl
 .text          0x00000000040073b4        0x0 obj/default/FreeRTOS/portable/GCC/NiosII/port_asm.o
 .text          0x00000000040073b4       0x28 c:/intelfpga_lite/22.1std/nios2eds/bin/gnu/h-x86_64-mingw32/bin/../lib/gcc/nios2-elf/12.2.1/mno-hw-mul\libgcc.a(lib2-mul.o)
                0x00000000040073b4                __mulsi3
 .text          0x00000000040073dc        0x0 c:/intelfpga_lite/22.1std/nios2eds/bin/gnu/h-x86_64-mingw32/bin/../lib/gcc/nios2-elf/12.2.1/../../../../../H-x86_64-mingw32/nios2-elf/lib/mno-hw-mul\libc.a(lib_a-memcpy.o)
 .text.memcpy   0x00000000040073dc      0x100 c:/intelfpga_lite/22.1std/nios2eds/bin/gnu/h-x86_64-mingw32/bin/../lib/gcc/nios2-elf/12.2.1/../../../../../H-x86_64-mingw32/nios2-elf/lib/mno-hw-mul\libc.a(lib_a-memcpy.o)
                0x00000000040073dc                memcpy
 .text          0x00000000040074dc        0x0 c:/intelfpga_lite/22.1std/nios2eds/bin/gnu/h-x86_64-mingw32/bin/../lib/gcc/nios2-elf/12.2.1/../../../../../H-x86_64-mingw32/nios2-elf/lib/mno-hw-mul\libc.a(lib_a-memset.o)
 .text.memset   0x00000000040074dc      0x140 c:/intelfpga_lite/22.1std/nios2eds/bin/gnu/h-x86_64-mingw32/bin/../lib/gcc/nios2-elf/12.2.1/../../../../../H-x86_64-mingw32/nios2-elf/lib/mno-hw-mul\libc.a(lib_a-memset.o)
                0x00000000040074dc                memset
 .text          0x000000000400761c        0x0 c:/intelfpga_lite/22.1std/nios2eds/bin/gnu/h-x86_64-mingw32/bin/../lib/gcc/nios2-elf/12.2.1/../../../../../H-x86_64-mingw32/nios2-elf/lib/mno-hw-mul\libc.a(lib_a-puts.o)
 .text._puts_r  0x000000000400761c       0xd0 c:/intelfpga_lite/22.1std/nios2eds/bin/gnu/h-x86_64-mingw32/bin/../lib/gcc/nios2-elf/12.2.1/../../../../../H-x86_64-mingw32/nios2-elf/lib/mno-hw-mul\libc.a(lib_a-puts.o)
                0x000000000400761c                _puts_r
 .text.puts     0x00000000040076ec       0x10 c:/intelfpga_lite/22.1std/nios2eds/bin/gnu/h-x86_64-mingw32/bin/../lib/gcc/nios2-elf/12.2.1/../../../../../H-x86_64-mingw32/nios2-elf/lib/mno-hw-mul\libc.a(lib_a-puts.o)
                0x00000000040076ec                puts
 .text          0x00000000040076fc        0x0 c:/intelfpga_lite/22.1std/nios2eds/bin/gnu/h-x86_64-mingw32/bin/../lib/gcc/nios2-elf/12.2.1/../../../../../H-x86_64-mingw32/nios2-elf/lib/mno-hw-mul\libc.a(lib_a-strlen.o)
 .text.strlen   0x00000000040076fc       0x98 c:/intelfpga_lite/22.1std/nios2eds/bin/gnu/h-x86_64-mingw32/bin/../lib/gcc/nios2-elf/12.2.1/../../../../../H-x86_64-mingw32/nios2-elf/lib/mno-hw-mul\libc.a(lib_a-strlen.o)
                0x00000000040076fc                strlen
 .text          0x0000000004007794        0x0 c:/intelfpga_lite/22.1std/nios2eds/bin/gnu/h-x86_64-mingw32/bin/../lib/gcc/nios2-elf/12.2.1/../../../../../H-x86_64-mingw32/nios2-elf/lib/mno-hw-mul\libc.a(lib_a-findfp.o)
 .text.__fp_lock
                0x0000000004007794        0x8 c:/intelfpga_lite/22.1std/nios2eds/bin/gnu/h-x86_64-mingw32/bin/../lib/gcc/nios2-elf/12.2.1/../../../../../H-x86_64-mingw32/nios2-elf/lib/mno-hw-mul\libc.a(lib_a-findfp.o)
 .text._cleanup_r
                0x000000000400779c        0xc c:/intelfpga_lite/22.1std/nios2eds/bin/gnu/h-x86_64-mingw32/bin/../lib/gcc/nios2-elf/12.2.1/../../../../../H-x86_64-mingw32/nios2-elf/lib/mno-hw-mul\libc.a(lib_a-findfp.o)
                0x000000000400779c                _cleanup_r
 .text.__fp_unlock
                0x00000000040077a8        0x8 c:/intelfpga_lite/22.1std/nios2eds/bin/gnu/h-x86_64-mingw32/bin/../lib/gcc/nios2-elf/12.2.1/../../../../../H-x86_64-mingw32/nios2-elf/lib/mno-hw-mul\libc.a(lib_a-findfp.o)
 .text.__sinit.part.0
                0x00000000040077b0      0x168 c:/intelfpga_lite/22.1std/nios2eds/bin/gnu/h-x86_64-mingw32/bin/../lib/gcc/nios2-elf/12.2.1/../../../../../H-x86_64-mingw32/nios2-elf/lib/mno-hw-mul\libc.a(lib_a-findfp.o)
 .text.__sfmoreglue
                0x0000000004007918       0x78 c:/intelfpga_lite/22.1std/nios2eds/bin/gnu/h-x86_64-mingw32/bin/../lib/gcc/nios2-elf/12.2.1/../../../../../H-x86_64-mingw32/nios2-elf/lib/mno-hw-mul\libc.a(lib_a-findfp.o)
                0x0000000004007918                __sfmoreglue
 .text.__sfp    0x0000000004007990      0x134 c:/intelfpga_lite/22.1std/nios2eds/bin/gnu/h-x86_64-mingw32/bin/../lib/gcc/nios2-elf/12.2.1/../../../../../H-x86_64-mingw32/nios2-elf/lib/mno-hw-mul\libc.a(lib_a-findfp.o)
                0x0000000004007990                __sfp
 .text._cleanup
                0x0000000004007ac4       0x14 c:/intelfpga_lite/22.1std/nios2eds/bin/gnu/h-x86_64-mingw32/bin/../lib/gcc/nios2-elf/12.2.1/../../../../../H-x86_64-mingw32/nios2-elf/lib/mno-hw-mul\libc.a(lib_a-findfp.o)
                0x0000000004007ac4                _cleanup
 .text.__sinit  0x0000000004007ad8       0x10 c:/intelfpga_lite/22.1std/nios2eds/bin/gnu/h-x86_64-mingw32/bin/../lib/gcc/nios2-elf/12.2.1/../../../../../H-x86_64-mingw32/nios2-elf/lib/mno-hw-mul\libc.a(lib_a-findfp.o)
                0x0000000004007ad8                __sinit
 .text.__sfp_lock_acquire
                0x0000000004007ae8        0x4 c:/intelfpga_lite/22.1std/nios2eds/bin/gnu/h-x86_64-mingw32/bin/../lib/gcc/nios2-elf/12.2.1/../../../../../H-x86_64-mingw32/nios2-elf/lib/mno-hw-mul\libc.a(lib_a-findfp.o)
                0x0000000004007ae8                __sfp_lock_acquire
 .text.__sfp_lock_release
                0x0000000004007aec        0x4 c:/intelfpga_lite/22.1std/nios2eds/bin/gnu/h-x86_64-mingw32/bin/../lib/gcc/nios2-elf/12.2.1/../../../../../H-x86_64-mingw32/nios2-elf/lib/mno-hw-mul\libc.a(lib_a-findfp.o)
                0x0000000004007aec                __sfp_lock_release
 .text.__sinit_lock_acquire
                0x0000000004007af0        0x4 c:/intelfpga_lite/22.1std/nios2eds/bin/gnu/h-x86_64-mingw32/bin/../lib/gcc/nios2-elf/12.2.1/../../../../../H-x86_64-mingw32/nios2-elf/lib/mno-hw-mul\libc.a(lib_a-findfp.o)
                0x0000000004007af0                __sinit_lock_acquire
 .text.__sinit_lock_release
                0x0000000004007af4        0x4 c:/intelfpga_lite/22.1std/nios2eds/bin/gnu/h-x86_64-mingw32/bin/../lib/gcc/nios2-elf/12.2.1/../../../../../H-x86_64-mingw32/nios2-elf/lib/mno-hw-mul\libc.a(lib_a-findfp.o)
                0x0000000004007af4                __sinit_lock_release
 .text.__fp_lock_all
                0x0000000004007af8       0x14 c:/intelfpga_lite/22.1std/nios2eds/bin/gnu/h-x86_64-mingw32/bin/../lib/gcc/nios2-elf/12.2.1/../../../../../H-x86_64-mingw32/nios2-elf/lib/mno-hw-mul\libc.a(lib_a-findfp.o)
                0x0000000004007af8                __fp_lock_all
 .text.__fp_unlock_all
                0x0000000004007b0c       0x14 c:/intelfpga_lite/22.1std/nios2eds/bin/gnu/h-x86_64-mingw32/bin/../lib/gcc/nios2-elf/12.2.1/../../../../../H-x86_64-mingw32/nios2-elf/lib/mno-hw-mul\libc.a(lib_a-findfp.o)
                0x0000000004007b0c                __fp_unlock_all
 .text          0x0000000004007b20        0x0 c:/intelfpga_lite/22.1std/nios2eds/bin/gnu/h-x86_64-mingw32/bin/../lib/gcc/nios2-elf/12.2.1/../../../../../H-x86_64-mingw32/nios2-elf/lib/mno-hw-mul\libc.a(lib_a-fvwrite.o)
 .text.__sfvwrite_r
                0x0000000004007b20      0x4a8 c:/intelfpga_lite/22.1std/nios2eds/bin/gnu/h-x86_64-mingw32/bin/../lib/gcc/nios2-elf/12.2.1/../../../../../H-x86_64-mingw32/nios2-elf/lib/mno-hw-mul\libc.a(lib_a-fvwrite.o)
                0x0000000004007b20                __sfvwrite_r
 .text          0x0000000004007fc8        0x0 c:/intelfpga_lite/22.1std/nios2eds/bin/gnu/h-x86_64-mingw32/bin/../lib/gcc/nios2-elf/12.2.1/../../../../../H-x86_64-mingw32/nios2-elf/lib/mno-hw-mul\libc.a(lib_a-fwalk.o)
 .text._fwalk   0x0000000004007fc8       0x98 c:/intelfpga_lite/22.1std/nios2eds/bin/gnu/h-x86_64-mingw32/bin/../lib/gcc/nios2-elf/12.2.1/../../../../../H-x86_64-mingw32/nios2-elf/lib/mno-hw-mul\libc.a(lib_a-fwalk.o)
                0x0000000004007fc8                _fwalk
 .text._fwalk_reent
                0x0000000004008060       0xa8 c:/intelfpga_lite/22.1std/nios2eds/bin/gnu/h-x86_64-mingw32/bin/../lib/gcc/nios2-elf/12.2.1/../../../../../H-x86_64-mingw32/nios2-elf/lib/mno-hw-mul\libc.a(lib_a-fwalk.o)
                0x0000000004008060                _fwalk_reent
 .text          0x0000000004008108        0x0 c:/intelfpga_lite/22.1std/nios2eds/bin/gnu/h-x86_64-mingw32/bin/../lib/gcc/nios2-elf/12.2.1/../../../../../H-x86_64-mingw32/nios2-elf/lib/mno-hw-mul\libc.a(lib_a-impure.o)
 .text          0x0000000004008108        0x0 c:/intelfpga_lite/22.1std/nios2eds/bin/gnu/h-x86_64-mingw32/bin/../lib/gcc/nios2-elf/12.2.1/../../../../../H-x86_64-mingw32/nios2-elf/lib/mno-hw-mul\libc.a(lib_a-mallocr.o)
 .text._malloc_r
                0x0000000004008108      0x7b4 c:/intelfpga_lite/22.1std/nios2eds/bin/gnu/h-x86_64-mingw32/bin/../lib/gcc/nios2-elf/12.2.1/../../../../../H-x86_64-mingw32/nios2-elf/lib/mno-hw-mul\libc.a(lib_a-mallocr.o)
                0x0000000004008108                _malloc_r
 .text          0x00000000040088bc        0x0 c:/intelfpga_lite/22.1std/nios2eds/bin/gnu/h-x86_64-mingw32/bin/../lib/gcc/nios2-elf/12.2.1/../../../../../H-x86_64-mingw32/nios2-elf/lib/mno-hw-mul\libc.a(lib_a-memchr.o)
 .text.memchr   0x00000000040088bc       0xfc c:/intelfpga_lite/22.1std/nios2eds/bin/gnu/h-x86_64-mingw32/bin/../lib/gcc/nios2-elf/12.2.1/../../../../../H-x86_64-mingw32/nios2-elf/lib/mno-hw-mul\libc.a(lib_a-memchr.o)
                0x00000000040088bc                memchr
 .text          0x00000000040089b8        0x0 c:/intelfpga_lite/22.1std/nios2eds/bin/gnu/h-x86_64-mingw32/bin/../lib/gcc/nios2-elf/12.2.1/../../../../../H-x86_64-mingw32/nios2-elf/lib/mno-hw-mul\libc.a(lib_a-memmove.o)
 .text.memmove  0x00000000040089b8      0x128 c:/intelfpga_lite/22.1std/nios2eds/bin/gnu/h-x86_64-mingw32/bin/../lib/gcc/nios2-elf/12.2.1/../../../../../H-x86_64-mingw32/nios2-elf/lib/mno-hw-mul\libc.a(lib_a-memmove.o)
                0x00000000040089b8                memmove
 .text          0x0000000004008ae0        0x0 c:/intelfpga_lite/22.1std/nios2eds/bin/gnu/h-x86_64-mingw32/bin/../lib/gcc/nios2-elf/12.2.1/../../../../../H-x86_64-mingw32/nios2-elf/lib/mno-hw-mul\libc.a(lib_a-reallocr.o)
 .text._realloc_r
                0x0000000004008ae0      0x5f4 c:/intelfpga_lite/22.1std/nios2eds/bin/gnu/h-x86_64-mingw32/bin/../lib/gcc/nios2-elf/12.2.1/../../../../../H-x86_64-mingw32/nios2-elf/lib/mno-hw-mul\libc.a(lib_a-reallocr.o)
                0x0000000004008ae0                _realloc_r
 .text          0x00000000040090d4        0x0 c:/intelfpga_lite/22.1std/nios2eds/bin/gnu/h-x86_64-mingw32/bin/../lib/gcc/nios2-elf/12.2.1/../../../../../H-x86_64-mingw32/nios2-elf/lib/mno-hw-mul\libc.a(lib_a-sbrkr.o)
 .text._sbrk_r  0x00000000040090d4       0x58 c:/intelfpga_lite/22.1std/nios2eds/bin/gnu/h-x86_64-mingw32/bin/../lib/gcc/nios2-elf/12.2.1/../../../../../H-x86_64-mingw32/nios2-elf/lib/mno-hw-mul\libc.a(lib_a-sbrkr.o)
                0x00000000040090d4                _sbrk_r
 .text          0x000000000400912c        0x0 c:/intelfpga_lite/22.1std/nios2eds/bin/gnu/h-x86_64-mingw32/bin/../lib/gcc/nios2-elf/12.2.1/../../../../../H-x86_64-mingw32/nios2-elf/lib/mno-hw-mul\libc.a(lib_a-stdio.o)
 .text.__sread  0x000000000400912c       0x54 c:/intelfpga_lite/22.1std/nios2eds/bin/gnu/h-x86_64-mingw32/bin/../lib/gcc/nios2-elf/12.2.1/../../../../../H-x86_64-mingw32/nios2-elf/lib/mno-hw-mul\libc.a(lib_a-stdio.o)
                0x000000000400912c                __sread
 .text.__seofread
                0x0000000004009180        0x8 c:/intelfpga_lite/22.1std/nios2eds/bin/gnu/h-x86_64-mingw32/bin/../lib/gcc/nios2-elf/12.2.1/../../../../../H-x86_64-mingw32/nios2-elf/lib/mno-hw-mul\libc.a(lib_a-stdio.o)
                0x0000000004009180                __seofread
 .text.__swrite
                0x0000000004009188       0x80 c:/intelfpga_lite/22.1std/nios2eds/bin/gnu/h-x86_64-mingw32/bin/../lib/gcc/nios2-elf/12.2.1/../../../../../H-x86_64-mingw32/nios2-elf/lib/mno-hw-mul\libc.a(lib_a-stdio.o)
                0x0000000004009188                __swrite
 .text.__sseek  0x0000000004009208       0x5c c:/intelfpga_lite/22.1std/nios2eds/bin/gnu/h-x86_64-mingw32/bin/../lib/gcc/nios2-elf/12.2.1/../../../../../H-x86_64-mingw32/nios2-elf/lib/mno-hw-mul\libc.a(lib_a-stdio.o)
                0x0000000004009208                __sseek
 .text.__sclose
                0x0000000004009264        0x8 c:/intelfpga_lite/22.1std/nios2eds/bin/gnu/h-x86_64-mingw32/bin/../lib/gcc/nios2-elf/12.2.1/../../../../../H-x86_64-mingw32/nios2-elf/lib/mno-hw-mul\libc.a(lib_a-stdio.o)
                0x0000000004009264                __sclose
 .text          0x000000000400926c        0x0 c:/intelfpga_lite/22.1std/nios2eds/bin/gnu/h-x86_64-mingw32/bin/../lib/gcc/nios2-elf/12.2.1/../../../../../H-x86_64-mingw32/nios2-elf/lib/mno-hw-mul\libc.a(lib_a-writer.o)
 .text._write_r
                0x000000000400926c       0x64 c:/intelfpga_lite/22.1std/nios2eds/bin/gnu/h-x86_64-mingw32/bin/../lib/gcc/nios2-elf/12.2.1/../../../../../H-x86_64-mingw32/nios2-elf/lib/mno-hw-mul\libc.a(lib_a-writer.o)
                0x000000000400926c                _write_r
 .text          0x00000000040092d0        0x0 c:/intelfpga_lite/22.1std/nios2eds/bin/gnu/h-x86_64-mingw32/bin/../lib/gcc/nios2-elf/12.2.1/../../../../../H-x86_64-mingw32/nios2-elf/lib/mno-hw-mul\libc.a(lib_a-wsetup.o)
 .text.__swsetup_r
                0x00000000040092d0      0x14c c:/intelfpga_lite/22.1std/nios2eds/bin/gnu/h-x86_64-mingw32/bin/../lib/gcc/nios2-elf/12.2.1/../../../../../H-x86_64-mingw32/nios2-elf/lib/mno-hw-mul\libc.a(lib_a-wsetup.o)
                0x00000000040092d0                __swsetup_r
 .text          0x000000000400941c        0x0 c:/intelfpga_lite/22.1std/nios2eds/bin/gnu/h-x86_64-mingw32/bin/../lib/gcc/nios2-elf/12.2.1/../../../../../H-x86_64-mingw32/nios2-elf/lib/mno-hw-mul\libc.a(closer.o)
 .text._close_r
                0x000000000400941c       0x58 c:/intelfpga_lite/22.1std/nios2eds/bin/gnu/h-x86_64-mingw32/bin/../lib/gcc/nios2-elf/12.2.1/../../../../../H-x86_64-mingw32/nios2-elf/lib/mno-hw-mul\libc.a(closer.o)
                0x000000000400941c                _close_r
 .text          0x0000000004009474        0x0 c:/intelfpga_lite/22.1std/nios2eds/bin/gnu/h-x86_64-mingw32/bin/../lib/gcc/nios2-elf/12.2.1/../../../../../H-x86_64-mingw32/nios2-elf/lib/mno-hw-mul\libc.a(lib_a-fclose.o)
 .text._fclose_r
                0x0000000004009474       0xf8 c:/intelfpga_lite/22.1std/nios2eds/bin/gnu/h-x86_64-mingw32/bin/../lib/gcc/nios2-elf/12.2.1/../../../../../H-x86_64-mingw32/nios2-elf/lib/mno-hw-mul\libc.a(lib_a-fclose.o)
                0x0000000004009474                _fclose_r
 .text.fclose   0x000000000400956c       0x10 c:/intelfpga_lite/22.1std/nios2eds/bin/gnu/h-x86_64-mingw32/bin/../lib/gcc/nios2-elf/12.2.1/../../../../../H-x86_64-mingw32/nios2-elf/lib/mno-hw-mul\libc.a(lib_a-fclose.o)
                0x000000000400956c                fclose
 .text          0x000000000400957c        0x0 c:/intelfpga_lite/22.1std/nios2eds/bin/gnu/h-x86_64-mingw32/bin/../lib/gcc/nios2-elf/12.2.1/../../../../../H-x86_64-mingw32/nios2-elf/lib/mno-hw-mul\libc.a(lib_a-fflush.o)
 .text.__sflush_r
                0x000000000400957c      0x208 c:/intelfpga_lite/22.1std/nios2eds/bin/gnu/h-x86_64-mingw32/bin/../lib/gcc/nios2-elf/12.2.1/../../../../../H-x86_64-mingw32/nios2-elf/lib/mno-hw-mul\libc.a(lib_a-fflush.o)
                0x000000000400957c                __sflush_r
 .text._fflush_r
                0x0000000004009784       0x60 c:/intelfpga_lite/22.1std/nios2eds/bin/gnu/h-x86_64-mingw32/bin/../lib/gcc/nios2-elf/12.2.1/../../../../../H-x86_64-mingw32/nios2-elf/lib/mno-hw-mul\libc.a(lib_a-fflush.o)
                0x0000000004009784                _fflush_r
 .text.fflush   0x00000000040097e4       0x84 c:/intelfpga_lite/22.1std/nios2eds/bin/gnu/h-x86_64-mingw32/bin/../lib/gcc/nios2-elf/12.2.1/../../../../../H-x86_64-mingw32/nios2-elf/lib/mno-hw-mul\libc.a(lib_a-fflush.o)
                0x00000000040097e4                fflush
 .text          0x0000000004009868        0x0 c:/intelfpga_lite/22.1std/nios2eds/bin/gnu/h-x86_64-mingw32/bin/../lib/gcc/nios2-elf/12.2.1/../../../../../H-x86_64-mingw32/nios2-elf/lib/mno-hw-mul\libc.a(lib_a-freer.o)
 .text._malloc_trim_r
                0x0000000004009868      0x124 c:/intelfpga_lite/22.1std/nios2eds/bin/gnu/h-x86_64-mingw32/bin/../lib/gcc/nios2-elf/12.2.1/../../../../../H-x86_64-mingw32/nios2-elf/lib/mno-hw-mul\libc.a(lib_a-freer.o)
                0x0000000004009868                _malloc_trim_r
 .text._free_r  0x000000000400998c      0x308 c:/intelfpga_lite/22.1std/nios2eds/bin/gnu/h-x86_64-mingw32/bin/../lib/gcc/nios2-elf/12.2.1/../../../../../H-x86_64-mingw32/nios2-elf/lib/mno-hw-mul\libc.a(lib_a-freer.o)
                0x000000000400998c                _free_r
 .text          0x0000000004009c94        0x0 c:/intelfpga_lite/22.1std/nios2eds/bin/gnu/h-x86_64-mingw32/bin/../lib/gcc/nios2-elf/12.2.1/../../../../../H-x86_64-mingw32/nios2-elf/lib/mno-hw-mul\libc.a(lib_a-int_errno.o)
 .text          0x0000000004009c94        0x0 c:/intelfpga_lite/22.1std/nios2eds/bin/gnu/h-x86_64-mingw32/bin/../lib/gcc/nios2-elf/12.2.1/../../../../../H-x86_64-mingw32/nios2-elf/lib/mno-hw-mul\libc.a(lib_a-lseekr.o)
 .text._lseek_r
                0x0000000004009c94       0x64 c:/intelfpga_lite/22.1std/nios2eds/bin/gnu/h-x86_64-mingw32/bin/../lib/gcc/nios2-elf/12.2.1/../../../../../H-x86_64-mingw32/nios2-elf/lib/mno-hw-mul\libc.a(lib_a-lseekr.o)
                0x0000000004009c94                _lseek_r
 .text          0x0000000004009cf8        0x0 c:/intelfpga_lite/22.1std/nios2eds/bin/gnu/h-x86_64-mingw32/bin/../lib/gcc/nios2-elf/12.2.1/../../../../../H-x86_64-mingw32/nios2-elf/lib/mno-hw-mul\libc.a(lib_a-makebuf.o)
 .text.__smakebuf_r
                0x0000000004009cf8      0x1a0 c:/intelfpga_lite/22.1std/nios2eds/bin/gnu/h-x86_64-mingw32/bin/../lib/gcc/nios2-elf/12.2.1/../../../../../H-x86_64-mingw32/nios2-elf/lib/mno-hw-mul\libc.a(lib_a-makebuf.o)
                0x0000000004009cf8                __smakebuf_r
 .text.__swhatbuf_r
                0x0000000004009e98       0x8c c:/intelfpga_lite/22.1std/nios2eds/bin/gnu/h-x86_64-mingw32/bin/../lib/gcc/nios2-elf/12.2.1/../../../../../H-x86_64-mingw32/nios2-elf/lib/mno-hw-mul\libc.a(lib_a-makebuf.o)
                0x0000000004009e98                __swhatbuf_r
 .text          0x0000000004009f24        0x0 c:/intelfpga_lite/22.1std/nios2eds/bin/gnu/h-x86_64-mingw32/bin/../lib/gcc/nios2-elf/12.2.1/../../../../../H-x86_64-mingw32/nios2-elf/lib/mno-hw-mul\libc.a(lib_a-readr.o)
 .text._read_r  0x0000000004009f24       0x64 c:/intelfpga_lite/22.1std/nios2eds/bin/gnu/h-x86_64-mingw32/bin/../lib/gcc/nios2-elf/12.2.1/../../../../../H-x86_64-mingw32/nios2-elf/lib/mno-hw-mul\libc.a(lib_a-readr.o)
                0x0000000004009f24                _read_r
 .text          0x0000000004009f88        0x0 c:/intelfpga_lite/22.1std/nios2eds/bin/gnu/h-x86_64-mingw32/bin/../lib/gcc/nios2-elf/12.2.1/../../../../../H-x86_64-mingw32/nios2-elf/lib/mno-hw-mul\libc.a(lib_a-fstatr.o)
 .text._fstat_r
                0x0000000004009f88       0x60 c:/intelfpga_lite/22.1std/nios2eds/bin/gnu/h-x86_64-mingw32/bin/../lib/gcc/nios2-elf/12.2.1/../../../../../H-x86_64-mingw32/nios2-elf/lib/mno-hw-mul\libc.a(lib_a-fstatr.o)
                0x0000000004009f88                _fstat_r
 .text          0x0000000004009fe8        0x0 c:/intelfpga_lite/22.1std/nios2eds/bin/gnu/h-x86_64-mingw32/bin/../lib/gcc/nios2-elf/12.2.1/../../../../../H-x86_64-mingw32/nios2-elf/lib/mno-hw-mul\libc.a(lib_a-isattyr.o)
 .text._isatty_r
                0x0000000004009fe8       0x58 c:/intelfpga_lite/22.1std/nios2eds/bin/gnu/h-x86_64-mingw32/bin/../lib/gcc/nios2-elf/12.2.1/../../../../../H-x86_64-mingw32/nios2-elf/lib/mno-hw-mul\libc.a(lib_a-isattyr.o)
                0x0000000004009fe8                _isatty_r
 .text          0x000000000400a040      0x1b4 c:/intelfpga_lite/22.1std/nios2eds/bin/gnu/h-x86_64-mingw32/bin/../lib/gcc/nios2-elf/12.2.1/mno-hw-mul\libgcc.a(lib2-divmod.o)
                0x000000000400a040                __divsi3
                0x000000000400a0c0                __modsi3
                0x000000000400a134                __udivsi3
                0x000000000400a198                __umodsi3
 .text          0x000000000400a1f4      0x118 c:/Users/robin/OneDrive/Desktop/CST455/cst455-labs/Lab04/software/Lab04_bsp/\libhal_bsp.a(alt_close.o)
                0x000000000400a230                close
 .text          0x000000000400a30c       0x2c c:/Users/robin/OneDrive/Desktop/CST455/cst455-labs/Lab04/software/Lab04_bsp/\libhal_bsp.a(alt_dev.o)
 .text          0x000000000400a338        0x0 c:/Users/robin/OneDrive/Desktop/CST455/cst455-labs/Lab04/software/Lab04_bsp/\libhal_bsp.a(alt_errno.o)
 .text          0x000000000400a338       0xf8 c:/Users/robin/OneDrive/Desktop/CST455/cst455-labs/Lab04/software/Lab04_bsp/\libhal_bsp.a(alt_fstat.o)
                0x000000000400a374                fstat
 .text          0x000000000400a430      0x1b0 c:/Users/robin/OneDrive/Desktop/CST455/cst455-labs/Lab04/software/Lab04_bsp/\libhal_bsp.a(alt_iic.o)
                0x000000000400a430                alt_ic_isr_register
                0x000000000400a480                alt_ic_irq_enable
                0x000000000400a508                alt_ic_irq_disable
                0x000000000400a594                alt_ic_irq_enabled
 .text          0x000000000400a5e0       0xe8 c:/Users/robin/OneDrive/Desktop/CST455/cst455-labs/Lab04/software/Lab04_bsp/\libhal_bsp.a(alt_iic_isr_register.o)
                0x000000000400a5e0                alt_iic_isr_register
 .text          0x000000000400a6c8        0x0 c:/Users/robin/OneDrive/Desktop/CST455/cst455-labs/Lab04/software/Lab04_bsp/\libhal_bsp.a(alt_irq_entry.o)
 .text          0x000000000400a6c8        0x0 c:/Users/robin/OneDrive/Desktop/CST455/cst455-labs/Lab04/software/Lab04_bsp/\libhal_bsp.a(alt_irq_handler.o)
 .text          0x000000000400a6c8        0x0 c:/Users/robin/OneDrive/Desktop/CST455/cst455-labs/Lab04/software/Lab04_bsp/\libhal_bsp.a(alt_irq_vars.o)
 .text          0x000000000400a6c8       0xec c:/Users/robin/OneDrive/Desktop/CST455/cst455-labs/Lab04/software/Lab04_bsp/\libhal_bsp.a(alt_isatty.o)
                0x000000000400a704                isatty
 .text          0x000000000400a7b4       0xec c:/Users/robin/OneDrive/Desktop/CST455/cst455-labs/Lab04/software/Lab04_bsp/\libhal_bsp.a(alt_load.o)
                0x000000000400a81c                alt_load
 .text          0x000000000400a8a0      0x11c c:/Users/robin/OneDrive/Desktop/CST455/cst455-labs/Lab04/software/Lab04_bsp/\libhal_bsp.a(alt_lseek.o)
                0x000000000400a8dc                lseek
 .text          0x000000000400a9bc       0x7c c:/Users/robin/OneDrive/Desktop/CST455/cst455-labs/Lab04/software/Lab04_bsp/\libhal_bsp.a(alt_main.o)
                0x000000000400a9bc                alt_main
 .text          0x000000000400aa38       0x48 c:/Users/robin/OneDrive/Desktop/CST455/cst455-labs/Lab04/software/Lab04_bsp/\libhal_bsp.a(alt_malloc_lock.o)
                0x000000000400aa38                __malloc_lock
                0x000000000400aa5c                __malloc_unlock
 .text          0x000000000400aa80      0x144 c:/Users/robin/OneDrive/Desktop/CST455/cst455-labs/Lab04/software/Lab04_bsp/\libhal_bsp.a(alt_read.o)
                0x000000000400aabc                read
 .text          0x000000000400abc4       0x70 c:/Users/robin/OneDrive/Desktop/CST455/cst455-labs/Lab04/software/Lab04_bsp/\libhal_bsp.a(alt_release_fd.o)
                0x000000000400abc4                alt_release_fd
 .text          0x000000000400ac34       0xb8 c:/Users/robin/OneDrive/Desktop/CST455/cst455-labs/Lab04/software/Lab04_bsp/\libhal_bsp.a(alt_sbrk.o)
                0x000000000400ac34                sbrk
 .text          0x000000000400acec      0x140 c:/Users/robin/OneDrive/Desktop/CST455/cst455-labs/Lab04/software/Lab04_bsp/\libhal_bsp.a(alt_write.o)
                0x000000000400ad28                write
 .text          0x000000000400ae2c       0xd0 c:/Users/robin/OneDrive/Desktop/CST455/cst455-labs/Lab04/software/Lab04_bsp/\libhal_bsp.a(alt_sys_init.o)
                0x000000000400ae60                alt_irq_init
                0x000000000400ae9c                alt_sys_init
 .text          0x000000000400aefc      0x164 c:/Users/robin/OneDrive/Desktop/CST455/cst455-labs/Lab04/software/Lab04_bsp/\libhal_bsp.a(altera_avalon_jtag_uart_fd.o)
                0x000000000400aefc                altera_avalon_jtag_uart_read_fd
                0x000000000400af5c                altera_avalon_jtag_uart_write_fd
                0x000000000400afbc                altera_avalon_jtag_uart_close_fd
                0x000000000400b00c                altera_avalon_jtag_uart_ioctl_fd
 .text          0x000000000400b060      0x3e4 c:/Users/robin/OneDrive/Desktop/CST455/cst455-labs/Lab04/software/Lab04_bsp/\libhal_bsp.a(altera_avalon_jtag_uart_init.o)
                0x000000000400b060                altera_avalon_jtag_uart_init
                0x000000000400b3dc                altera_avalon_jtag_uart_close
 .text          0x000000000400b444       0xf4 c:/Users/robin/OneDrive/Desktop/CST455/cst455-labs/Lab04/software/Lab04_bsp/\libhal_bsp.a(altera_avalon_jtag_uart_ioctl.o)
                0x000000000400b444                altera_avalon_jtag_uart_ioctl
 .text          0x000000000400b538      0x220 c:/Users/robin/OneDrive/Desktop/CST455/cst455-labs/Lab04/software/Lab04_bsp/\libhal_bsp.a(altera_avalon_jtag_uart_read.o)
                0x000000000400b538                altera_avalon_jtag_uart_read
 .text          0x000000000400b758      0x228 c:/Users/robin/OneDrive/Desktop/CST455/cst455-labs/Lab04/software/Lab04_bsp/\libhal_bsp.a(altera_avalon_jtag_uart_write.o)
                0x000000000400b758                altera_avalon_jtag_uart_write
 .text          0x000000000400b980      0x100 c:/Users/robin/OneDrive/Desktop/CST455/cst455-labs/Lab04/software/Lab04_bsp/\libhal_bsp.a(altera_avalon_timer_sc.o)
                0x000000000400b9fc                alt_avalon_timer_sc_init
 .text          0x000000000400ba80      0x160 c:/Users/robin/OneDrive/Desktop/CST455/cst455-labs/Lab04/software/Lab04_bsp/\libhal_bsp.a(alt_alarm_start.o)
                0x000000000400ba80                alt_alarm_start
 .text          0x000000000400bbe0       0x20 c:/Users/robin/OneDrive/Desktop/CST455/cst455-labs/Lab04/software/Lab04_bsp/\libhal_bsp.a(alt_dcache_flush_all.o)
                0x000000000400bbe0                alt_dcache_flush_all
 .text          0x000000000400bc00       0xe4 c:/Users/robin/OneDrive/Desktop/CST455/cst455-labs/Lab04/software/Lab04_bsp/\libhal_bsp.a(alt_dev_llist_insert.o)
                0x000000000400bc3c                alt_dev_llist_insert
 .text          0x000000000400bce4       0x64 c:/Users/robin/OneDrive/Desktop/CST455/cst455-labs/Lab04/software/Lab04_bsp/\libhal_bsp.a(alt_do_ctors.o)
                0x000000000400bce4                _do_ctors
 .text          0x000000000400bd48       0x64 c:/Users/robin/OneDrive/Desktop/CST455/cst455-labs/Lab04/software/Lab04_bsp/\libhal_bsp.a(alt_do_dtors.o)
                0x000000000400bd48                _do_dtors
 .text          0x000000000400bdac        0x0 c:/Users/robin/OneDrive/Desktop/CST455/cst455-labs/Lab04/software/Lab04_bsp/\libhal_bsp.a(alt_exception_entry.o)
 .text          0x000000000400bdac       0x20 c:/Users/robin/OneDrive/Desktop/CST455/cst455-labs/Lab04/software/Lab04_bsp/\libhal_bsp.a(alt_icache_flush_all.o)
                0x000000000400bdac                alt_icache_flush_all
 .text          0x000000000400bdcc       0x74 c:/Users/robin/OneDrive/Desktop/CST455/cst455-labs/Lab04/software/Lab04_bsp/\libhal_bsp.a(alt_instruction_exception_entry.o)
                0x000000000400bdcc                alt_exception_cause_generated_bad_addr
 .text          0x000000000400be40      0x150 c:/Users/robin/OneDrive/Desktop/CST455/cst455-labs/Lab04/software/Lab04_bsp/\libhal_bsp.a(alt_io_redirect.o)
                0x000000000400bf14                alt_io_redirect
 .text          0x000000000400bf90      0x278 c:/Users/robin/OneDrive/Desktop/CST455/cst455-labs/Lab04/software/Lab04_bsp/\libhal_bsp.a(alt_open.o)
                0x000000000400c0a8                open
 .text          0x000000000400c208      0x1d0 c:/Users/robin/OneDrive/Desktop/CST455/cst455-labs/Lab04/software/Lab04_bsp/\libhal_bsp.a(alt_tick.o)
                0x000000000400c208                alt_alarm_stop
                0x000000000400c2ac                alt_tick
 .text          0x000000000400c3d8       0x24 c:/Users/robin/OneDrive/Desktop/CST455/cst455-labs/Lab04/software/Lab04_bsp/\libhal_bsp.a(altera_nios2_gen2_irq.o)
                0x000000000400c3d8                altera_nios2_gen2_irq_init
 .text          0x000000000400c3fc       0x90 c:/Users/robin/OneDrive/Desktop/CST455/cst455-labs/Lab04/software/Lab04_bsp/\libhal_bsp.a(alt_find_dev.o)
                0x000000000400c3fc                alt_find_dev
 .text          0x000000000400c48c      0x108 c:/Users/robin/OneDrive/Desktop/CST455/cst455-labs/Lab04/software/Lab04_bsp/\libhal_bsp.a(alt_find_file.o)
                0x000000000400c48c                alt_find_file
 .text          0x000000000400c594       0xb8 c:/Users/robin/OneDrive/Desktop/CST455/cst455-labs/Lab04/software/Lab04_bsp/\libhal_bsp.a(alt_get_fd.o)
                0x000000000400c594                alt_get_fd
 .text          0x000000000400c64c        0x0 c:/intelfpga_lite/22.1std/nios2eds/bin/gnu/h-x86_64-mingw32/bin/../lib/gcc/nios2-elf/12.2.1/../../../../../H-x86_64-mingw32/nios2-elf/lib/mno-hw-mul\libc.a(lib_a-atexit.o)
 .text.atexit   0x000000000400c64c       0x14 c:/intelfpga_lite/22.1std/nios2eds/bin/gnu/h-x86_64-mingw32/bin/../lib/gcc/nios2-elf/12.2.1/../../../../../H-x86_64-mingw32/nios2-elf/lib/mno-hw-mul\libc.a(lib_a-atexit.o)
                0x000000000400c64c                atexit
 .text          0x000000000400c660        0x0 c:/intelfpga_lite/22.1std/nios2eds/bin/gnu/h-x86_64-mingw32/bin/../lib/gcc/nios2-elf/12.2.1/../../../../../H-x86_64-mingw32/nios2-elf/lib/mno-hw-mul\libc.a(lib_a-exit.o)
 .text.exit     0x000000000400c660       0x34 c:/intelfpga_lite/22.1std/nios2eds/bin/gnu/h-x86_64-mingw32/bin/../lib/gcc/nios2-elf/12.2.1/../../../../../H-x86_64-mingw32/nios2-elf/lib/mno-hw-mul\libc.a(lib_a-exit.o)
                0x000000000400c660                exit
 .text          0x000000000400c694        0x0 c:/intelfpga_lite/22.1std/nios2eds/bin/gnu/h-x86_64-mingw32/bin/../lib/gcc/nios2-elf/12.2.1/../../../../../H-x86_64-mingw32/nios2-elf/lib/mno-hw-mul\libc.a(lib_a-memcmp.o)
 .text.memcmp   0x000000000400c694       0x78 c:/intelfpga_lite/22.1std/nios2eds/bin/gnu/h-x86_64-mingw32/bin/../lib/gcc/nios2-elf/12.2.1/../../../../../H-x86_64-mingw32/nios2-elf/lib/mno-hw-mul\libc.a(lib_a-memcmp.o)
                0x000000000400c694                memcmp
 .text          0x000000000400c70c        0x0 c:/intelfpga_lite/22.1std/nios2eds/bin/gnu/h-x86_64-mingw32/bin/../lib/gcc/nios2-elf/12.2.1/../../../../../H-x86_64-mingw32/nios2-elf/lib/mno-hw-mul\libc.a(lib_a-__atexit.o)
 .text.__register_exitproc
                0x000000000400c70c       0x90 c:/intelfpga_lite/22.1std/nios2eds/bin/gnu/h-x86_64-mingw32/bin/../lib/gcc/nios2-elf/12.2.1/../../../../../H-x86_64-mingw32/nios2-elf/lib/mno-hw-mul\libc.a(lib_a-__atexit.o)
                0x000000000400c70c                __register_exitproc
 .text          0x000000000400c79c        0x0 c:/intelfpga_lite/22.1std/nios2eds/bin/gnu/h-x86_64-mingw32/bin/../lib/gcc/nios2-elf/12.2.1/../../../../../H-x86_64-mingw32/nios2-elf/lib/mno-hw-mul\libc.a(lib_a-__call_atexit.o)
 .text.__call_exitprocs
                0x000000000400c79c      0x120 c:/intelfpga_lite/22.1std/nios2eds/bin/gnu/h-x86_64-mingw32/bin/../lib/gcc/nios2-elf/12.2.1/../../../../../H-x86_64-mingw32/nios2-elf/lib/mno-hw-mul\libc.a(lib_a-__call_atexit.o)
                0x000000000400c79c                __call_exitprocs
 .text          0x000000000400c8bc       0x3c c:/Users/robin/OneDrive/Desktop/CST455/cst455-labs/Lab04/software/Lab04_bsp/\libhal_bsp.a(alt_exit.o)
                0x000000000400c8bc                _exit
 *(.gnu.warning.*)
 *(.fini)
                [!provide]                        PROVIDE (__etext = ABSOLUTE (.))
                [!provide]                        PROVIDE (_etext = ABSOLUTE (.))
                [!provide]                        PROVIDE (etext = ABSOLUTE (.))
 *(.eh_frame_hdr)
                0x000000000400c8f8                . = ALIGN (0x4)
                [!provide]                        PROVIDE (__preinit_array_start = ABSOLUTE (.))
 *(.preinit_array)
                [!provide]                        PROVIDE (__preinit_array_end = ABSOLUTE (.))
                [!provide]                        PROVIDE (__init_array_start = ABSOLUTE (.))
 *(.init_array)
                [!provide]                        PROVIDE (__init_array_end = ABSOLUTE (.))
                [!provide]                        PROVIDE (__fini_array_start = ABSOLUTE (.))
 *(.fini_array)
                [!provide]                        PROVIDE (__fini_array_end = ABSOLUTE (.))
 *(.eh_frame)
 *(.gcc_except_table .gcc_except_table.*)
 *(.dynamic)
                0x000000000400c8f8                PROVIDE (__CTOR_LIST__ = ABSOLUTE (.))
 *(.ctors)
 *(SORT_BY_NAME(.ctors.*))
                0x000000000400c8f8                PROVIDE (__CTOR_END__ = ABSOLUTE (.))
                0x000000000400c8f8                PROVIDE (__DTOR_LIST__ = ABSOLUTE (.))
 *(.dtors)
 *(SORT_BY_NAME(.dtors.*))
                0x000000000400c8f8                PROVIDE (__DTOR_END__ = ABSOLUTE (.))
 *(.jcr)
                0x000000000400c8f8                . = ALIGN (0x4)

.rodata         0x000000000400c8f8       0x74
                0x000000000400c8f8                PROVIDE (__ram_rodata_start = ABSOLUTE (.))
                0x000000000400c8f8                . = ALIGN (0x4)
 *(.rodata .rodata.* .gnu.linkonce.r.*)
 .rodata        0x000000000400c8f8        0x5 obj/default/FreeRTOS/tasks.o
 *fill*         0x000000000400c8fd        0x3 
 .rodata        0x000000000400c900       0x44 obj/default/main.o
 .rodata._puts_r.str1.4
                0x000000000400c944        0x2 c:/intelfpga_lite/22.1std/nios2eds/bin/gnu/h-x86_64-mingw32/bin/../lib/gcc/nios2-elf/12.2.1/../../../../../H-x86_64-mingw32/nios2-elf/lib/mno-hw-mul\libc.a(lib_a-puts.o)
 *fill*         0x000000000400c946        0x2 
 .rodata        0x000000000400c948        0xa c:/Users/robin/OneDrive/Desktop/CST455/cst455-labs/Lab04/software/Lab04_bsp/\libhal_bsp.a(alt_dev.o)
 *fill*         0x000000000400c952        0x2 
 .rodata        0x000000000400c954        0xb c:/Users/robin/OneDrive/Desktop/CST455/cst455-labs/Lab04/software/Lab04_bsp/\libhal_bsp.a(alt_main.o)
 *fill*         0x000000000400c95f        0x1 
 .rodata        0x000000000400c960        0xb c:/Users/robin/OneDrive/Desktop/CST455/cst455-labs/Lab04/software/Lab04_bsp/\libhal_bsp.a(alt_sys_init.o)
 *(.rodata1)
                0x000000000400c96c                . = ALIGN (0x4)
 *fill*         0x000000000400c96b        0x1 
                0x000000000400c96c                PROVIDE (__ram_rodata_end = ABSOLUTE (.))
                0x000000000400c8f8                PROVIDE (__flash_rodata_start = LOADADDR (.rodata))

.rwdata         0x000000000400c96c     0x1a70 load address 0x000000000400e3dc
                0x000000000400c96c                PROVIDE (__ram_rwdata_start = ABSOLUTE (.))
                0x000000000400c96c                . = ALIGN (0x4)
 *(.got.plt)
 *(.got)
 *(.data1)
 *(.data .data.* .gnu.linkonce.d.*)
 .data          0x000000000400c96c        0x0 c:/Users/robin/OneDrive/Desktop/CST455/cst455-labs/Lab04/software/Lab04_bsp//obj/HAL/src/crt0.o
 .data          0x000000000400c96c        0x0 obj/default/FreeRTOS/croutine.o
 .data          0x000000000400c96c        0x0 obj/default/FreeRTOS/event_groups.o
 .data          0x000000000400c96c        0x0 obj/default/FreeRTOS/list.o
 .data          0x000000000400c96c        0x0 obj/default/FreeRTOS/portable/GCC/NiosII/port.o
 .data          0x000000000400c96c        0x0 obj/default/FreeRTOS/portable/MemMang/heap_1.o
 .data          0x000000000400c96c        0x0 obj/default/FreeRTOS/queue.o
 .data          0x000000000400c96c        0x0 obj/default/FreeRTOS/stream_buffer.o
 .data          0x000000000400c96c        0x0 obj/default/FreeRTOS/tasks.o
 .data          0x000000000400c96c        0x0 obj/default/FreeRTOS/timers.o
 .data          0x000000000400c96c        0x0 obj/default/main.o
 .data          0x000000000400c96c        0x0 obj/default/FreeRTOS/portable/GCC/NiosII/port_asm.o
 .data          0x000000000400c96c        0x0 c:/intelfpga_lite/22.1std/nios2eds/bin/gnu/h-x86_64-mingw32/bin/../lib/gcc/nios2-elf/12.2.1/mno-hw-mul\libgcc.a(lib2-mul.o)
 .data          0x000000000400c96c        0x0 c:/intelfpga_lite/22.1std/nios2eds/bin/gnu/h-x86_64-mingw32/bin/../lib/gcc/nios2-elf/12.2.1/../../../../../H-x86_64-mingw32/nios2-elf/lib/mno-hw-mul\libc.a(lib_a-memcpy.o)
 .data          0x000000000400c96c        0x0 c:/intelfpga_lite/22.1std/nios2eds/bin/gnu/h-x86_64-mingw32/bin/../lib/gcc/nios2-elf/12.2.1/../../../../../H-x86_64-mingw32/nios2-elf/lib/mno-hw-mul\libc.a(lib_a-memset.o)
 .data          0x000000000400c96c        0x0 c:/intelfpga_lite/22.1std/nios2eds/bin/gnu/h-x86_64-mingw32/bin/../lib/gcc/nios2-elf/12.2.1/../../../../../H-x86_64-mingw32/nios2-elf/lib/mno-hw-mul\libc.a(lib_a-puts.o)
 .data          0x000000000400c96c        0x0 c:/intelfpga_lite/22.1std/nios2eds/bin/gnu/h-x86_64-mingw32/bin/../lib/gcc/nios2-elf/12.2.1/../../../../../H-x86_64-mingw32/nios2-elf/lib/mno-hw-mul\libc.a(lib_a-strlen.o)
 .data          0x000000000400c96c        0x0 c:/intelfpga_lite/22.1std/nios2eds/bin/gnu/h-x86_64-mingw32/bin/../lib/gcc/nios2-elf/12.2.1/../../../../../H-x86_64-mingw32/nios2-elf/lib/mno-hw-mul\libc.a(lib_a-findfp.o)
 .data          0x000000000400c96c        0x0 c:/intelfpga_lite/22.1std/nios2eds/bin/gnu/h-x86_64-mingw32/bin/../lib/gcc/nios2-elf/12.2.1/../../../../../H-x86_64-mingw32/nios2-elf/lib/mno-hw-mul\libc.a(lib_a-fvwrite.o)
 .data          0x000000000400c96c        0x0 c:/intelfpga_lite/22.1std/nios2eds/bin/gnu/h-x86_64-mingw32/bin/../lib/gcc/nios2-elf/12.2.1/../../../../../H-x86_64-mingw32/nios2-elf/lib/mno-hw-mul\libc.a(lib_a-fwalk.o)
 .data          0x000000000400c96c        0x0 c:/intelfpga_lite/22.1std/nios2eds/bin/gnu/h-x86_64-mingw32/bin/../lib/gcc/nios2-elf/12.2.1/../../../../../H-x86_64-mingw32/nios2-elf/lib/mno-hw-mul\libc.a(lib_a-impure.o)
 .data.impure_data
                0x000000000400c96c      0x424 c:/intelfpga_lite/22.1std/nios2eds/bin/gnu/h-x86_64-mingw32/bin/../lib/gcc/nios2-elf/12.2.1/../../../../../H-x86_64-mingw32/nios2-elf/lib/mno-hw-mul\libc.a(lib_a-impure.o)
 .data          0x000000000400cd90        0x0 c:/intelfpga_lite/22.1std/nios2eds/bin/gnu/h-x86_64-mingw32/bin/../lib/gcc/nios2-elf/12.2.1/../../../../../H-x86_64-mingw32/nios2-elf/lib/mno-hw-mul\libc.a(lib_a-mallocr.o)
 .data.__malloc_av_
                0x000000000400cd90      0x408 c:/intelfpga_lite/22.1std/nios2eds/bin/gnu/h-x86_64-mingw32/bin/../lib/gcc/nios2-elf/12.2.1/../../../../../H-x86_64-mingw32/nios2-elf/lib/mno-hw-mul\libc.a(lib_a-mallocr.o)
                0x000000000400cd90                __malloc_av_
 .data          0x000000000400d198        0x0 c:/intelfpga_lite/22.1std/nios2eds/bin/gnu/h-x86_64-mingw32/bin/../lib/gcc/nios2-elf/12.2.1/../../../../../H-x86_64-mingw32/nios2-elf/lib/mno-hw-mul\libc.a(lib_a-memchr.o)
 .data          0x000000000400d198        0x0 c:/intelfpga_lite/22.1std/nios2eds/bin/gnu/h-x86_64-mingw32/bin/../lib/gcc/nios2-elf/12.2.1/../../../../../H-x86_64-mingw32/nios2-elf/lib/mno-hw-mul\libc.a(lib_a-memmove.o)
 .data          0x000000000400d198        0x0 c:/intelfpga_lite/22.1std/nios2eds/bin/gnu/h-x86_64-mingw32/bin/../lib/gcc/nios2-elf/12.2.1/../../../../../H-x86_64-mingw32/nios2-elf/lib/mno-hw-mul\libc.a(lib_a-reallocr.o)
 .data          0x000000000400d198        0x0 c:/intelfpga_lite/22.1std/nios2eds/bin/gnu/h-x86_64-mingw32/bin/../lib/gcc/nios2-elf/12.2.1/../../../../../H-x86_64-mingw32/nios2-elf/lib/mno-hw-mul\libc.a(lib_a-sbrkr.o)
 .data          0x000000000400d198        0x0 c:/intelfpga_lite/22.1std/nios2eds/bin/gnu/h-x86_64-mingw32/bin/../lib/gcc/nios2-elf/12.2.1/../../../../../H-x86_64-mingw32/nios2-elf/lib/mno-hw-mul\libc.a(lib_a-stdio.o)
 .data          0x000000000400d198        0x0 c:/intelfpga_lite/22.1std/nios2eds/bin/gnu/h-x86_64-mingw32/bin/../lib/gcc/nios2-elf/12.2.1/../../../../../H-x86_64-mingw32/nios2-elf/lib/mno-hw-mul\libc.a(lib_a-writer.o)
 .data          0x000000000400d198        0x0 c:/intelfpga_lite/22.1std/nios2eds/bin/gnu/h-x86_64-mingw32/bin/../lib/gcc/nios2-elf/12.2.1/../../../../../H-x86_64-mingw32/nios2-elf/lib/mno-hw-mul\libc.a(lib_a-wsetup.o)
 .data          0x000000000400d198        0x0 c:/intelfpga_lite/22.1std/nios2eds/bin/gnu/h-x86_64-mingw32/bin/../lib/gcc/nios2-elf/12.2.1/../../../../../H-x86_64-mingw32/nios2-elf/lib/mno-hw-mul\libc.a(closer.o)
 .data          0x000000000400d198        0x0 c:/intelfpga_lite/22.1std/nios2eds/bin/gnu/h-x86_64-mingw32/bin/../lib/gcc/nios2-elf/12.2.1/../../../../../H-x86_64-mingw32/nios2-elf/lib/mno-hw-mul\libc.a(lib_a-fclose.o)
 .data          0x000000000400d198        0x0 c:/intelfpga_lite/22.1std/nios2eds/bin/gnu/h-x86_64-mingw32/bin/../lib/gcc/nios2-elf/12.2.1/../../../../../H-x86_64-mingw32/nios2-elf/lib/mno-hw-mul\libc.a(lib_a-fflush.o)
 .data          0x000000000400d198        0x0 c:/intelfpga_lite/22.1std/nios2eds/bin/gnu/h-x86_64-mingw32/bin/../lib/gcc/nios2-elf/12.2.1/../../../../../H-x86_64-mingw32/nios2-elf/lib/mno-hw-mul\libc.a(lib_a-freer.o)
 .data          0x000000000400d198        0x0 c:/intelfpga_lite/22.1std/nios2eds/bin/gnu/h-x86_64-mingw32/bin/../lib/gcc/nios2-elf/12.2.1/../../../../../H-x86_64-mingw32/nios2-elf/lib/mno-hw-mul\libc.a(lib_a-int_errno.o)
 .data          0x000000000400d198        0x0 c:/intelfpga_lite/22.1std/nios2eds/bin/gnu/h-x86_64-mingw32/bin/../lib/gcc/nios2-elf/12.2.1/../../../../../H-x86_64-mingw32/nios2-elf/lib/mno-hw-mul\libc.a(lib_a-lseekr.o)
 .data          0x000000000400d198        0x0 c:/intelfpga_lite/22.1std/nios2eds/bin/gnu/h-x86_64-mingw32/bin/../lib/gcc/nios2-elf/12.2.1/../../../../../H-x86_64-mingw32/nios2-elf/lib/mno-hw-mul\libc.a(lib_a-makebuf.o)
 .data          0x000000000400d198        0x0 c:/intelfpga_lite/22.1std/nios2eds/bin/gnu/h-x86_64-mingw32/bin/../lib/gcc/nios2-elf/12.2.1/../../../../../H-x86_64-mingw32/nios2-elf/lib/mno-hw-mul\libc.a(lib_a-readr.o)
 .data          0x000000000400d198        0x0 c:/intelfpga_lite/22.1std/nios2eds/bin/gnu/h-x86_64-mingw32/bin/../lib/gcc/nios2-elf/12.2.1/../../../../../H-x86_64-mingw32/nios2-elf/lib/mno-hw-mul\libc.a(lib_a-fstatr.o)
 .data          0x000000000400d198        0x0 c:/intelfpga_lite/22.1std/nios2eds/bin/gnu/h-x86_64-mingw32/bin/../lib/gcc/nios2-elf/12.2.1/../../../../../H-x86_64-mingw32/nios2-elf/lib/mno-hw-mul\libc.a(lib_a-isattyr.o)
 .data          0x000000000400d198        0x0 c:/intelfpga_lite/22.1std/nios2eds/bin/gnu/h-x86_64-mingw32/bin/../lib/gcc/nios2-elf/12.2.1/mno-hw-mul\libgcc.a(lib2-divmod.o)
 .data          0x000000000400d198        0x0 c:/Users/robin/OneDrive/Desktop/CST455/cst455-labs/Lab04/software/Lab04_bsp/\libhal_bsp.a(alt_close.o)
 .data          0x000000000400d198      0x1a8 c:/Users/robin/OneDrive/Desktop/CST455/cst455-labs/Lab04/software/Lab04_bsp/\libhal_bsp.a(alt_dev.o)
                0x000000000400d198                alt_dev_null
                0x000000000400d1c0                alt_fd_list
 .data          0x000000000400d340        0x0 c:/Users/robin/OneDrive/Desktop/CST455/cst455-labs/Lab04/software/Lab04_bsp/\libhal_bsp.a(alt_errno.o)
 .data          0x000000000400d340        0x0 c:/Users/robin/OneDrive/Desktop/CST455/cst455-labs/Lab04/software/Lab04_bsp/\libhal_bsp.a(alt_fstat.o)
 .data          0x000000000400d340        0x0 c:/Users/robin/OneDrive/Desktop/CST455/cst455-labs/Lab04/software/Lab04_bsp/\libhal_bsp.a(alt_iic.o)
 .data          0x000000000400d340        0x0 c:/Users/robin/OneDrive/Desktop/CST455/cst455-labs/Lab04/software/Lab04_bsp/\libhal_bsp.a(alt_iic_isr_register.o)
 .data          0x000000000400d340        0x0 c:/Users/robin/OneDrive/Desktop/CST455/cst455-labs/Lab04/software/Lab04_bsp/\libhal_bsp.a(alt_irq_entry.o)
 .data          0x000000000400d340        0x0 c:/Users/robin/OneDrive/Desktop/CST455/cst455-labs/Lab04/software/Lab04_bsp/\libhal_bsp.a(alt_irq_handler.o)
 .data          0x000000000400d340        0x0 c:/Users/robin/OneDrive/Desktop/CST455/cst455-labs/Lab04/software/Lab04_bsp/\libhal_bsp.a(alt_irq_vars.o)
 .data          0x000000000400d340        0x0 c:/Users/robin/OneDrive/Desktop/CST455/cst455-labs/Lab04/software/Lab04_bsp/\libhal_bsp.a(alt_isatty.o)
 .data          0x000000000400d340        0x0 c:/Users/robin/OneDrive/Desktop/CST455/cst455-labs/Lab04/software/Lab04_bsp/\libhal_bsp.a(alt_load.o)
 .data          0x000000000400d340        0x0 c:/Users/robin/OneDrive/Desktop/CST455/cst455-labs/Lab04/software/Lab04_bsp/\libhal_bsp.a(alt_lseek.o)
 .data          0x000000000400d340        0x0 c:/Users/robin/OneDrive/Desktop/CST455/cst455-labs/Lab04/software/Lab04_bsp/\libhal_bsp.a(alt_main.o)
 .data          0x000000000400d340        0x0 c:/Users/robin/OneDrive/Desktop/CST455/cst455-labs/Lab04/software/Lab04_bsp/\libhal_bsp.a(alt_malloc_lock.o)
 .data          0x000000000400d340        0x0 c:/Users/robin/OneDrive/Desktop/CST455/cst455-labs/Lab04/software/Lab04_bsp/\libhal_bsp.a(alt_read.o)
 .data          0x000000000400d340        0x0 c:/Users/robin/OneDrive/Desktop/CST455/cst455-labs/Lab04/software/Lab04_bsp/\libhal_bsp.a(alt_release_fd.o)
 .data          0x000000000400d340        0x0 c:/Users/robin/OneDrive/Desktop/CST455/cst455-labs/Lab04/software/Lab04_bsp/\libhal_bsp.a(alt_sbrk.o)
 .data          0x000000000400d340        0x0 c:/Users/robin/OneDrive/Desktop/CST455/cst455-labs/Lab04/software/Lab04_bsp/\libhal_bsp.a(alt_write.o)
 .data          0x000000000400d340     0x1060 c:/Users/robin/OneDrive/Desktop/CST455/cst455-labs/Lab04/software/Lab04_bsp/\libhal_bsp.a(alt_sys_init.o)
 .data          0x000000000400e3a0        0x0 c:/Users/robin/OneDrive/Desktop/CST455/cst455-labs/Lab04/software/Lab04_bsp/\libhal_bsp.a(altera_avalon_jtag_uart_fd.o)
 .data          0x000000000400e3a0        0x0 c:/Users/robin/OneDrive/Desktop/CST455/cst455-labs/Lab04/software/Lab04_bsp/\libhal_bsp.a(altera_avalon_jtag_uart_init.o)
 .data          0x000000000400e3a0        0x0 c:/Users/robin/OneDrive/Desktop/CST455/cst455-labs/Lab04/software/Lab04_bsp/\libhal_bsp.a(altera_avalon_jtag_uart_ioctl.o)
 .data          0x000000000400e3a0        0x0 c:/Users/robin/OneDrive/Desktop/CST455/cst455-labs/Lab04/software/Lab04_bsp/\libhal_bsp.a(altera_avalon_jtag_uart_read.o)
 .data          0x000000000400e3a0        0x0 c:/Users/robin/OneDrive/Desktop/CST455/cst455-labs/Lab04/software/Lab04_bsp/\libhal_bsp.a(altera_avalon_jtag_uart_write.o)
 .data          0x000000000400e3a0        0x0 c:/Users/robin/OneDrive/Desktop/CST455/cst455-labs/Lab04/software/Lab04_bsp/\libhal_bsp.a(altera_avalon_timer_sc.o)
 .data          0x000000000400e3a0        0x0 c:/Users/robin/OneDrive/Desktop/CST455/cst455-labs/Lab04/software/Lab04_bsp/\libhal_bsp.a(alt_alarm_start.o)
 .data          0x000000000400e3a0        0x0 c:/Users/robin/OneDrive/Desktop/CST455/cst455-labs/Lab04/software/Lab04_bsp/\libhal_bsp.a(alt_dcache_flush_all.o)
 .data          0x000000000400e3a0        0x0 c:/Users/robin/OneDrive/Desktop/CST455/cst455-labs/Lab04/software/Lab04_bsp/\libhal_bsp.a(alt_dev_llist_insert.o)
 .data          0x000000000400e3a0        0x0 c:/Users/robin/OneDrive/Desktop/CST455/cst455-labs/Lab04/software/Lab04_bsp/\libhal_bsp.a(alt_do_ctors.o)
 .data          0x000000000400e3a0        0x0 c:/Users/robin/OneDrive/Desktop/CST455/cst455-labs/Lab04/software/Lab04_bsp/\libhal_bsp.a(alt_do_dtors.o)
 .data          0x000000000400e3a0        0x0 c:/Users/robin/OneDrive/Desktop/CST455/cst455-labs/Lab04/software/Lab04_bsp/\libhal_bsp.a(alt_exception_entry.o)
 .data          0x000000000400e3a0        0x0 c:/Users/robin/OneDrive/Desktop/CST455/cst455-labs/Lab04/software/Lab04_bsp/\libhal_bsp.a(alt_icache_flush_all.o)
 .data          0x000000000400e3a0        0x0 c:/Users/robin/OneDrive/Desktop/CST455/cst455-labs/Lab04/software/Lab04_bsp/\libhal_bsp.a(alt_instruction_exception_entry.o)
 .data          0x000000000400e3a0        0x0 c:/Users/robin/OneDrive/Desktop/CST455/cst455-labs/Lab04/software/Lab04_bsp/\libhal_bsp.a(alt_io_redirect.o)
 .data          0x000000000400e3a0        0x0 c:/Users/robin/OneDrive/Desktop/CST455/cst455-labs/Lab04/software/Lab04_bsp/\libhal_bsp.a(alt_open.o)
 .data          0x000000000400e3a0        0x0 c:/Users/robin/OneDrive/Desktop/CST455/cst455-labs/Lab04/software/Lab04_bsp/\libhal_bsp.a(alt_tick.o)
 .data          0x000000000400e3a0        0x0 c:/Users/robin/OneDrive/Desktop/CST455/cst455-labs/Lab04/software/Lab04_bsp/\libhal_bsp.a(altera_nios2_gen2_irq.o)
 .data          0x000000000400e3a0        0x0 c:/Users/robin/OneDrive/Desktop/CST455/cst455-labs/Lab04/software/Lab04_bsp/\libhal_bsp.a(alt_find_dev.o)
 .data          0x000000000400e3a0        0x0 c:/Users/robin/OneDrive/Desktop/CST455/cst455-labs/Lab04/software/Lab04_bsp/\libhal_bsp.a(alt_find_file.o)
 .data          0x000000000400e3a0        0x0 c:/Users/robin/OneDrive/Desktop/CST455/cst455-labs/Lab04/software/Lab04_bsp/\libhal_bsp.a(alt_get_fd.o)
 .data          0x000000000400e3a0        0x0 c:/intelfpga_lite/22.1std/nios2eds/bin/gnu/h-x86_64-mingw32/bin/../lib/gcc/nios2-elf/12.2.1/../../../../../H-x86_64-mingw32/nios2-elf/lib/mno-hw-mul\libc.a(lib_a-atexit.o)
 .data          0x000000000400e3a0        0x0 c:/intelfpga_lite/22.1std/nios2eds/bin/gnu/h-x86_64-mingw32/bin/../lib/gcc/nios2-elf/12.2.1/../../../../../H-x86_64-mingw32/nios2-elf/lib/mno-hw-mul\libc.a(lib_a-exit.o)
 .data          0x000000000400e3a0        0x0 c:/intelfpga_lite/22.1std/nios2eds/bin/gnu/h-x86_64-mingw32/bin/../lib/gcc/nios2-elf/12.2.1/../../../../../H-x86_64-mingw32/nios2-elf/lib/mno-hw-mul\libc.a(lib_a-memcmp.o)
 .data          0x000000000400e3a0        0x0 c:/intelfpga_lite/22.1std/nios2eds/bin/gnu/h-x86_64-mingw32/bin/../lib/gcc/nios2-elf/12.2.1/../../../../../H-x86_64-mingw32/nios2-elf/lib/mno-hw-mul\libc.a(lib_a-__atexit.o)
 .data          0x000000000400e3a0        0x0 c:/intelfpga_lite/22.1std/nios2eds/bin/gnu/h-x86_64-mingw32/bin/../lib/gcc/nios2-elf/12.2.1/../../../../../H-x86_64-mingw32/nios2-elf/lib/mno-hw-mul\libc.a(lib_a-__call_atexit.o)
 .data          0x000000000400e3a0        0x0 c:/Users/robin/OneDrive/Desktop/CST455/cst455-labs/Lab04/software/Lab04_bsp/\libhal_bsp.a(alt_exit.o)
                0x00000000040163a0                _gp = ABSOLUTE ((. + 0x8000))
                [!provide]                        PROVIDE (gp = _gp)
 *(.rwdata .rwdata.*)
 *(.sdata .sdata.* .gnu.linkonce.s.*)
 .sdata         0x000000000400e3a0        0x4 obj/default/FreeRTOS/tasks.o
                0x000000000400e3a0                uxTopUsedPriority
 .sdata._global_impure_ptr
                0x000000000400e3a4        0x4 c:/intelfpga_lite/22.1std/nios2eds/bin/gnu/h-x86_64-mingw32/bin/../lib/gcc/nios2-elf/12.2.1/../../../../../H-x86_64-mingw32/nios2-elf/lib/mno-hw-mul\libc.a(lib_a-impure.o)
                0x000000000400e3a4                _global_impure_ptr
 .sdata._impure_ptr
                0x000000000400e3a8        0x4 c:/intelfpga_lite/22.1std/nios2eds/bin/gnu/h-x86_64-mingw32/bin/../lib/gcc/nios2-elf/12.2.1/../../../../../H-x86_64-mingw32/nios2-elf/lib/mno-hw-mul\libc.a(lib_a-impure.o)
                0x000000000400e3a8                _impure_ptr
 .sdata.__malloc_sbrk_base
                0x000000000400e3ac        0x4 c:/intelfpga_lite/22.1std/nios2eds/bin/gnu/h-x86_64-mingw32/bin/../lib/gcc/nios2-elf/12.2.1/../../../../../H-x86_64-mingw32/nios2-elf/lib/mno-hw-mul\libc.a(lib_a-mallocr.o)
                0x000000000400e3ac                __malloc_sbrk_base
 .sdata.__malloc_trim_threshold
                0x000000000400e3b0        0x4 c:/intelfpga_lite/22.1std/nios2eds/bin/gnu/h-x86_64-mingw32/bin/../lib/gcc/nios2-elf/12.2.1/../../../../../H-x86_64-mingw32/nios2-elf/lib/mno-hw-mul\libc.a(lib_a-mallocr.o)
                0x000000000400e3b0                __malloc_trim_threshold
 .sdata         0x000000000400e3b4       0x14 c:/Users/robin/OneDrive/Desktop/CST455/cst455-labs/Lab04/software/Lab04_bsp/\libhal_bsp.a(alt_dev.o)
                0x000000000400e3b4                alt_fs_list
                0x000000000400e3bc                alt_dev_list
                0x000000000400e3c4                alt_max_fd
 .sdata         0x000000000400e3c8        0x4 c:/Users/robin/OneDrive/Desktop/CST455/cst455-labs/Lab04/software/Lab04_bsp/\libhal_bsp.a(alt_errno.o)
                0x000000000400e3c8                alt_errno
 .sdata         0x000000000400e3cc        0x4 c:/Users/robin/OneDrive/Desktop/CST455/cst455-labs/Lab04/software/Lab04_bsp/\libhal_bsp.a(alt_irq_vars.o)
                0x000000000400e3cc                alt_priority_mask
 .sdata         0x000000000400e3d0        0x4 c:/Users/robin/OneDrive/Desktop/CST455/cst455-labs/Lab04/software/Lab04_bsp/\libhal_bsp.a(alt_sbrk.o)
 .sdata         0x000000000400e3d4        0x8 c:/Users/robin/OneDrive/Desktop/CST455/cst455-labs/Lab04/software/Lab04_bsp/\libhal_bsp.a(alt_tick.o)
                0x000000000400e3d4                alt_alarm_list
 *(.sdata2 .sdata2.* .gnu.linkonce.s2.*)
                0x000000000400e3dc                . = ALIGN (0x4)
                0x000000000400e3dc                _edata = ABSOLUTE (.)
                [!provide]                        PROVIDE (edata = ABSOLUTE (.))
                0x000000000400e3dc                PROVIDE (__ram_rwdata_end = ABSOLUTE (.))
                0x000000000400e3dc                PROVIDE (__flash_rwdata_start = LOADADDR (.rwdata))

.bss            0x000000000400fe4c   0x800268
                0x000000000400fe4c                __bss_start = ABSOLUTE (.)
                [!provide]                        PROVIDE (__sbss_start = ABSOLUTE (.))
                [!provide]                        PROVIDE (___sbss_start = ABSOLUTE (.))
 *(.dynsbss)
 *(.sbss .sbss.* .gnu.linkonce.sb.*)
 .sbss          0x000000000400fe4c        0x8 obj/default/FreeRTOS/portable/MemMang/heap_1.o
 .sbss          0x000000000400fe54       0x3c obj/default/FreeRTOS/tasks.o
                0x000000000400fe54                pxCurrentTCB
 .sbss          0x000000000400fe90        0x4 obj/default/main.o
                0x000000000400fe90                pushbutton_queue
 .sbss.__malloc_max_total_mem
                0x000000000400fe94        0x4 c:/intelfpga_lite/22.1std/nios2eds/bin/gnu/h-x86_64-mingw32/bin/../lib/gcc/nios2-elf/12.2.1/../../../../../H-x86_64-mingw32/nios2-elf/lib/mno-hw-mul\libc.a(lib_a-mallocr.o)
                0x000000000400fe94                __malloc_max_total_mem
 .sbss.__malloc_max_sbrked_mem
                0x000000000400fe98        0x4 c:/intelfpga_lite/22.1std/nios2eds/bin/gnu/h-x86_64-mingw32/bin/../lib/gcc/nios2-elf/12.2.1/../../../../../H-x86_64-mingw32/nios2-elf/lib/mno-hw-mul\libc.a(lib_a-mallocr.o)
                0x000000000400fe98                __malloc_max_sbrked_mem
 .sbss.__malloc_top_pad
                0x000000000400fe9c        0x4 c:/intelfpga_lite/22.1std/nios2eds/bin/gnu/h-x86_64-mingw32/bin/../lib/gcc/nios2-elf/12.2.1/../../../../../H-x86_64-mingw32/nios2-elf/lib/mno-hw-mul\libc.a(lib_a-mallocr.o)
                0x000000000400fe9c                __malloc_top_pad
 .sbss.errno    0x000000000400fea0        0x4 c:/intelfpga_lite/22.1std/nios2eds/bin/gnu/h-x86_64-mingw32/bin/../lib/gcc/nios2-elf/12.2.1/../../../../../H-x86_64-mingw32/nios2-elf/lib/mno-hw-mul\libc.a(lib_a-int_errno.o)
                0x000000000400fea0                errno
 .sbss          0x000000000400fea4        0x4 c:/Users/robin/OneDrive/Desktop/CST455/cst455-labs/Lab04/software/Lab04_bsp/\libhal_bsp.a(alt_irq_vars.o)
                0x000000000400fea4                alt_irq_active
 .sbss          0x000000000400fea8        0xc c:/Users/robin/OneDrive/Desktop/CST455/cst455-labs/Lab04/software/Lab04_bsp/\libhal_bsp.a(alt_main.o)
                0x000000000400fea8                alt_argc
                0x000000000400feac                alt_argv
                0x000000000400feb0                alt_envp
 .sbss          0x000000000400feb4        0x4 c:/Users/robin/OneDrive/Desktop/CST455/cst455-labs/Lab04/software/Lab04_bsp/\libhal_bsp.a(alt_instruction_exception_entry.o)
                0x000000000400feb4                alt_instruction_exception_handler
 .sbss          0x000000000400feb8        0xc c:/Users/robin/OneDrive/Desktop/CST455/cst455-labs/Lab04/software/Lab04_bsp/\libhal_bsp.a(alt_tick.o)
                0x000000000400feb8                _alt_tick_rate
                0x000000000400febc                _alt_nticks
 *(.sbss2 .sbss2.* .gnu.linkonce.sb2.*)
 *(.scommon)
                [!provide]                        PROVIDE (__sbss_end = ABSOLUTE (.))
                [!provide]                        PROVIDE (___sbss_end = ABSOLUTE (.))
 *(.dynbss)
 *(.bss .bss.* .gnu.linkonce.b.*)
 .bss           0x000000000400fec4        0x0 c:/Users/robin/OneDrive/Desktop/CST455/cst455-labs/Lab04/software/Lab04_bsp//obj/HAL/src/crt0.o
 .bss           0x000000000400fec4        0x0 obj/default/FreeRTOS/croutine.o
 .bss           0x000000000400fec4        0x0 obj/default/FreeRTOS/event_groups.o
 .bss           0x000000000400fec4        0x0 obj/default/FreeRTOS/list.o
 .bss           0x000000000400fec4        0x0 obj/default/FreeRTOS/portable/GCC/NiosII/port.o
 .bss           0x000000000400fec4   0x800000 obj/default/FreeRTOS/portable/MemMang/heap_1.o
 .bss           0x000000000480fec4        0x0 obj/default/FreeRTOS/queue.o
 .bss           0x000000000480fec4        0x0 obj/default/FreeRTOS/stream_buffer.o
 .bss           0x000000000480fec4       0xc8 obj/default/FreeRTOS/tasks.o
 .bss           0x000000000480ff8c        0x0 obj/default/FreeRTOS/timers.o
 .bss           0x000000000480ff8c        0x0 obj/default/main.o
 .bss           0x000000000480ff8c        0x0 obj/default/FreeRTOS/portable/GCC/NiosII/port_asm.o
 .bss           0x000000000480ff8c        0x0 c:/intelfpga_lite/22.1std/nios2eds/bin/gnu/h-x86_64-mingw32/bin/../lib/gcc/nios2-elf/12.2.1/mno-hw-mul\libgcc.a(lib2-mul.o)
 .bss           0x000000000480ff8c        0x0 c:/intelfpga_lite/22.1std/nios2eds/bin/gnu/h-x86_64-mingw32/bin/../lib/gcc/nios2-elf/12.2.1/../../../../../H-x86_64-mingw32/nios2-elf/lib/mno-hw-mul\libc.a(lib_a-memcpy.o)
 .bss           0x000000000480ff8c        0x0 c:/intelfpga_lite/22.1std/nios2eds/bin/gnu/h-x86_64-mingw32/bin/../lib/gcc/nios2-elf/12.2.1/../../../../../H-x86_64-mingw32/nios2-elf/lib/mno-hw-mul\libc.a(lib_a-memset.o)
 .bss           0x000000000480ff8c        0x0 c:/intelfpga_lite/22.1std/nios2eds/bin/gnu/h-x86_64-mingw32/bin/../lib/gcc/nios2-elf/12.2.1/../../../../../H-x86_64-mingw32/nios2-elf/lib/mno-hw-mul\libc.a(lib_a-puts.o)
 .bss           0x000000000480ff8c        0x0 c:/intelfpga_lite/22.1std/nios2eds/bin/gnu/h-x86_64-mingw32/bin/../lib/gcc/nios2-elf/12.2.1/../../../../../H-x86_64-mingw32/nios2-elf/lib/mno-hw-mul\libc.a(lib_a-strlen.o)
 .bss           0x000000000480ff8c        0x0 c:/intelfpga_lite/22.1std/nios2eds/bin/gnu/h-x86_64-mingw32/bin/../lib/gcc/nios2-elf/12.2.1/../../../../../H-x86_64-mingw32/nios2-elf/lib/mno-hw-mul\libc.a(lib_a-findfp.o)
 .bss           0x000000000480ff8c        0x0 c:/intelfpga_lite/22.1std/nios2eds/bin/gnu/h-x86_64-mingw32/bin/../lib/gcc/nios2-elf/12.2.1/../../../../../H-x86_64-mingw32/nios2-elf/lib/mno-hw-mul\libc.a(lib_a-fvwrite.o)
 .bss           0x000000000480ff8c        0x0 c:/intelfpga_lite/22.1std/nios2eds/bin/gnu/h-x86_64-mingw32/bin/../lib/gcc/nios2-elf/12.2.1/../../../../../H-x86_64-mingw32/nios2-elf/lib/mno-hw-mul\libc.a(lib_a-fwalk.o)
 .bss           0x000000000480ff8c        0x0 c:/intelfpga_lite/22.1std/nios2eds/bin/gnu/h-x86_64-mingw32/bin/../lib/gcc/nios2-elf/12.2.1/../../../../../H-x86_64-mingw32/nios2-elf/lib/mno-hw-mul\libc.a(lib_a-impure.o)
 .bss           0x000000000480ff8c        0x0 c:/intelfpga_lite/22.1std/nios2eds/bin/gnu/h-x86_64-mingw32/bin/../lib/gcc/nios2-elf/12.2.1/../../../../../H-x86_64-mingw32/nios2-elf/lib/mno-hw-mul\libc.a(lib_a-mallocr.o)
 .bss.__malloc_current_mallinfo
                0x000000000480ff8c       0x28 c:/intelfpga_lite/22.1std/nios2eds/bin/gnu/h-x86_64-mingw32/bin/../lib/gcc/nios2-elf/12.2.1/../../../../../H-x86_64-mingw32/nios2-elf/lib/mno-hw-mul\libc.a(lib_a-mallocr.o)
                0x000000000480ff8c                __malloc_current_mallinfo
 .bss           0x000000000480ffb4        0x0 c:/intelfpga_lite/22.1std/nios2eds/bin/gnu/h-x86_64-mingw32/bin/../lib/gcc/nios2-elf/12.2.1/../../../../../H-x86_64-mingw32/nios2-elf/lib/mno-hw-mul\libc.a(lib_a-memchr.o)
 .bss           0x000000000480ffb4        0x0 c:/intelfpga_lite/22.1std/nios2eds/bin/gnu/h-x86_64-mingw32/bin/../lib/gcc/nios2-elf/12.2.1/../../../../../H-x86_64-mingw32/nios2-elf/lib/mno-hw-mul\libc.a(lib_a-memmove.o)
 .bss           0x000000000480ffb4        0x0 c:/intelfpga_lite/22.1std/nios2eds/bin/gnu/h-x86_64-mingw32/bin/../lib/gcc/nios2-elf/12.2.1/../../../../../H-x86_64-mingw32/nios2-elf/lib/mno-hw-mul\libc.a(lib_a-reallocr.o)
 .bss           0x000000000480ffb4        0x0 c:/intelfpga_lite/22.1std/nios2eds/bin/gnu/h-x86_64-mingw32/bin/../lib/gcc/nios2-elf/12.2.1/../../../../../H-x86_64-mingw32/nios2-elf/lib/mno-hw-mul\libc.a(lib_a-sbrkr.o)
 .bss           0x000000000480ffb4        0x0 c:/intelfpga_lite/22.1std/nios2eds/bin/gnu/h-x86_64-mingw32/bin/../lib/gcc/nios2-elf/12.2.1/../../../../../H-x86_64-mingw32/nios2-elf/lib/mno-hw-mul\libc.a(lib_a-stdio.o)
 .bss           0x000000000480ffb4        0x0 c:/intelfpga_lite/22.1std/nios2eds/bin/gnu/h-x86_64-mingw32/bin/../lib/gcc/nios2-elf/12.2.1/../../../../../H-x86_64-mingw32/nios2-elf/lib/mno-hw-mul\libc.a(lib_a-writer.o)
 .bss           0x000000000480ffb4        0x0 c:/intelfpga_lite/22.1std/nios2eds/bin/gnu/h-x86_64-mingw32/bin/../lib/gcc/nios2-elf/12.2.1/../../../../../H-x86_64-mingw32/nios2-elf/lib/mno-hw-mul\libc.a(lib_a-wsetup.o)
 .bss           0x000000000480ffb4        0x0 c:/intelfpga_lite/22.1std/nios2eds/bin/gnu/h-x86_64-mingw32/bin/../lib/gcc/nios2-elf/12.2.1/../../../../../H-x86_64-mingw32/nios2-elf/lib/mno-hw-mul\libc.a(closer.o)
 .bss           0x000000000480ffb4        0x0 c:/intelfpga_lite/22.1std/nios2eds/bin/gnu/h-x86_64-mingw32/bin/../lib/gcc/nios2-elf/12.2.1/../../../../../H-x86_64-mingw32/nios2-elf/lib/mno-hw-mul\libc.a(lib_a-fclose.o)
 .bss           0x000000000480ffb4        0x0 c:/intelfpga_lite/22.1std/nios2eds/bin/gnu/h-x86_64-mingw32/bin/../lib/gcc/nios2-elf/12.2.1/../../../../../H-x86_64-mingw32/nios2-elf/lib/mno-hw-mul\libc.a(lib_a-fflush.o)
 .bss           0x000000000480ffb4        0x0 c:/intelfpga_lite/22.1std/nios2eds/bin/gnu/h-x86_64-mingw32/bin/../lib/gcc/nios2-elf/12.2.1/../../../../../H-x86_64-mingw32/nios2-elf/lib/mno-hw-mul\libc.a(lib_a-freer.o)
 .bss           0x000000000480ffb4        0x0 c:/intelfpga_lite/22.1std/nios2eds/bin/gnu/h-x86_64-mingw32/bin/../lib/gcc/nios2-elf/12.2.1/../../../../../H-x86_64-mingw32/nios2-elf/lib/mno-hw-mul\libc.a(lib_a-int_errno.o)
 .bss           0x000000000480ffb4        0x0 c:/intelfpga_lite/22.1std/nios2eds/bin/gnu/h-x86_64-mingw32/bin/../lib/gcc/nios2-elf/12.2.1/../../../../../H-x86_64-mingw32/nios2-elf/lib/mno-hw-mul\libc.a(lib_a-lseekr.o)
 .bss           0x000000000480ffb4        0x0 c:/intelfpga_lite/22.1std/nios2eds/bin/gnu/h-x86_64-mingw32/bin/../lib/gcc/nios2-elf/12.2.1/../../../../../H-x86_64-mingw32/nios2-elf/lib/mno-hw-mul\libc.a(lib_a-makebuf.o)
 .bss           0x000000000480ffb4        0x0 c:/intelfpga_lite/22.1std/nios2eds/bin/gnu/h-x86_64-mingw32/bin/../lib/gcc/nios2-elf/12.2.1/../../../../../H-x86_64-mingw32/nios2-elf/lib/mno-hw-mul\libc.a(lib_a-readr.o)
 .bss           0x000000000480ffb4        0x0 c:/intelfpga_lite/22.1std/nios2eds/bin/gnu/h-x86_64-mingw32/bin/../lib/gcc/nios2-elf/12.2.1/../../../../../H-x86_64-mingw32/nios2-elf/lib/mno-hw-mul\libc.a(lib_a-fstatr.o)
 .bss           0x000000000480ffb4        0x0 c:/intelfpga_lite/22.1std/nios2eds/bin/gnu/h-x86_64-mingw32/bin/../lib/gcc/nios2-elf/12.2.1/../../../../../H-x86_64-mingw32/nios2-elf/lib/mno-hw-mul\libc.a(lib_a-isattyr.o)
 .bss           0x000000000480ffb4        0x0 c:/intelfpga_lite/22.1std/nios2eds/bin/gnu/h-x86_64-mingw32/bin/../lib/gcc/nios2-elf/12.2.1/mno-hw-mul\libgcc.a(lib2-divmod.o)
 .bss           0x000000000480ffb4        0x0 c:/Users/robin/OneDrive/Desktop/CST455/cst455-labs/Lab04/software/Lab04_bsp/\libhal_bsp.a(alt_close.o)
 .bss           0x000000000480ffb4        0x0 c:/Users/robin/OneDrive/Desktop/CST455/cst455-labs/Lab04/software/Lab04_bsp/\libhal_bsp.a(alt_dev.o)
 .bss           0x000000000480ffb4        0x0 c:/Users/robin/OneDrive/Desktop/CST455/cst455-labs/Lab04/software/Lab04_bsp/\libhal_bsp.a(alt_errno.o)
 .bss           0x000000000480ffb4        0x0 c:/Users/robin/OneDrive/Desktop/CST455/cst455-labs/Lab04/software/Lab04_bsp/\libhal_bsp.a(alt_fstat.o)
 .bss           0x000000000480ffb4        0x0 c:/Users/robin/OneDrive/Desktop/CST455/cst455-labs/Lab04/software/Lab04_bsp/\libhal_bsp.a(alt_iic.o)
 .bss           0x000000000480ffb4        0x0 c:/Users/robin/OneDrive/Desktop/CST455/cst455-labs/Lab04/software/Lab04_bsp/\libhal_bsp.a(alt_iic_isr_register.o)
 .bss           0x000000000480ffb4        0x0 c:/Users/robin/OneDrive/Desktop/CST455/cst455-labs/Lab04/software/Lab04_bsp/\libhal_bsp.a(alt_irq_entry.o)
 .bss           0x000000000480ffb4      0x100 c:/Users/robin/OneDrive/Desktop/CST455/cst455-labs/Lab04/software/Lab04_bsp/\libhal_bsp.a(alt_irq_handler.o)
                0x000000000480ffb4                alt_irq
 .bss           0x00000000048100b4        0x0 c:/Users/robin/OneDrive/Desktop/CST455/cst455-labs/Lab04/software/Lab04_bsp/\libhal_bsp.a(alt_irq_vars.o)
 .bss           0x00000000048100b4        0x0 c:/Users/robin/OneDrive/Desktop/CST455/cst455-labs/Lab04/software/Lab04_bsp/\libhal_bsp.a(alt_isatty.o)
 .bss           0x00000000048100b4        0x0 c:/Users/robin/OneDrive/Desktop/CST455/cst455-labs/Lab04/software/Lab04_bsp/\libhal_bsp.a(alt_load.o)
 .bss           0x00000000048100b4        0x0 c:/Users/robin/OneDrive/Desktop/CST455/cst455-labs/Lab04/software/Lab04_bsp/\libhal_bsp.a(alt_lseek.o)
 .bss           0x00000000048100b4        0x0 c:/Users/robin/OneDrive/Desktop/CST455/cst455-labs/Lab04/software/Lab04_bsp/\libhal_bsp.a(alt_main.o)
 .bss           0x00000000048100b4        0x0 c:/Users/robin/OneDrive/Desktop/CST455/cst455-labs/Lab04/software/Lab04_bsp/\libhal_bsp.a(alt_malloc_lock.o)
 .bss           0x00000000048100b4        0x0 c:/Users/robin/OneDrive/Desktop/CST455/cst455-labs/Lab04/software/Lab04_bsp/\libhal_bsp.a(alt_read.o)
 .bss           0x00000000048100b4        0x0 c:/Users/robin/OneDrive/Desktop/CST455/cst455-labs/Lab04/software/Lab04_bsp/\libhal_bsp.a(alt_release_fd.o)
 .bss           0x00000000048100b4        0x0 c:/Users/robin/OneDrive/Desktop/CST455/cst455-labs/Lab04/software/Lab04_bsp/\libhal_bsp.a(alt_sbrk.o)
 .bss           0x00000000048100b4        0x0 c:/Users/robin/OneDrive/Desktop/CST455/cst455-labs/Lab04/software/Lab04_bsp/\libhal_bsp.a(alt_write.o)
 .bss           0x00000000048100b4        0x0 c:/Users/robin/OneDrive/Desktop/CST455/cst455-labs/Lab04/software/Lab04_bsp/\libhal_bsp.a(alt_sys_init.o)
 .bss           0x00000000048100b4        0x0 c:/Users/robin/OneDrive/Desktop/CST455/cst455-labs/Lab04/software/Lab04_bsp/\libhal_bsp.a(altera_avalon_jtag_uart_fd.o)
 .bss           0x00000000048100b4        0x0 c:/Users/robin/OneDrive/Desktop/CST455/cst455-labs/Lab04/software/Lab04_bsp/\libhal_bsp.a(altera_avalon_jtag_uart_init.o)
 .bss           0x00000000048100b4        0x0 c:/Users/robin/OneDrive/Desktop/CST455/cst455-labs/Lab04/software/Lab04_bsp/\libhal_bsp.a(altera_avalon_jtag_uart_ioctl.o)
 .bss           0x00000000048100b4        0x0 c:/Users/robin/OneDrive/Desktop/CST455/cst455-labs/Lab04/software/Lab04_bsp/\libhal_bsp.a(altera_avalon_jtag_uart_read.o)
 .bss           0x00000000048100b4        0x0 c:/Users/robin/OneDrive/Desktop/CST455/cst455-labs/Lab04/software/Lab04_bsp/\libhal_bsp.a(altera_avalon_jtag_uart_write.o)
 .bss           0x00000000048100b4        0x0 c:/Users/robin/OneDrive/Desktop/CST455/cst455-labs/Lab04/software/Lab04_bsp/\libhal_bsp.a(altera_avalon_timer_sc.o)
 .bss           0x00000000048100b4        0x0 c:/Users/robin/OneDrive/Desktop/CST455/cst455-labs/Lab04/software/Lab04_bsp/\libhal_bsp.a(alt_alarm_start.o)
 .bss           0x00000000048100b4        0x0 c:/Users/robin/OneDrive/Desktop/CST455/cst455-labs/Lab04/software/Lab04_bsp/\libhal_bsp.a(alt_dcache_flush_all.o)
 .bss           0x00000000048100b4        0x0 c:/Users/robin/OneDrive/Desktop/CST455/cst455-labs/Lab04/software/Lab04_bsp/\libhal_bsp.a(alt_dev_llist_insert.o)
 .bss           0x00000000048100b4        0x0 c:/Users/robin/OneDrive/Desktop/CST455/cst455-labs/Lab04/software/Lab04_bsp/\libhal_bsp.a(alt_do_ctors.o)
 .bss           0x00000000048100b4        0x0 c:/Users/robin/OneDrive/Desktop/CST455/cst455-labs/Lab04/software/Lab04_bsp/\libhal_bsp.a(alt_do_dtors.o)
 .bss           0x00000000048100b4        0x0 c:/Users/robin/OneDrive/Desktop/CST455/cst455-labs/Lab04/software/Lab04_bsp/\libhal_bsp.a(alt_exception_entry.o)
 .bss           0x00000000048100b4        0x0 c:/Users/robin/OneDrive/Desktop/CST455/cst455-labs/Lab04/software/Lab04_bsp/\libhal_bsp.a(alt_icache_flush_all.o)
 .bss           0x00000000048100b4        0x0 c:/Users/robin/OneDrive/Desktop/CST455/cst455-labs/Lab04/software/Lab04_bsp/\libhal_bsp.a(alt_instruction_exception_entry.o)
 .bss           0x00000000048100b4        0x0 c:/Users/robin/OneDrive/Desktop/CST455/cst455-labs/Lab04/software/Lab04_bsp/\libhal_bsp.a(alt_io_redirect.o)
 .bss           0x00000000048100b4        0x0 c:/Users/robin/OneDrive/Desktop/CST455/cst455-labs/Lab04/software/Lab04_bsp/\libhal_bsp.a(alt_open.o)
 .bss           0x00000000048100b4        0x0 c:/Users/robin/OneDrive/Desktop/CST455/cst455-labs/Lab04/software/Lab04_bsp/\libhal_bsp.a(alt_tick.o)
 .bss           0x00000000048100b4        0x0 c:/Users/robin/OneDrive/Desktop/CST455/cst455-labs/Lab04/software/Lab04_bsp/\libhal_bsp.a(altera_nios2_gen2_irq.o)
 .bss           0x00000000048100b4        0x0 c:/Users/robin/OneDrive/Desktop/CST455/cst455-labs/Lab04/software/Lab04_bsp/\libhal_bsp.a(alt_find_dev.o)
 .bss           0x00000000048100b4        0x0 c:/Users/robin/OneDrive/Desktop/CST455/cst455-labs/Lab04/software/Lab04_bsp/\libhal_bsp.a(alt_find_file.o)
 .bss           0x00000000048100b4        0x0 c:/Users/robin/OneDrive/Desktop/CST455/cst455-labs/Lab04/software/Lab04_bsp/\libhal_bsp.a(alt_get_fd.o)
 .bss           0x00000000048100b4        0x0 c:/intelfpga_lite/22.1std/nios2eds/bin/gnu/h-x86_64-mingw32/bin/../lib/gcc/nios2-elf/12.2.1/../../../../../H-x86_64-mingw32/nios2-elf/lib/mno-hw-mul\libc.a(lib_a-atexit.o)
 .bss           0x00000000048100b4        0x0 c:/intelfpga_lite/22.1std/nios2eds/bin/gnu/h-x86_64-mingw32/bin/../lib/gcc/nios2-elf/12.2.1/../../../../../H-x86_64-mingw32/nios2-elf/lib/mno-hw-mul\libc.a(lib_a-exit.o)
 .bss           0x00000000048100b4        0x0 c:/intelfpga_lite/22.1std/nios2eds/bin/gnu/h-x86_64-mingw32/bin/../lib/gcc/nios2-elf/12.2.1/../../../../../H-x86_64-mingw32/nios2-elf/lib/mno-hw-mul\libc.a(lib_a-memcmp.o)
 .bss           0x00000000048100b4        0x0 c:/intelfpga_lite/22.1std/nios2eds/bin/gnu/h-x86_64-mingw32/bin/../lib/gcc/nios2-elf/12.2.1/../../../../../H-x86_64-mingw32/nios2-elf/lib/mno-hw-mul\libc.a(lib_a-__atexit.o)
 .bss           0x00000000048100b4        0x0 c:/intelfpga_lite/22.1std/nios2eds/bin/gnu/h-x86_64-mingw32/bin/../lib/gcc/nios2-elf/12.2.1/../../../../../H-x86_64-mingw32/nios2-elf/lib/mno-hw-mul\libc.a(lib_a-__call_atexit.o)
 .bss           0x00000000048100b4        0x0 c:/Users/robin/OneDrive/Desktop/CST455/cst455-labs/Lab04/software/Lab04_bsp/\libhal_bsp.a(alt_exit.o)
 *(COMMON)
                0x00000000048100b4                . = ALIGN (0x4)
                0x00000000048100b4                __bss_end = ABSOLUTE (.)

.SDRAM          0x00000000048100b4        0x0
                [!provide]                        PROVIDE (_alt_partition_SDRAM_start = ABSOLUTE (.))
 *(.SDRAM .SDRAM. SDRAM.*)
                0x00000000048100b4                . = ALIGN (0x4)
                [!provide]                        PROVIDE (_alt_partition_SDRAM_end = ABSOLUTE (.))
                0x00000000048100b4                _end = ABSOLUTE (.)
                0x00000000048100b4                end = ABSOLUTE (.)
                0x00000000048100b4                __alt_stack_base = ABSOLUTE (.)
                [!provide]                        PROVIDE (_alt_partition_SDRAM_load_addr = LOADADDR (.SDRAM))

.stab
 *(.stab)

.stabstr
 *(.stabstr)

.stab.excl
 *(.stab.excl)

.stab.exclstr
 *(.stab.exclstr)

.stab.index
 *(.stab.index)

.stab.indexstr
 *(.stab.indexstr)

.comment        0x0000000000000000       0x2d
 *(.comment)
 .comment       0x0000000000000000       0x2d obj/default/FreeRTOS/croutine.o
                                         0x2e (size before relaxing)
 .comment       0x000000000000002d       0x2e obj/default/FreeRTOS/event_groups.o
 .comment       0x000000000000002d       0x2e obj/default/FreeRTOS/list.o
 .comment       0x000000000000002d       0x2e obj/default/FreeRTOS/portable/GCC/NiosII/port.o
 .comment       0x000000000000002d       0x2e obj/default/FreeRTOS/portable/MemMang/heap_1.o
 .comment       0x000000000000002d       0x2e obj/default/FreeRTOS/queue.o
 .comment       0x000000000000002d       0x2e obj/default/FreeRTOS/stream_buffer.o
 .comment       0x000000000000002d       0x2e obj/default/FreeRTOS/tasks.o
 .comment       0x000000000000002d       0x2e obj/default/FreeRTOS/timers.o
 .comment       0x000000000000002d       0x2e obj/default/main.o
 .comment       0x000000000000002d       0x2e c:/intelfpga_lite/22.1std/nios2eds/bin/gnu/h-x86_64-mingw32/bin/../lib/gcc/nios2-elf/12.2.1/mno-hw-mul\libgcc.a(lib2-mul.o)
 .comment       0x000000000000002d       0x2e c:/intelfpga_lite/22.1std/nios2eds/bin/gnu/h-x86_64-mingw32/bin/../lib/gcc/nios2-elf/12.2.1/../../../../../H-x86_64-mingw32/nios2-elf/lib/mno-hw-mul\libc.a(lib_a-memcpy.o)
 .comment       0x000000000000002d       0x2e c:/intelfpga_lite/22.1std/nios2eds/bin/gnu/h-x86_64-mingw32/bin/../lib/gcc/nios2-elf/12.2.1/../../../../../H-x86_64-mingw32/nios2-elf/lib/mno-hw-mul\libc.a(lib_a-memset.o)
 .comment       0x000000000000002d       0x2e c:/intelfpga_lite/22.1std/nios2eds/bin/gnu/h-x86_64-mingw32/bin/../lib/gcc/nios2-elf/12.2.1/../../../../../H-x86_64-mingw32/nios2-elf/lib/mno-hw-mul\libc.a(lib_a-puts.o)
 .comment       0x000000000000002d       0x2e c:/intelfpga_lite/22.1std/nios2eds/bin/gnu/h-x86_64-mingw32/bin/../lib/gcc/nios2-elf/12.2.1/../../../../../H-x86_64-mingw32/nios2-elf/lib/mno-hw-mul\libc.a(lib_a-strlen.o)
 .comment       0x000000000000002d       0x2e c:/intelfpga_lite/22.1std/nios2eds/bin/gnu/h-x86_64-mingw32/bin/../lib/gcc/nios2-elf/12.2.1/../../../../../H-x86_64-mingw32/nios2-elf/lib/mno-hw-mul\libc.a(lib_a-findfp.o)
 .comment       0x000000000000002d       0x2e c:/intelfpga_lite/22.1std/nios2eds/bin/gnu/h-x86_64-mingw32/bin/../lib/gcc/nios2-elf/12.2.1/../../../../../H-x86_64-mingw32/nios2-elf/lib/mno-hw-mul\libc.a(lib_a-fvwrite.o)
 .comment       0x000000000000002d       0x2e c:/intelfpga_lite/22.1std/nios2eds/bin/gnu/h-x86_64-mingw32/bin/../lib/gcc/nios2-elf/12.2.1/../../../../../H-x86_64-mingw32/nios2-elf/lib/mno-hw-mul\libc.a(lib_a-fwalk.o)
 .comment       0x000000000000002d       0x2e c:/intelfpga_lite/22.1std/nios2eds/bin/gnu/h-x86_64-mingw32/bin/../lib/gcc/nios2-elf/12.2.1/../../../../../H-x86_64-mingw32/nios2-elf/lib/mno-hw-mul\libc.a(lib_a-impure.o)
 .comment       0x000000000000002d       0x2e c:/intelfpga_lite/22.1std/nios2eds/bin/gnu/h-x86_64-mingw32/bin/../lib/gcc/nios2-elf/12.2.1/../../../../../H-x86_64-mingw32/nios2-elf/lib/mno-hw-mul\libc.a(lib_a-mallocr.o)
 .comment       0x000000000000002d       0x2e c:/intelfpga_lite/22.1std/nios2eds/bin/gnu/h-x86_64-mingw32/bin/../lib/gcc/nios2-elf/12.2.1/../../../../../H-x86_64-mingw32/nios2-elf/lib/mno-hw-mul\libc.a(lib_a-memchr.o)
 .comment       0x000000000000002d       0x2e c:/intelfpga_lite/22.1std/nios2eds/bin/gnu/h-x86_64-mingw32/bin/../lib/gcc/nios2-elf/12.2.1/../../../../../H-x86_64-mingw32/nios2-elf/lib/mno-hw-mul\libc.a(lib_a-memmove.o)
 .comment       0x000000000000002d       0x2e c:/intelfpga_lite/22.1std/nios2eds/bin/gnu/h-x86_64-mingw32/bin/../lib/gcc/nios2-elf/12.2.1/../../../../../H-x86_64-mingw32/nios2-elf/lib/mno-hw-mul\libc.a(lib_a-reallocr.o)
 .comment       0x000000000000002d       0x2e c:/intelfpga_lite/22.1std/nios2eds/bin/gnu/h-x86_64-mingw32/bin/../lib/gcc/nios2-elf/12.2.1/../../../../../H-x86_64-mingw32/nios2-elf/lib/mno-hw-mul\libc.a(lib_a-sbrkr.o)
 .comment       0x000000000000002d       0x2e c:/intelfpga_lite/22.1std/nios2eds/bin/gnu/h-x86_64-mingw32/bin/../lib/gcc/nios2-elf/12.2.1/../../../../../H-x86_64-mingw32/nios2-elf/lib/mno-hw-mul\libc.a(lib_a-stdio.o)
 .comment       0x000000000000002d       0x2e c:/intelfpga_lite/22.1std/nios2eds/bin/gnu/h-x86_64-mingw32/bin/../lib/gcc/nios2-elf/12.2.1/../../../../../H-x86_64-mingw32/nios2-elf/lib/mno-hw-mul\libc.a(lib_a-writer.o)
 .comment       0x000000000000002d       0x2e c:/intelfpga_lite/22.1std/nios2eds/bin/gnu/h-x86_64-mingw32/bin/../lib/gcc/nios2-elf/12.2.1/../../../../../H-x86_64-mingw32/nios2-elf/lib/mno-hw-mul\libc.a(lib_a-wsetup.o)
 .comment       0x000000000000002d       0x2e c:/intelfpga_lite/22.1std/nios2eds/bin/gnu/h-x86_64-mingw32/bin/../lib/gcc/nios2-elf/12.2.1/../../../../../H-x86_64-mingw32/nios2-elf/lib/mno-hw-mul\libc.a(closer.o)
 .comment       0x000000000000002d       0x2e c:/intelfpga_lite/22.1std/nios2eds/bin/gnu/h-x86_64-mingw32/bin/../lib/gcc/nios2-elf/12.2.1/../../../../../H-x86_64-mingw32/nios2-elf/lib/mno-hw-mul\libc.a(lib_a-fclose.o)
 .comment       0x000000000000002d       0x2e c:/intelfpga_lite/22.1std/nios2eds/bin/gnu/h-x86_64-mingw32/bin/../lib/gcc/nios2-elf/12.2.1/../../../../../H-x86_64-mingw32/nios2-elf/lib/mno-hw-mul\libc.a(lib_a-fflush.o)