------------------------------------------------------------
Timing Analyzer Summary
------------------------------------------------------------

Type  : Slow 1100mV 85C Model Setup 'CST455_Final_HPS:u0|CST455_Final_HPS_hps_0:hps_0|CST455_Final_HPS_hps_0_hps_io:hps_io|CST455_Final_HPS_hps_0_hps_io_border:border|hps_sdram:hps_sdram_inst|hps_sdram_pll:pll|afi_clk_write_clk'
Slack : 1.730
TNS   : 0.000

Type  : Slow 1100mV 85C Model Setup 'CLOCK_50'
Slack : 11.279
TNS   : 0.000

Type  : Slow 1100mV 85C Model Hold 'CST455_Final_HPS:u0|CST455_Final_HPS_hps_0:hps_0|CST455_Final_HPS_hps_0_hps_io:hps_io|CST455_Final_HPS_hps_0_hps_io_border:border|hps_sdram:hps_sdram_inst|hps_sdram_pll:pll|afi_clk_write_clk'
Slack : 0.143
TNS   : 0.000

Type  : Slow 1100mV 85C Model Hold 'CLOCK_50'
Slack : 0.227
TNS   : 0.000

Type  : Slow 1100mV 85C Model Recovery 'CST455_Final_HPS:u0|CST455_Final_HPS_hps_0:hps_0|CST455_Final_HPS_hps_0_hps_io:hps_io|CST455_Final_HPS_hps_0_hps_io_border:border|hps_sdram:hps_sdram_inst|hps_sdram_pll:pll|afi_clk_write_clk'
Slack : 3.375
TNS   : 0.000

Type  : Slow 1100mV 85C Model Recovery 'CLOCK_50'
Slack : 14.577
TNS   : 0.000

Type  : Slow 1100mV 85C Model Removal 'CST455_Final_HPS:u0|CST455_Final_HPS_hps_0:hps_0|CST455_Final_HPS_hps_0_hps_io:hps_io|CST455_Final_HPS_hps_0_hps_io_border:border|hps_sdram:hps_sdram_inst|hps_sdram_pll:pll|afi_clk_write_clk'
Slack : 0.470
TNS   : 0.000

Type  : Slow 1100mV 85C Model Removal 'CLOCK_50'
Slack : 0.768
TNS   : 0.000

Type  : Slow 1100mV 85C Model Minimum Pulse Width 'CST455_Final_HPS:u0|CST455_Final_HPS_hps_0:hps_0|CST455_Final_HPS_hps_0_hps_io:hps_io|CST455_Final_HPS_hps_0_hps_io_border:border|hps_sdram:hps_sdram_inst|hps_sdram_pll:pll|pll_write_clk_dq_write_clk'
Slack : 0.608
TNS   : 0.000

Type  : Slow 1100mV 85C Model Minimum Pulse Width 'CST455_Final_HPS:u0|CST455_Final_HPS_hps_0:hps_0|CST455_Final_HPS_hps_0_hps_io:hps_io|CST455_Final_HPS_hps_0_hps_io_border:border|hps_sdram:hps_sdram_inst|hps_sdram_pll:pll|afi_clk_write_clk'
Slack : 0.623
TNS   : 0.000

Type  : Slow 1100mV 85C Model Minimum Pulse Width 'CLOCK_50'
Slack : 9.221
TNS   : 0.000

Type  : Slow 1100mV 0C Model Setup 'CST455_Final_HPS:u0|CST455_Final_HPS_hps_0:hps_0|CST455_Final_HPS_hps_0_hps_io:hps_io|CST455_Final_HPS_hps_0_hps_io_border:border|hps_sdram:hps_sdram_inst|hps_sdram_pll:pll|afi_clk_write_clk'
Slack : 1.727
TNS   : 0.000

Type  : Slow 1100mV 0C Model Setup 'CLOCK_50'
Slack : 11.350
TNS   : 0.000

Type  : Slow 1100mV 0C Model Hold 'CST455_Final_HPS:u0|CST455_Final_HPS_hps_0:hps_0|CST455_Final_HPS_hps_0_hps_io:hps_io|CST455_Final_HPS_hps_0_hps_io_border:border|hps_sdram:hps_sdram_inst|hps_sdram_pll:pll|afi_clk_write_clk'
Slack : 0.162
TNS   : 0.000

Type  : Slow 1100mV 0C Model Hold 'CLOCK_50'
Slack : 0.217
TNS   : 0.000

Type  : Slow 1100mV 0C Model Recovery 'CST455_Final_HPS:u0|CST455_Final_HPS_hps_0:hps_0|CST455_Final_HPS_hps_0_hps_io:hps_io|CST455_Final_HPS_hps_0_hps_io_border:border|hps_sdram:hps_sdram_inst|hps_sdram_pll:pll|afi_clk_write_clk'
Slack : 3.468
TNS   : 0.000

Type  : Slow 1100mV 0C Model Recovery 'CLOCK_50'
Slack : 14.794
TNS   : 0.000

Type  : Slow 1100mV 0C Model Removal 'CST455_Final_HPS:u0|CST455_Final_HPS_hps_0:hps_0|CST455_Final_HPS_hps_0_hps_io:hps_io|CST455_Final_HPS_hps_0_hps_io_border:border|hps_sdram:hps_sdram_inst|hps_sdram_pll:pll|afi_clk_write_clk'
Slack : 0.460
TNS   : 0.000

Type  : Slow 1100mV 0C Model Removal 'CLOCK_50'
Slack : 0.689
TNS   : 0.000

Type  : Slow 1100mV 0C Model Minimum Pulse Width 'CST455_Final_HPS:u0|CST455_Final_HPS_hps_0:hps_0|CST455_Final_HPS_hps_0_hps_io:hps_io|CST455_Final_HPS_hps_0_hps_io_border:border|hps_sdram:hps_sdram_inst|hps_sdram_pll:pll|pll_write_clk_dq_write_clk'
Slack : 0.613
TNS   : 0.000

Type  : Slow 1100mV 0C Model Minimum Pulse Width 'CST455_Final_HPS:u0|CST455_Final_HPS_hps_0:hps_0|CST455_Final_HPS_hps_0_hps_io:hps_io|CST455_Final_HPS_hps_0_hps_io_border:border|hps_sdram:hps_sdram_inst|hps_sdram_pll:pll|afi_clk_write_clk'
Slack : 0.630
TNS   : 0.000

Type  : Slow 1100mV 0C Model Minimum Pulse Width 'CLOCK_50'
Slack : 9.279
TNS   : 0.000

Type  : Fast 1100mV 85C Model Setup 'CST455_Final_HPS:u0|CST455_Final_HPS_hps_0:hps_0|CST455_Final_HPS_hps_0_hps_io:hps_io|CST455_Final_HPS_hps_0_hps_io_border:border|hps_sdram:hps_sdram_inst|hps_sdram_pll:pll|afi_clk_write_clk'
Slack : 2.110
TNS   : 0.000

Type  : Fast 1100mV 85C Model Setup 'CLOCK_50'
Slack : 14.450
TNS   : 0.000

Type  : Fast 1100mV 85C Model Hold 'CST455_Final_HPS:u0|CST455_Final_HPS_hps_0:hps_0|CST455_Final_HPS_hps_0_hps_io:hps_io|CST455_Final_HPS_hps_0_hps_io_border:border|hps_sdram:hps_sdram_inst|hps_sdram_pll:pll|afi_clk_write_clk'
Slack : 0.084
TNS   : 0.000

Type  : Fast 1100mV 85C Model Hold 'CLOCK_50'
Slack : 0.135
TNS   : 0.000

Type  : Fast 1100mV 85C Model Recovery 'CST455_Final_HPS:u0|CST455_Final_HPS_hps_0:hps_0|CST455_Final_HPS_hps_0_hps_io:hps_io|CST455_Final_HPS_hps_0_hps_io_border:border|hps_sdram:hps_sdram_inst|hps_sdram_pll:pll|afi_clk_write_clk'
Slack : 3.727
TNS   : 0.000

Type  : Fast 1100mV 85C Model Recovery 'CLOCK_50'
Slack : 16.300
TNS   : 0.000

Type  : Fast 1100mV 85C Model Removal 'CLOCK_50'
Slack : 0.452
TNS   : 0.000

Type  : Fast 1100mV 85C Model Removal 'CST455_Final_HPS:u0|CST455_Final_HPS_hps_0:hps_0|CST455_Final_HPS_hps_0_hps_io:hps_io|CST455_Final_HPS_hps_0_hps_io_border:border|hps_sdram:hps_sdram_inst|hps_sdram_pll:pll|afi_clk_write_clk'
Slack : 0.497
TNS   : 0.000

Type  : Fast 1100mV 85C Model Minimum Pulse Width 'CST455_Final_HPS:u0|CST455_Final_HPS_hps_0:hps_0|CST455_Final_HPS_hps_0_hps_io:hps_io|CST455_Final_HPS_hps_0_hps_io_border:border|hps_sdram:hps_sdram_inst|hps_sdram_pll:pll|pll_write_clk_dq_write_clk'
Slack : 0.883
TNS   : 0.000

Type  : Fast 1100mV 85C Model Minimum Pulse Width 'CST455_Final_HPS:u0|CST455_Final_HPS_hps_0:hps_0|CST455_Final_HPS_hps_0_hps_io:hps_io|CST455_Final_HPS_hps_0_hps_io_border:border|hps_sdram:hps_sdram_inst|hps_sdram_pll:pll|afi_clk_write_clk'
Slack : 0.891
TNS   : 0.000

Type  : Fast 1100mV 85C Model Minimum Pulse Width 'CLOCK_50'
Slack : 9.100
TNS   : 0.000

Type  : Fast 1100mV 0C Model Setup 'CST455_Final_HPS:u0|CST455_Final_HPS_hps_0:hps_0|CST455_Final_HPS_hps_0_hps_io:hps_io|CST455_Final_HPS_hps_0_hps_io_border:border|hps_sdram:hps_sdram_inst|hps_sdram_pll:pll|afi_clk_write_clk'
Slack : 2.110
TNS   : 0.000

Type  : Fast 1100mV 0C Model Setup 'CLOCK_50'
Slack : 15.037
TNS   : 0.000

Type  : Fast 1100mV 0C Model Hold 'CST455_Final_HPS:u0|CST455_Final_HPS_hps_0:hps_0|CST455_Final_HPS_hps_0_hps_io:hps_io|CST455_Final_HPS_hps_0_hps_io_border:border|hps_sdram:hps_sdram_inst|hps_sdram_pll:pll|afi_clk_write_clk'
Slack : 0.077
TNS   : 0.000

Type  : Fast 1100mV 0C Model Hold 'CLOCK_50'
Slack : 0.122
TNS   : 0.000

Type  : Fast 1100mV 0C Model Recovery 'CST455_Final_HPS:u0|CST455_Final_HPS_hps_0:hps_0|CST455_Final_HPS_hps_0_hps_io:hps_io|CST455_Final_HPS_hps_0_hps_io_border:border|hps_sdram:hps_sdram_inst|hps_sdram_pll:pll|afi_clk_write_clk'
Slack : 3.825
TNS   : 0.000

Type  : Fast 1100mV 0C Model Recovery 'CLOCK_50'
Slack : 16.747
TNS   : 0.000

Type  : Fast 1100mV 0C Model Removal 'CLOCK_50'
Slack : 0.405
TNS   : 0.000

Type  : Fast 1100mV 0C Model Removal 'CST455_Final_HPS:u0|CST455_Final_HPS_hps_0:hps_0|CST455_Final_HPS_hps_0_hps_io:hps_io|CST455_Final_HPS_hps_0_hps_io_border:border|hps_sdram:hps_sdram_inst|hps_sdram_pll:pll|afi_clk_write_clk'
Slack : 0.473
TNS   : 0.000

Type  : Fast 1100mV 0C Model Minimum Pulse Width 'CST455_Final_HPS:u0|CST455_Final_HPS_hps_0:hps_0|CST455_Final_HPS_hps_0_hps_io:hps_io|CST455_Final_HPS_hps_0_hps_io_border:border|hps_sdram:hps_sdram_inst|hps_sdram_pll:pll|pll_write_clk_dq_write_clk'
Slack : 0.887
TNS   : 0.000

Type  : Fast 1100mV 0C Model Minimum Pulse Width 'CST455_Final_HPS:u0|CST455_Final_HPS_hps_0:hps_0|CST455_Final_HPS_hps_0_hps_io:hps_io|CST455_Final_HPS_hps_0_hps_io_border:border|hps_sdram:hps_sdram_inst|hps_sdram_pll:pll|afi_clk_write_clk'
Slack : 0.894
TNS   : 0.000

Type  : Fast 1100mV 0C Model Minimum Pulse Width 'CLOCK_50'
Slack : 9.063
TNS   : 0.000

------------------------------------------------------------
Info: see the "DDR report" for DDR timing results
------------------------------------------------------------
------------------------------------------------------------
