Archive member included to satisfy reference by file (symbol)

c:/intelfpga_lite/22.1std/nios2eds/bin/gnu/h-x86_64-mingw32/bin/../lib/gcc/nios2-elf/12.2.1/../../../../../H-x86_64-mingw32/nios2-elf/lib/mno-hw-mul\libsmallc.a(lib_a-puts.o)
                              obj/default/main.o (puts)
c:/intelfpga_lite/22.1std/nios2eds/bin/gnu/h-x86_64-mingw32/bin/../lib/gcc/nios2-elf/12.2.1/../../../../../H-x86_64-mingw32/nios2-elf/lib/mno-hw-mul\libsmallc.a(lib_a-strlen.o)
                              c:/intelfpga_lite/22.1std/nios2eds/bin/gnu/h-x86_64-mingw32/bin/../lib/gcc/nios2-elf/12.2.1/../../../../../H-x86_64-mingw32/nios2-elf/lib/mno-hw-mul\libsmallc.a(lib_a-puts.o) (strlen)
c:/intelfpga_lite/22.1std/nios2eds/bin/gnu/h-x86_64-mingw32/bin/../lib/gcc/nios2-elf/12.2.1/../../../../../H-x86_64-mingw32/nios2-elf/lib/mno-hw-mul\libsmallc.a(lib_a-fvwrite_small_dev.o)
                              c:/intelfpga_lite/22.1std/nios2eds/bin/gnu/h-x86_64-mingw32/bin/../lib/gcc/nios2-elf/12.2.1/../../../../../H-x86_64-mingw32/nios2-elf/lib/mno-hw-mul\libsmallc.a(lib_a-puts.o) (__sfvwrite_small_dev)
c:/intelfpga_lite/22.1std/nios2eds/bin/gnu/h-x86_64-mingw32/bin/../lib/gcc/nios2-elf/12.2.1/../../../../../H-x86_64-mingw32/nios2-elf/lib/mno-hw-mul\libsmallc.a(lib_a-impure.o)
                              c:/intelfpga_lite/22.1std/nios2eds/bin/gnu/h-x86_64-mingw32/bin/../lib/gcc/nios2-elf/12.2.1/../../../../../H-x86_64-mingw32/nios2-elf/lib/mno-hw-mul\libsmallc.a(lib_a-puts.o) (_impure_ptr)
c:/intelfpga_lite/22.1std/nios2eds/bin/gnu/h-x86_64-mingw32/bin/../lib/gcc/nios2-elf/12.2.1/../../../../../H-x86_64-mingw32/nios2-elf/lib/mno-hw-mul\libsmallc.a(lib_a-writer.o)
                              c:/intelfpga_lite/22.1std/nios2eds/bin/gnu/h-x86_64-mingw32/bin/../lib/gcc/nios2-elf/12.2.1/../../../../../H-x86_64-mingw32/nios2-elf/lib/mno-hw-mul\libsmallc.a(lib_a-fvwrite_small_dev.o) (_write_r)
c:/intelfpga_lite/22.1std/nios2eds/bin/gnu/h-x86_64-mingw32/bin/../lib/gcc/nios2-elf/12.2.1/../../../../../H-x86_64-mingw32/nios2-elf/lib/mno-hw-mul\libsmallc.a(lib_a-int_errno.o)
                              c:/intelfpga_lite/22.1std/nios2eds/bin/gnu/h-x86_64-mingw32/bin/../lib/gcc/nios2-elf/12.2.1/../../../../../H-x86_64-mingw32/nios2-elf/lib/mno-hw-mul\libsmallc.a(lib_a-writer.o) (errno)
c:/Users/robin/OneDrive/Desktop/CST455/cst455-labs/Lab03/Software/Lab03_bsp/\libhal_bsp.a(alt_load.o)
                              c:/Users/robin/OneDrive/Desktop/CST455/cst455-labs/Lab03/Software/Lab03_bsp//obj/HAL/src/crt0.o (alt_load)
c:/Users/robin/OneDrive/Desktop/CST455/cst455-labs/Lab03/Software/Lab03_bsp/\libhal_bsp.a(alt_main.o)
                              c:/Users/robin/OneDrive/Desktop/CST455/cst455-labs/Lab03/Software/Lab03_bsp//obj/HAL/src/crt0.o (alt_main)
c:/Users/robin/OneDrive/Desktop/CST455/cst455-labs/Lab03/Software/Lab03_bsp/\libhal_bsp.a(alt_usleep.o)
                              obj/default/main.o (usleep)
c:/Users/robin/OneDrive/Desktop/CST455/cst455-labs/Lab03/Software/Lab03_bsp/\libhal_bsp.a(alt_write.o)
                              c:/intelfpga_lite/22.1std/nios2eds/bin/gnu/h-x86_64-mingw32/bin/../lib/gcc/nios2-elf/12.2.1/../../../../../H-x86_64-mingw32/nios2-elf/lib/mno-hw-mul\libsmallc.a(lib_a-writer.o) (write)
c:/Users/robin/OneDrive/Desktop/CST455/cst455-labs/Lab03/Software/Lab03_bsp/\libhal_bsp.a(alt_sys_init.o)
                              c:/Users/robin/OneDrive/Desktop/CST455/cst455-labs/Lab03/Software/Lab03_bsp/\libhal_bsp.a(alt_main.o) (alt_irq_init)
c:/Users/robin/OneDrive/Desktop/CST455/cst455-labs/Lab03/Software/Lab03_bsp/\libhal_bsp.a(altera_avalon_jtag_uart_write.o)
                              c:/Users/robin/OneDrive/Desktop/CST455/cst455-labs/Lab03/Software/Lab03_bsp/\libhal_bsp.a(alt_write.o) (altera_avalon_jtag_uart_write)
c:/Users/robin/OneDrive/Desktop/CST455/cst455-labs/Lab03/Software/Lab03_bsp/\libhal_bsp.a(alt_busy_sleep.o)
                              c:/Users/robin/OneDrive/Desktop/CST455/cst455-labs/Lab03/Software/Lab03_bsp/\libhal_bsp.a(alt_usleep.o) (alt_busy_sleep)
c:/Users/robin/OneDrive/Desktop/CST455/cst455-labs/Lab03/Software/Lab03_bsp/\libhal_bsp.a(alt_dcache_flush_all.o)
                              c:/Users/robin/OneDrive/Desktop/CST455/cst455-labs/Lab03/Software/Lab03_bsp/\libhal_bsp.a(alt_load.o) (alt_dcache_flush_all)
c:/Users/robin/OneDrive/Desktop/CST455/cst455-labs/Lab03/Software/Lab03_bsp/\libhal_bsp.a(alt_errno.o)
                              c:/Users/robin/OneDrive/Desktop/CST455/cst455-labs/Lab03/Software/Lab03_bsp/\libhal_bsp.a(alt_write.o) (alt_errno)
c:/Users/robin/OneDrive/Desktop/CST455/cst455-labs/Lab03/Software/Lab03_bsp/\libhal_bsp.a(alt_icache_flush_all.o)
                              c:/Users/robin/OneDrive/Desktop/CST455/cst455-labs/Lab03/Software/Lab03_bsp/\libhal_bsp.a(alt_load.o) (alt_icache_flush_all)
c:/Users/robin/OneDrive/Desktop/CST455/cst455-labs/Lab03/Software/Lab03_bsp/\libhal_bsp.a(altera_nios2_gen2_irq.o)
                              c:/Users/robin/OneDrive/Desktop/CST455/cst455-labs/Lab03/Software/Lab03_bsp/\libhal_bsp.a(alt_sys_init.o) (altera_nios2_gen2_irq_init)
c:/intelfpga_lite/22.1std/nios2eds/bin/gnu/h-x86_64-mingw32/bin/../lib/gcc/nios2-elf/12.2.1/../../../../../H-x86_64-mingw32/nios2-elf/lib/mno-hw-mul\libsmallc.a(lib_a-memcpy.o)
                              c:/Users/robin/OneDrive/Desktop/CST455/cst455-labs/Lab03/Software/Lab03_bsp/\libhal_bsp.a(alt_load.o) (memcpy)
c:/intelfpga_lite/22.1std/nios2eds/bin/gnu/h-x86_64-mingw32/bin/../lib/gcc/nios2-elf/12.2.1/mno-hw-mul\libgcc.a(lib2-divmod.o)
                              c:/Users/robin/OneDrive/Desktop/CST455/cst455-labs/Lab03/Software/Lab03_bsp/\libhal_bsp.a(alt_busy_sleep.o) (__udivsi3)
c:/intelfpga_lite/22.1std/nios2eds/bin/gnu/h-x86_64-mingw32/bin/../lib/gcc/nios2-elf/12.2.1/mno-hw-mul\libgcc.a(lib2-mul.o)
                              c:/Users/robin/OneDrive/Desktop/CST455/cst455-labs/Lab03/Software/Lab03_bsp/\libhal_bsp.a(alt_busy_sleep.o) (__mulsi3)

Memory Configuration

Name             Origin             Length             Attributes
reset            0x0000000000001000 0x0000000000000020
SRAM             0x0000000000001020 0x0000000000000fe0
*default*        0x0000000000000000 0xffffffffffffffff

Linker script and memory map

LOAD c:/Users/robin/OneDrive/Desktop/CST455/cst455-labs/Lab03/Software/Lab03_bsp//obj/HAL/src/crt0.o
LOAD obj/default/main.o
LOAD c:/intelfpga_lite/22.1std/nios2eds/bin/gnu/h-x86_64-mingw32/bin/../lib/gcc/nios2-elf/12.2.1/../../../../../H-x86_64-mingw32/nios2-elf/lib/mno-hw-mul\libstdc++.a
LOAD c:/intelfpga_lite/22.1std/nios2eds/bin/gnu/h-x86_64-mingw32/bin/../lib/gcc/nios2-elf/12.2.1/../../../../../H-x86_64-mingw32/nios2-elf/lib/mno-hw-mul\libm.a
LOAD c:/intelfpga_lite/22.1std/nios2eds/bin/gnu/h-x86_64-mingw32/bin/../lib/gcc/nios2-elf/12.2.1/mno-hw-mul\libgcc.a
START GROUP
LOAD c:/intelfpga_lite/22.1std/nios2eds/bin/gnu/h-x86_64-mingw32/bin/../lib/gcc/nios2-elf/12.2.1/../../../../../H-x86_64-mingw32/nios2-elf/lib/mno-hw-mul\libsmallc.a
LOAD c:/intelfpga_lite/22.1std/nios2eds/bin/gnu/h-x86_64-mingw32/bin/../lib/gcc/nios2-elf/12.2.1/mno-hw-mul\libgcc.a
LOAD c:/Users/robin/OneDrive/Desktop/CST455/cst455-labs/Lab03/Software/Lab03_bsp/\libhal_bsp.a
LOAD c:/intelfpga_lite/22.1std/nios2eds/bin/gnu/h-x86_64-mingw32/bin/../lib/gcc/nios2-elf/12.2.1/../../../../../H-x86_64-mingw32/nios2-elf/lib/mno-hw-mul\libm.a
END GROUP
LOAD c:/intelfpga_lite/22.1std/nios2eds/bin/gnu/h-x86_64-mingw32/bin/../lib/gcc/nios2-elf/12.2.1/mno-hw-mul\libgcc.a
                0x0000000000001000                __alt_mem_SRAM = 0x1000

.entry          0x0000000000001000       0x20
 *(.entry)
 .entry         0x0000000000001000       0x20 c:/Users/robin/OneDrive/Desktop/CST455/cst455-labs/Lab03/Software/Lab03_bsp//obj/HAL/src/crt0.o
                0x0000000000001000                __reset
                0x000000000000100c                _exit

.exceptions     0x0000000000001020        0x0
                0x0000000000001020                PROVIDE (__ram_exceptions_start = ABSOLUTE (.))
                0x0000000000001020                . = ALIGN (0x20)
 *(.irq)
 *(.exceptions.entry.label)
 *(.exceptions.entry.user)
 *(.exceptions.entry.ecc_fatal)
 *(.exceptions.entry)
 *(.exceptions.irqtest.user)
 *(.exceptions.irqtest)
 *(.exceptions.irqhandler.user)
 *(.exceptions.irqhandler)
 *(.exceptions.irqreturn.user)
 *(.exceptions.irqreturn)
 *(.exceptions.notirq.label)
 *(.exceptions.notirq.user)
 *(.exceptions.notirq)
 *(.exceptions.soft.user)
 *(.exceptions.soft)
 *(.exceptions.unknown.user)
 *(.exceptions.unknown)
 *(.exceptions.exit.label)
 *(.exceptions.exit.user)
 *(.exceptions.exit)
 *(.exceptions)
                0x0000000000001020                PROVIDE (__ram_exceptions_end = ABSOLUTE (.))
                0x0000000000001020                PROVIDE (__flash_exceptions_start = LOADADDR (.exceptions))

.text           0x0000000000001020      0x67c
                [!provide]                        PROVIDE (stext = ABSOLUTE (.))
 *(.interp)
 *(.hash)
 *(.dynsym)
 *(.dynstr)
 *(.gnu.version)
 *(.gnu.version_d)
 *(.gnu.version_r)
 *(.rel.init)
 *(.rela.init)
 *(.rel.text .rel.text.* .rel.gnu.linkonce.t.*)
 *(.rela.text .rela.text.* .rela.gnu.linkonce.t.*)
 *(.rel.fini)
 *(.rela.fini)
 *(.rel.rodata .rel.rodata.* .rel.gnu.linkonce.r.*)
 *(.rela.rodata .rela.rodata.* .rela.gnu.linkonce.r.*)
 *(.rel.data .rel.data.* .rel.gnu.linkonce.d.*)
 *(.rela.data .rela.data.* .rela.gnu.linkonce.d.*)
 *(.rel.tdata .rel.tdata.* .rel.gnu.linkonce.td.*)
 *(.rela.tdata .rela.tdata.* .rela.gnu.linkonce.td.*)
 *(.rel.tbss .rel.tbss.* .rel.gnu.linkonce.tb.*)
 *(.rela.tbss .rela.tbss.* .rela.gnu.linkonce.tb.*)
 *(.rel.ctors)
 *(.rela.ctors)
 *(.rel.dtors)
 *(.rela.dtors)
 *(.rel.got)
 *(.rela.got)
 *(.rel.sdata .rel.sdata.* .rel.gnu.linkonce.s.*)
 *(.rela.sdata .rela.sdata.* .rela.gnu.linkonce.s.*)
 *(.rel.sbss .rel.sbss.* .rel.gnu.linkonce.sb.*)
 *(.rela.sbss .rela.sbss.* .rela.gnu.linkonce.sb.*)
 *(.rel.sdata2 .rel.sdata2.* .rel.gnu.linkonce.s2.*)
 *(.rela.sdata2 .rela.sdata2.* .rela.gnu.linkonce.s2.*)
 *(.rel.sbss2 .rel.sbss2.* .rel.gnu.linkonce.sb2.*)
 *(.rela.sbss2 .rela.sbss2.* .rela.gnu.linkonce.sb2.*)
 *(.rel.bss .rel.bss.* .rel.gnu.linkonce.b.*)
 *(.rela.bss .rela.bss.* .rela.gnu.linkonce.b.*)
 *(.rel.plt)
 *(.rela.plt)
 *(.rel.dyn)
 *(.init)
 *(.plt)
 *(.text .stub .text.* .gnu.linkonce.t.*)
 .text          0x0000000000001020       0x3c c:/Users/robin/OneDrive/Desktop/CST455/cst455-labs/Lab03/Software/Lab03_bsp//obj/HAL/src/crt0.o
                0x0000000000001020                _start
 .text          0x000000000000105c       0x30 obj/default/main.o
                0x000000000000105c                displayValue
 .text.startup  0x000000000000108c       0x64 obj/default/main.o
                0x000000000000108c                main
 .text          0x00000000000010f0        0x0 c:/intelfpga_lite/22.1std/nios2eds/bin/gnu/h-x86_64-mingw32/bin/../lib/gcc/nios2-elf/12.2.1/../../../../../H-x86_64-mingw32/nios2-elf/lib/mno-hw-mul\libsmallc.a(lib_a-puts.o)
 .text._puts_r  0x00000000000010f0       0x80 c:/intelfpga_lite/22.1std/nios2eds/bin/gnu/h-x86_64-mingw32/bin/../lib/gcc/nios2-elf/12.2.1/../../../../../H-x86_64-mingw32/nios2-elf/lib/mno-hw-mul\libsmallc.a(lib_a-puts.o)
                0x00000000000010f0                _puts_r
 .text.puts     0x0000000000001170       0x10 c:/intelfpga_lite/22.1std/nios2eds/bin/gnu/h-x86_64-mingw32/bin/../lib/gcc/nios2-elf/12.2.1/../../../../../H-x86_64-mingw32/nios2-elf/lib/mno-hw-mul\libsmallc.a(lib_a-puts.o)
                0x0000000000001170                puts
 .text          0x0000000000001180        0x0 c:/intelfpga_lite/22.1std/nios2eds/bin/gnu/h-x86_64-mingw32/bin/../lib/gcc/nios2-elf/12.2.1/../../../../../H-x86_64-mingw32/nios2-elf/lib/mno-hw-mul\libsmallc.a(lib_a-strlen.o)
 .text.strlen   0x0000000000001180       0x1c c:/intelfpga_lite/22.1std/nios2eds/bin/gnu/h-x86_64-mingw32/bin/../lib/gcc/nios2-elf/12.2.1/../../../../../H-x86_64-mingw32/nios2-elf/lib/mno-hw-mul\libsmallc.a(lib_a-strlen.o)
                0x0000000000001180                strlen
 .text          0x000000000000119c        0x0 c:/intelfpga_lite/22.1std/nios2eds/bin/gnu/h-x86_64-mingw32/bin/../lib/gcc/nios2-elf/12.2.1/../../../../../H-x86_64-mingw32/nios2-elf/lib/mno-hw-mul\libsmallc.a(lib_a-fvwrite_small_dev.o)
 .text.__sfvwrite_small_dev
                0x000000000000119c       0xa8 c:/intelfpga_lite/22.1std/nios2eds/bin/gnu/h-x86_64-mingw32/bin/../lib/gcc/nios2-elf/12.2.1/../../../../../H-x86_64-mingw32/nios2-elf/lib/mno-hw-mul\libsmallc.a(lib_a-fvwrite_small_dev.o)
                0x000000000000119c                __sfvwrite_small_dev
 .text          0x0000000000001244        0x0 c:/intelfpga_lite/22.1std/nios2eds/bin/gnu/h-x86_64-mingw32/bin/../lib/gcc/nios2-elf/12.2.1/../../../../../H-x86_64-mingw32/nios2-elf/lib/mno-hw-mul\libsmallc.a(lib_a-impure.o)
 .text          0x0000000000001244        0x0 c:/intelfpga_lite/22.1std/nios2eds/bin/gnu/h-x86_64-mingw32/bin/../lib/gcc/nios2-elf/12.2.1/../../../../../H-x86_64-mingw32/nios2-elf/lib/mno-hw-mul\libsmallc.a(lib_a-writer.o)
 .text._write_r
                0x0000000000001244       0x50 c:/intelfpga_lite/22.1std/nios2eds/bin/gnu/h-x86_64-mingw32/bin/../lib/gcc/nios2-elf/12.2.1/../../../../../H-x86_64-mingw32/nios2-elf/lib/mno-hw-mul\libsmallc.a(lib_a-writer.o)
                0x0000000000001244                _write_r
 .text          0x0000000000001294        0x0 c:/intelfpga_lite/22.1std/nios2eds/bin/gnu/h-x86_64-mingw32/bin/../lib/gcc/nios2-elf/12.2.1/../../../../../H-x86_64-mingw32/nios2-elf/lib/mno-hw-mul\libsmallc.a(lib_a-int_errno.o)
 .text          0x0000000000001294       0x84 c:/Users/robin/OneDrive/Desktop/CST455/cst455-labs/Lab03/Software/Lab03_bsp/\libhal_bsp.a(alt_load.o)
                0x0000000000001294                alt_load
 .text          0x0000000000001318       0x2c c:/Users/robin/OneDrive/Desktop/CST455/cst455-labs/Lab03/Software/Lab03_bsp/\libhal_bsp.a(alt_main.o)
                0x0000000000001318                alt_main
 .text          0x0000000000001344        0x4 c:/Users/robin/OneDrive/Desktop/CST455/cst455-labs/Lab03/Software/Lab03_bsp/\libhal_bsp.a(alt_usleep.o)
                0x0000000000001344                usleep
 .text          0x0000000000001348       0x5c c:/Users/robin/OneDrive/Desktop/CST455/cst455-labs/Lab03/Software/Lab03_bsp/\libhal_bsp.a(alt_write.o)
                0x0000000000001348                write
 .text          0x00000000000013a4       0x24 c:/Users/robin/OneDrive/Desktop/CST455/cst455-labs/Lab03/Software/Lab03_bsp/\libhal_bsp.a(alt_sys_init.o)
                0x00000000000013a4                alt_irq_init
                0x00000000000013c4                alt_sys_init
 .text          0x00000000000013c8       0x30 c:/Users/robin/OneDrive/Desktop/CST455/cst455-labs/Lab03/Software/Lab03_bsp/\libhal_bsp.a(altera_avalon_jtag_uart_write.o)
                0x00000000000013c8                altera_avalon_jtag_uart_write
 .text          0x00000000000013f8       0x90 c:/Users/robin/OneDrive/Desktop/CST455/cst455-labs/Lab03/Software/Lab03_bsp/\libhal_bsp.a(alt_busy_sleep.o)
                0x00000000000013f8                alt_busy_sleep
 .text          0x0000000000001488        0x4 c:/Users/robin/OneDrive/Desktop/CST455/cst455-labs/Lab03/Software/Lab03_bsp/\libhal_bsp.a(alt_dcache_flush_all.o)
                0x0000000000001488                alt_dcache_flush_all
 .text          0x000000000000148c        0x0 c:/Users/robin/OneDrive/Desktop/CST455/cst455-labs/Lab03/Software/Lab03_bsp/\libhal_bsp.a(alt_errno.o)
 .text          0x000000000000148c        0x4 c:/Users/robin/OneDrive/Desktop/CST455/cst455-labs/Lab03/Software/Lab03_bsp/\libhal_bsp.a(alt_icache_flush_all.o)
                0x000000000000148c                alt_icache_flush_all
 .text          0x0000000000001490        0x8 c:/Users/robin/OneDrive/Desktop/CST455/cst455-labs/Lab03/Software/Lab03_bsp/\libhal_bsp.a(altera_nios2_gen2_irq.o)
                0x0000000000001490                altera_nios2_gen2_irq_init
 .text          0x0000000000001498        0x0 c:/intelfpga_lite/22.1std/nios2eds/bin/gnu/h-x86_64-mingw32/bin/../lib/gcc/nios2-elf/12.2.1/../../../../../H-x86_64-mingw32/nios2-elf/lib/mno-hw-mul\libsmallc.a(lib_a-memcpy.o)
 .text.memcpy   0x0000000000001498       0x28 c:/intelfpga_lite/22.1std/nios2eds/bin/gnu/h-x86_64-mingw32/bin/../lib/gcc/nios2-elf/12.2.1/../../../../../H-x86_64-mingw32/nios2-elf/lib/mno-hw-mul\libsmallc.a(lib_a-memcpy.o)
                0x0000000000001498                memcpy
 .text          0x00000000000014c0      0x1b4 c:/intelfpga_lite/22.1std/nios2eds/bin/gnu/h-x86_64-mingw32/bin/../lib/gcc/nios2-elf/12.2.1/mno-hw-mul\libgcc.a(lib2-divmod.o)
                0x00000000000014c0                __divsi3
                0x0000000000001540                __modsi3
                0x00000000000015b4                __udivsi3
                0x0000000000001618                __umodsi3
 .text          0x0000000000001674       0x28 c:/intelfpga_lite/22.1std/nios2eds/bin/gnu/h-x86_64-mingw32/bin/../lib/gcc/nios2-elf/12.2.1/mno-hw-mul\libgcc.a(lib2-mul.o)
                0x0000000000001674                __mulsi3
 *(.gnu.warning.*)
 *(.fini)
                [!provide]                        PROVIDE (__etext = ABSOLUTE (.))
                [!provide]                        PROVIDE (_etext = ABSOLUTE (.))
                [!provide]                        PROVIDE (etext = ABSOLUTE (.))
 *(.eh_frame_hdr)
                0x000000000000169c                . = ALIGN (0x4)
                [!provide]                        PROVIDE (__preinit_array_start = ABSOLUTE (.))
 *(.preinit_array)
                [!provide]                        PROVIDE (__preinit_array_end = ABSOLUTE (.))
                [!provide]                        PROVIDE (__init_array_start = ABSOLUTE (.))
 *(.init_array)
                [!provide]                        PROVIDE (__init_array_end = ABSOLUTE (.))
                [!provide]                        PROVIDE (__fini_array_start = ABSOLUTE (.))
 *(.fini_array)
                [!provide]                        PROVIDE (__fini_array_end = ABSOLUTE (.))
 *(.eh_frame)
 *(.gcc_except_table .gcc_except_table.*)
 *(.dynamic)
                [!provide]                        PROVIDE (__CTOR_LIST__ = ABSOLUTE (.))
 *(.ctors)
 *(SORT_BY_NAME(.ctors.*))
                [!provide]                        PROVIDE (__CTOR_END__ = ABSOLUTE (.))
                [!provide]                        PROVIDE (__DTOR_LIST__ = ABSOLUTE (.))
 *(.dtors)
 *(SORT_BY_NAME(.dtors.*))
                [!provide]                        PROVIDE (__DTOR_END__ = ABSOLUTE (.))
 *(.jcr)
                0x000000000000169c                . = ALIGN (0x4)

.rodata         0x000000000000169c       0x28
                0x000000000000169c                PROVIDE (__ram_rodata_start = ABSOLUTE (.))
                0x000000000000169c                . = ALIGN (0x4)
 *(.rodata .rodata.* .gnu.linkonce.r.*)
 .rodata.str1.4
                0x000000000000169c       0x14 obj/default/main.o
 .rodata        0x00000000000016b0       0x10 obj/default/main.o
 .rodata._puts_r.str1.4
                0x00000000000016c0        0x2 c:/intelfpga_lite/22.1std/nios2eds/bin/gnu/h-x86_64-mingw32/bin/../lib/gcc/nios2-elf/12.2.1/../../../../../H-x86_64-mingw32/nios2-elf/lib/mno-hw-mul\libsmallc.a(lib_a-puts.o)
 *(.rodata1)
                0x00000000000016c4                . = ALIGN (0x4)
 *fill*         0x00000000000016c2        0x2 
                0x00000000000016c4                PROVIDE (__ram_rodata_end = ABSOLUTE (.))
                0x000000000000169c                PROVIDE (__flash_rodata_start = LOADADDR (.rodata))

.rwdata         0x00000000000016c4       0xf4 load address 0x00000000000017b8
                0x00000000000016c4                PROVIDE (__ram_rwdata_start = ABSOLUTE (.))
                0x00000000000016c4                . = ALIGN (0x4)
 *(.got.plt)
 *(.got)
 *(.data1)
 *(.data .data.* .gnu.linkonce.d.*)
 .data          0x00000000000016c4        0x0 c:/Users/robin/OneDrive/Desktop/CST455/cst455-labs/Lab03/Software/Lab03_bsp//obj/HAL/src/crt0.o
 .data          0x00000000000016c4        0x0 obj/default/main.o
 .data          0x00000000000016c4        0x0 c:/intelfpga_lite/22.1std/nios2eds/bin/gnu/h-x86_64-mingw32/bin/../lib/gcc/nios2-elf/12.2.1/../../../../../H-x86_64-mingw32/nios2-elf/lib/mno-hw-mul\libsmallc.a(lib_a-puts.o)
 .data          0x00000000000016c4        0x0 c:/intelfpga_lite/22.1std/nios2eds/bin/gnu/h-x86_64-mingw32/bin/../lib/gcc/nios2-elf/12.2.1/../../../../../H-x86_64-mingw32/nios2-elf/lib/mno-hw-mul\libsmallc.a(lib_a-strlen.o)
 .data          0x00000000000016c4        0x0 c:/intelfpga_lite/22.1std/nios2eds/bin/gnu/h-x86_64-mingw32/bin/../lib/gcc/nios2-elf/12.2.1/../../../../../H-x86_64-mingw32/nios2-elf/lib/mno-hw-mul\libsmallc.a(lib_a-fvwrite_small_dev.o)
 .data          0x00000000000016c4        0x0 c:/intelfpga_lite/22.1std/nios2eds/bin/gnu/h-x86_64-mingw32/bin/../lib/gcc/nios2-elf/12.2.1/../../../../../H-x86_64-mingw32/nios2-elf/lib/mno-hw-mul\libsmallc.a(lib_a-impure.o)
 .data.impure_data
                0x00000000000016c4       0xe4 c:/intelfpga_lite/22.1std/nios2eds/bin/gnu/h-x86_64-mingw32/bin/../lib/gcc/nios2-elf/12.2.1/../../../../../H-x86_64-mingw32/nios2-elf/lib/mno-hw-mul\libsmallc.a(lib_a-impure.o)
 .data          0x00000000000017a8        0x0 c:/intelfpga_lite/22.1std/nios2eds/bin/gnu/h-x86_64-mingw32/bin/../lib/gcc/nios2-elf/12.2.1/../../../../../H-x86_64-mingw32/nios2-elf/lib/mno-hw-mul\libsmallc.a(lib_a-writer.o)
 .data          0x00000000000017a8        0x0 c:/intelfpga_lite/22.1std/nios2eds/bin/gnu/h-x86_64-mingw32/bin/../lib/gcc/nios2-elf/12.2.1/../../../../../H-x86_64-mingw32/nios2-elf/lib/mno-hw-mul\libsmallc.a(lib_a-int_errno.o)
 .data          0x00000000000017a8        0x0 c:/Users/robin/OneDrive/Desktop/CST455/cst455-labs/Lab03/Software/Lab03_bsp/\libhal_bsp.a(alt_load.o)
 .data          0x00000000000017a8        0x0 c:/Users/robin/OneDrive/Desktop/CST455/cst455-labs/Lab03/Software/Lab03_bsp/\libhal_bsp.a(alt_main.o)
 .data          0x00000000000017a8        0x0 c:/Users/robin/OneDrive/Desktop/CST455/cst455-labs/Lab03/Software/Lab03_bsp/\libhal_bsp.a(alt_usleep.o)
 .data          0x00000000000017a8        0x0 c:/Users/robin/OneDrive/Desktop/CST455/cst455-labs/Lab03/Software/Lab03_bsp/\libhal_bsp.a(alt_write.o)
 .data          0x00000000000017a8        0x0 c:/Users/robin/OneDrive/Desktop/CST455/cst455-labs/Lab03/Software/Lab03_bsp/\libhal_bsp.a(alt_sys_init.o)
 .data          0x00000000000017a8        0x0 c:/Users/robin/OneDrive/Desktop/CST455/cst455-labs/Lab03/Software/Lab03_bsp/\libhal_bsp.a(altera_avalon_jtag_uart_write.o)
 .data          0x00000000000017a8        0x0 c:/Users/robin/OneDrive/Desktop/CST455/cst455-labs/Lab03/Software/Lab03_bsp/\libhal_bsp.a(alt_busy_sleep.o)
 .data          0x00000000000017a8        0x0 c:/Users/robin/OneDrive/Desktop/CST455/cst455-labs/Lab03/Software/Lab03_bsp/\libhal_bsp.a(alt_dcache_flush_all.o)
 .data          0x00000000000017a8        0x0 c:/Users/robin/OneDrive/Desktop/CST455/cst455-labs/Lab03/Software/Lab03_bsp/\libhal_bsp.a(alt_errno.o)
 .data          0x00000000000017a8        0x0 c:/Users/robin/OneDrive/Desktop/CST455/cst455-labs/Lab03/Software/Lab03_bsp/\libhal_bsp.a(alt_icache_flush_all.o)
 .data          0x00000000000017a8        0x0 c:/Users/robin/OneDrive/Desktop/CST455/cst455-labs/Lab03/Software/Lab03_bsp/\libhal_bsp.a(altera_nios2_gen2_irq.o)
 .data          0x00000000000017a8        0x0 c:/intelfpga_lite/22.1std/nios2eds/bin/gnu/h-x86_64-mingw32/bin/../lib/gcc/nios2-elf/12.2.1/../../../../../H-x86_64-mingw32/nios2-elf/lib/mno-hw-mul\libsmallc.a(lib_a-memcpy.o)
 .data          0x00000000000017a8        0x0 c:/intelfpga_lite/22.1std/nios2eds/bin/gnu/h-x86_64-mingw32/bin/../lib/gcc/nios2-elf/12.2.1/mno-hw-mul\libgcc.a(lib2-divmod.o)
 .data          0x00000000000017a8        0x0 c:/intelfpga_lite/22.1std/nios2eds/bin/gnu/h-x86_64-mingw32/bin/../lib/gcc/nios2-elf/12.2.1/mno-hw-mul\libgcc.a(lib2-mul.o)
                0x00000000000097a8                _gp = ABSOLUTE ((. + 0x8000))
                [!provide]                        PROVIDE (gp = _gp)
 *(.rwdata .rwdata.*)
 *(.sdata .sdata.* .gnu.linkonce.s.*)
 .sdata._global_impure_ptr
                0x00000000000017a8        0x4 c:/intelfpga_lite/22.1std/nios2eds/bin/gnu/h-x86_64-mingw32/bin/../lib/gcc/nios2-elf/12.2.1/../../../../../H-x86_64-mingw32/nios2-elf/lib/mno-hw-mul\libsmallc.a(lib_a-impure.o)
                0x00000000000017a8                _global_impure_ptr
 .sdata._impure_ptr
                0x00000000000017ac        0x4 c:/intelfpga_lite/22.1std/nios2eds/bin/gnu/h-x86_64-mingw32/bin/../lib/gcc/nios2-elf/12.2.1/../../../../../H-x86_64-mingw32/nios2-elf/lib/mno-hw-mul\libsmallc.a(lib_a-impure.o)
                0x00000000000017ac                _impure_ptr
 .sdata         0x00000000000017b0        0x4 c:/Users/robin/OneDrive/Desktop/CST455/cst455-labs/Lab03/Software/Lab03_bsp/\libhal_bsp.a(alt_sys_init.o)
                0x00000000000017b0                DEBUG
 .sdata         0x00000000000017b4        0x4 c:/Users/robin/OneDrive/Desktop/CST455/cst455-labs/Lab03/Software/Lab03_bsp/\libhal_bsp.a(alt_errno.o)
                0x00000000000017b4                alt_errno
 *(.sdata2 .sdata2.* .gnu.linkonce.s2.*)
                0x00000000000017b8                . = ALIGN (0x4)
                0x00000000000017b8                _edata = ABSOLUTE (.)
                [!provide]                        PROVIDE (edata = ABSOLUTE (.))
                0x00000000000017b8                PROVIDE (__ram_rwdata_end = ABSOLUTE (.))
                0x00000000000017b8                PROVIDE (__flash_rwdata_start = LOADADDR (.rwdata))

.bss            0x00000000000018ac       0x10
                0x00000000000018ac                __bss_start = ABSOLUTE (.)
                [!provide]                        PROVIDE (__sbss_start = ABSOLUTE (.))
                [!provide]                        PROVIDE (___sbss_start = ABSOLUTE (.))
 *(.dynsbss)
 *(.sbss .sbss.* .gnu.linkonce.sb.*)
 .sbss.errno    0x00000000000018ac        0x4 c:/intelfpga_lite/22.1std/nios2eds/bin/gnu/h-x86_64-mingw32/bin/../lib/gcc/nios2-elf/12.2.1/../../../../../H-x86_64-mingw32/nios2-elf/lib/mno-hw-mul\libsmallc.a(lib_a-int_errno.o)
                0x00000000000018ac                errno
 .sbss          0x00000000000018b0        0xc c:/Users/robin/OneDrive/Desktop/CST455/cst455-labs/Lab03/Software/Lab03_bsp/\libhal_bsp.a(alt_main.o)
                0x00000000000018b0                alt_envp
                0x00000000000018b4                alt_argv
                0x00000000000018b8                alt_argc
 *(.sbss2 .sbss2.* .gnu.linkonce.sb2.*)
 *(.scommon)
                [!provide]                        PROVIDE (__sbss_end = ABSOLUTE (.))
                [!provide]                        PROVIDE (___sbss_end = ABSOLUTE (.))
 *(.dynbss)
 *(.bss .bss.* .gnu.linkonce.b.*)
 .bss           0x00000000000018bc        0x0 c:/Users/robin/OneDrive/Desktop/CST455/cst455-labs/Lab03/Software/Lab03_bsp//obj/HAL/src/crt0.o
 .bss           0x00000000000018bc        0x0 obj/default/main.o
 .bss           0x00000000000018bc        0x0 c:/intelfpga_lite/22.1std/nios2eds/bin/gnu/h-x86_64-mingw32/bin/../lib/gcc/nios2-elf/12.2.1/../../../../../H-x86_64-mingw32/nios2-elf/lib/mno-hw-mul\libsmallc.a(lib_a-puts.o)
 .bss           0x00000000000018bc        0x0 c:/intelfpga_lite/22.1std/nios2eds/bin/gnu/h-x86_64-mingw32/bin/../lib/gcc/nios2-elf/12.2.1/../../../../../H-x86_64-mingw32/nios2-elf/lib/mno-hw-mul\libsmallc.a(lib_a-strlen.o)
 .bss           0x00000000000018bc        0x0 c:/intelfpga_lite/22.1std/nios2eds/bin/gnu/h-x86_64-mingw32/bin/../lib/gcc/nios2-elf/12.2.1/../../../../../H-x86_64-mingw32/nios2-elf/lib/mno-hw-mul\libsmallc.a(lib_a-fvwrite_small_dev.o)
 .bss           0x00000000000018bc        0x0 c:/intelfpga_lite/22.1std/nios2eds/bin/gnu/h-x86_64-mingw32/bin/../lib/gcc/nios2-elf/12.2.1/../../../../../H-x86_64-mingw32/nios2-elf/lib/mno-hw-mul\libsmallc.a(lib_a-impure.o)
 .bss           0x00000000000018bc        0x0 c:/intelfpga_lite/22.1std/nios2eds/bin/gnu/h-x86_64-mingw32/bin/../lib/gcc/nios2-elf/12.2.1/../../../../../H-x86_64-mingw32/nios2-elf/lib/mno-hw-mul\libsmallc.a(lib_a-writer.o)
 .bss           0x00000000000018bc        0x0 c:/intelfpga_lite/22.1std/nios2eds/bin/gnu/h-x86_64-mingw32/bin/../lib/gcc/nios2-elf/12.2.1/../../../../../H-x86_64-mingw32/nios2-elf/lib/mno-hw-mul\libsmallc.a(lib_a-int_errno.o)
 .bss           0x00000000000018bc        0x0 c:/Users/robin/OneDrive/Desktop/CST455/cst455-labs/Lab03/Software/Lab03_bsp/\libhal_bsp.a(alt_load.o)
 .bss           0x00000000000018bc        0x0 c:/Users/robin/OneDrive/Desktop/CST455/cst455-labs/Lab03/Software/Lab03_bsp/\libhal_bsp.a(alt_main.o)
 .bss           0x00000000000018bc        0x0 c:/Users/robin/OneDrive/Desktop/CST455/cst455-labs/Lab03/Software/Lab03_bsp/\libhal_bsp.a(alt_usleep.o)
 .bss           0x00000000000018bc        0x0 c:/Users/robin/OneDrive/Desktop/CST455/cst455-labs/Lab03/Software/Lab03_bsp/\libhal_bsp.a(alt_write.o)
 .bss           0x00000000000018bc        0x0 c:/Users/robin/OneDrive/Desktop/CST455/cst455-labs/Lab03/Software/Lab03_bsp/\libhal_bsp.a(alt_sys_init.o)
 .bss           0x00000000000018bc        0x0 c:/Users/robin/OneDrive/Desktop/CST455/cst455-labs/Lab03/Software/Lab03_bsp/\libhal_bsp.a(altera_avalon_jtag_uart_write.o)
 .bss           0x00000000000018bc        0x0 c:/Users/robin/OneDrive/Desktop/CST455/cst455-labs/Lab03/Software/Lab03_bsp/\libhal_bsp.a(alt_busy_sleep.o)
 .bss           0x00000000000018bc        0x0 c:/Users/robin/OneDrive/Desktop/CST455/cst455-labs/Lab03/Software/Lab03_bsp/\libhal_bsp.a(alt_dcache_flush_all.o)
 .bss           0x00000000000018bc        0x0 c:/Users/robin/OneDrive/Desktop/CST455/cst455-labs/Lab03/Software/Lab03_bsp/\libhal_bsp.a(alt_errno.o)
 .bss           0x00000000000018bc        0x0 c:/Users/robin/OneDrive/Desktop/CST455/cst455-labs/Lab03/Software/Lab03_bsp/\libhal_bsp.a(alt_icache_flush_all.o)
 .bss           0x00000000000018bc        0x0 c:/Users/robin/OneDrive/Desktop/CST455/cst455-labs/Lab03/Software/Lab03_bsp/\libhal_bsp.a(altera_nios2_gen2_irq.o)
 .bss           0x00000000000018bc        0x0 c:/intelfpga_lite/22.1std/nios2eds/bin/gnu/h-x86_64-mingw32/bin/../lib/gcc/nios2-elf/12.2.1/../../../../../H-x86_64-mingw32/nios2-elf/lib/mno-hw-mul\libsmallc.a(lib_a-memcpy.o)
 .bss           0x00000000000018bc        0x0 c:/intelfpga_lite/22.1std/nios2eds/bin/gnu/h-x86_64-mingw32/bin/../lib/gcc/nios2-elf/12.2.1/mno-hw-mul\libgcc.a(lib2-divmod.o)
 .bss           0x00000000000018bc        0x0 c:/intelfpga_lite/22.1std/nios2eds/bin/gnu/h-x86_64-mingw32/bin/../lib/gcc/nios2-elf/12.2.1/mno-hw-mul\libgcc.a(lib2-mul.o)
 *(COMMON)
                0x00000000000018bc                . = ALIGN (0x4)
                0x00000000000018bc                __bss_end = ABSOLUTE (.)

.SRAM           0x00000000000018bc        0x0
                [!provide]                        PROVIDE (_alt_partition_SRAM_start = ABSOLUTE (.))
 *(.SRAM .SRAM. SRAM.*)
                0x00000000000018bc                . = ALIGN (0x4)
                [!provide]                        PROVIDE (_alt_partition_SRAM_end = ABSOLUTE (.))
                0x00000000000018bc                _end = ABSOLUTE (.)
                0x00000000000018bc                end = ABSOLUTE (.)
                0x00000000000018bc                __alt_stack_base = ABSOLUTE (.)
                [!provide]                        PROVIDE (_alt_partition_SRAM_load_addr = LOADADDR (.SRAM))

.stab
 *(.stab)

.stabstr
 *(.stabstr)

.stab.excl
 *(.stab.excl)

.stab.exclstr
 *(.stab.exclstr)

.stab.index
 *(.stab.index)

.stab.indexstr
 *(.stab.indexstr)

.comment        0x0000000000000000       0x2d
 *(.comment)
 .comment       0x0000000000000000       0x2d obj/default/main.o
                                         0x2e (size before relaxing)
 .comment       0x000000000000002d       0x2e c:/intelfpga_lite/22.1std/nios2eds/bin/gnu/h-x86_64-mingw32/bin/../lib/gcc/nios2-elf/12.2.1/../../../../../H-x86_64-mingw32/nios2-elf/lib/mno-hw-mul\libsmallc.a(lib_a-puts.o)
 .comment       0x000000000000002d       0x2e c:/intelfpga_lite/22.1std/nios2eds/bin/gnu/h-x86_64-mingw32/bin/../lib/gcc/nios2-elf/12.2.1/../../../../../H-x86_64-mingw32/nios2-elf/lib/mno-hw-mul\libsmallc.a(lib_a-strlen.o)
 .comment       0x000000000000002d       0x2e c:/intelfpga_lite/22.1std/nios2eds/bin/gnu/h-x86_64-mingw32/bin/../lib/gcc/nios2-elf/12.2.1/../../../../../H-x86_64-mingw32/nios2-elf/lib/mno-hw-mul\libsmallc.a(lib_a-fvwrite_small_dev.o)
 .comment       0x000000000000002d       0x2e c:/intelfpga_lite/22.1std/nios2eds/bin/gnu/h-x86_64-mingw32/bin/../lib/gcc/nios2-elf/12.2.1/../../../../../H-x86_64-mingw32/nios2-elf/lib/mno-hw-mul\libsmallc.a(lib_a-impure.o)
 .comment       0x000000000000002d       0x2e c:/intelfpga_lite/22.1std/nios2eds/bin/gnu/h-x86_64-mingw32/bin/../lib/gcc/nios2-elf/12.2.1/../../../../../H-x86_64-mingw32/nios2-elf/lib/mno-hw-mul\libsmallc.a(lib_a-writer.o)
 .comment       0x000000000000002d       0x2e c:/intelfpga_lite/22.1std/nios2eds/bin/gnu/h-x86_64-mingw32/bin/../lib/gcc/nios2-elf/12.2.1/../../../../../H-x86_64-mingw32/nios2-elf/lib/mno-hw-mul\libsmallc.a(lib_a-int_errno.o)
 .comment       0x000000000000002d       0x2e c:/Users/robin/OneDrive/Desktop/CST455/cst455-labs/Lab03/Software/Lab03_bsp/\libhal_bsp.a(alt_load.o)
 .comment       0x000000000000002d       0x2e c:/Users/robin/OneDrive/Desktop/CST455/cst455-labs/Lab03/Software/Lab03_bsp/\libhal_bsp.a(alt_main.o)
 .comment       0x000000000000002d       0x2e c:/Users/robin/OneDrive/Desktop/CST455/cst455-labs/Lab03/Software/Lab03_bsp/\libhal_bsp.a(alt_usleep.o)
 .comment       0x000000000000002d       0x2e c:/Users/robin/OneDrive/Desktop/CST455/cst455-labs/Lab03/Software/Lab03_bsp/\libhal_bsp.a(alt_write.o)
 .comment       0x000000000000002d       0x2e c:/Users/robin/OneDrive/Desktop/CST455/cst455-labs/Lab03/Software/Lab03_bsp/\libhal_bsp.a(alt_sys_init.o)
 .comment       0x000000000000002d       0x2e c:/Users/robin/OneDrive/Desktop/CST455/cst455-labs/Lab03/Software/Lab03_bsp/\libhal_bsp.a(altera_avalon_jtag_uart_write.o)
 .comment       0x000000000000002d       0x2e c:/Users/robin/OneDrive/Desktop/CST455/cst455-labs/Lab03/Software/Lab03_bsp/\libhal_bsp.a(alt_busy_sleep.o)
 .comment       0x000000000000002d       0x2e c:/Users/robin/OneDrive/Desktop/CST455/cst455-labs/Lab03/Software/Lab03_bsp/\libhal_bsp.a(alt_dcache_flush_all.o)
 .comment       0x000000000000002d       0x2e c:/Users/robin/OneDrive/Desktop/CST455/cst455-labs/Lab03/Software/Lab03_bsp/\libhal_bsp.a(alt_errno.o)
 .comment       0x000000000000002d       0x2e c:/Users/robin/OneDrive/Desktop/CST455/cst455-labs/Lab03/Software/Lab03_bsp/\libhal_bsp.a(alt_icache_flush_all.o)
 .comment       0x000000000000002d       0x2e c:/Users/robin/OneDrive/Desktop/CST455/cst455-labs/Lab03/Software/Lab03_bsp/\libhal_bsp.a(altera_nios2_gen2_irq.o)
 .comment       0x000000000000002d       0x2e c:/intelfpga_lite/22.1std/nios2eds/bin/gnu/h-x86_64-mingw32/bin/../lib/gcc/nios2-elf/12.2.1/../../../../../H-x86_64-mingw32/nios2-elf/lib/mno-hw-mul\libsmallc.a(lib_a-memcpy.o)
 .comment       0x000000000000002d       0x2e c:/intelfpga_lite/22.1std/nios2eds/bin/gnu/h-x86_64-mingw32/bin/../lib/gcc/nios2-elf/12.2.1/mno-hw-mul\libgcc.a(lib2-divmod.o)
 .comment       0x000000000000002d       0x2e c:/intelfpga_lite/22.1std/nios2eds/bin/gnu/h-x86_64-mingw32/bin/../lib/gcc/nios2-elf/12.2.1/mno-hw-mul\libgcc.a(lib2-mul.o)

.debug
 *(.debug)

.line
 *(.line)

.debug_srcinfo
 *(.debug_srcinfo)

.debug_sfnames
 *(.debug_sfnames)

.debug_aranges  0x0000000000000000      0x2c0
 *(.debug_aranges)
 .debug_aranges
                0x0000000000000000       0x28 c:/Users/robin/OneDrive/Desktop/CST455/cst455-labs/Lab03/Software/Lab03_bsp//obj/HAL/src/crt0.o
 .debug_aranges
                0x0000000000000028       0x28 obj/default/main.o
 .debug_aranges
                0x0000000000000050       0x28 c:/intelfpga_lite/22.1std/nios2eds/bin/gnu/h-x86_64-mingw32/bin/../lib/gcc/nios2-elf/12.2.1/../../../../../H-x86_64-mingw32/nios2-elf/lib/mno-hw-mul\libsmallc.a(lib_a-puts.o)
 .debug_aranges
                0x0000000000000078       0x20 c:/intelfpga_lite/22.1std/nios2eds/bin/gnu/h-x86_64-mingw32/bin/../lib/gcc/nios2-elf/12.2.1/../../../../../H-x86_64-mingw32/nios2-elf/lib/mno-hw-mul\libsmallc.a(lib_a-strlen.o)
 .debug_aranges
                0x0000000000000098       0x20 c:/intelfpga_lite/22.1std/nios2eds/bin/gnu/h-x86_64-mingw32/bin/../lib/gcc/nios2-elf/12.2.1/../../../../../H-x86_64-mingw32/nios2-elf/lib/mno-hw-mul\libsmallc.a(lib_a-fvwrite_small_dev.o)
 .debug_aranges
                0x00000000000000b8       0x18 c:/intelfpga_lite/22.1std/nios2eds/bin/gnu/h-x86_64-mingw32/bin/../lib/gcc/nios2-elf/12.2.1/../../../../../H-x86_64-mingw32/nios2-elf/lib/mno-hw-mul\libsmallc.a(lib_a-impure.o)
 .debug_aranges
                0x00000000000000d0       0x20 c:/intelfpga_lite/22.1std/nios2eds/bin/gnu/h-x86_64-mingw32/bin/../lib/gcc/nios2-elf/12.2.1/../../../../../H-x86_64-mingw32/nios2-elf/lib/mno-hw-mul\libsmallc.a(lib_a-writer.o)
 .debug_aranges
                0x00000000000000f0       0x18 c:/intelfpga_lite/22.1std/nios2eds/bin/gnu/h-x86_64-mingw32/bin/../lib/gcc/nios2-elf/12.2.1/../../../../../H-x86_64-mingw32/nios2-elf/lib/mno-hw-mul\libsmallc.a(lib_a-int_errno.o)
 .debug_aranges
                0x0000000000000108       0x20 c:/Users/robin/OneDrive/Desktop/CST455/cst455-labs/Lab03/Software/Lab03_bsp/\libhal_bsp.a(alt_load.o)
 .debug_aranges
                0x0000000000000128       0x20 c:/Users/robin/OneDrive/Desktop/CST455/cst455-labs/Lab03/Software/Lab03_bsp/\libhal_bsp.a(alt_main.o)
 .debug_aranges
                0x0000000000000148       0x20 c:/Users/robin/OneDrive/Desktop/CST455/cst455-labs/Lab03/Software/Lab03_bsp/\libhal_bsp.a(alt_usleep.o)
 .debug_aranges
                0x0000000000000168       0x20 c:/Users/robin/OneDrive/Desktop/CST455/cst455-labs/Lab03/Software/Lab03_bsp/\libhal_bsp.a(alt_write.o)
 .debug_aranges
                0x0000000000000188       0x20 c:/Users/robin/OneDrive/Desktop/CST455/cst455-labs/Lab03/Software/Lab03_bsp/\libhal_bsp.a(alt_sys_init.o)
 .debug_aranges
                0x00000000000001a8       0x20 c:/Users/robin/OneDrive/Desktop/CST455/cst455-labs/Lab03/Software/Lab03_bsp/\libhal_bsp.a(altera_avalon_jtag_uart_write.o)
 .debug_aranges
                0x00000000000001c8       0x20 c:/Users/robin/OneDrive/Desktop/CST455/cst455-labs/Lab03/Software/Lab03_bsp/\libhal_bsp.a(alt_busy_sleep.o)
 .debug_aranges
                0x00000000000001e8       0x20 c:/Users/robin/OneDrive/Desktop/CST455/cst455-labs/Lab03/Software/Lab03_bsp/\libhal_bsp.a(alt_dcache_flush_all.o)
 .debug_aranges
                0x0000000000000208       0x18 c:/Users/robin/OneDrive/Desktop/CST455/cst455-labs/Lab03/Software/Lab03_bsp/\libhal_bsp.a(alt_errno.o)
 .debug_aranges
                0x0000000000000220       0x20 c:/Users/robin/OneDrive/Desktop/CST455/cst455-labs/Lab03/Software/Lab03_bsp/\libhal_bsp.a(alt_icache_flush_all.o)
 .debug_aranges
                0x0000000000000240       0x20 c:/Users/robin/OneDrive/Desktop/CST455/cst455-labs/Lab03/Software/Lab03_bsp/\libhal_bsp.a(altera_nios2_gen2_irq.o)
 .debug_aranges
                0x0000000000000260       0x20 c:/intelfpga_lite/22.1std/nios2eds/bin/gnu/h-x86_64-mingw32/bin/../lib/gcc/nios2-elf/12.2.1/../../../../../H-x86_64-mingw32/nios2-elf/lib/mno-hw-mul\libsmallc.a(lib_a-memcpy.o)
 .debug_aranges
                0x0000000000000280       0x20 c:/intelfpga_lite/22.1std/nios2eds/bin/gnu/h-x86_64-mingw32/bin/../lib/gcc/nios2-elf/12.2.1/mno-hw-mul\libgcc.a(lib2-divmod.o)
 .debug_aranges
                0x00000000000002a0       0x20 c:/intelfpga_lite/22.1std/nios2eds/bin/gnu/h-x86_64-mingw32/bin/../lib/gcc/nios2-elf/12.2.1/mno-hw-mul\libgcc.a(lib2-mul.o)

.debug_pubnames
 *(.debug_pubnames)

.debug_info     0x0000000000000000     0x2df2
 *(.debug_info .gnu.linkonce.wi.*)
 .debug_info    0x0000000000000000       0x22 c:/Users/robin/OneDrive/Desktop/CST455/cst455-labs/Lab03/Software/Lab03_bsp//obj/HAL/src/crt0.o
 .debug_info    0x0000000000000022      0x1f6 obj/default/main.o
 .debug_info    0x0000000000000218      0x6b9 c:/intelfpga_lite/22.1std/nios2eds/bin/gnu/h-x86_64-mingw32/bin/../lib/gcc/nios2-elf/12.2.1/../../../../../H-x86_64-mingw32/nios2-elf/lib/mno-hw-mul\libsmallc.a(lib_a-puts.o)
 .debug_info    0x00000000000008d1       0xd1 c:/intelfpga_lite/22.1std/nios2eds/bin/gnu/h-x86_64-mingw32/bin/../lib/gcc/nios2-elf/12.2.1/../../../../../H-x86_64-mingw32/nios2-elf/lib/mno-hw-mul\libsmallc.a(lib_a-strlen.o)
 .debug_info    0x00000000000009a2      0x691 c:/intelfpga_lite/22.1std/nios2eds/bin/gnu/h-x86_64-mingw32/bin/../lib/gcc/nios2-elf/12.2.1/../../../../../H-x86_64-mingw32/nios2-elf/lib/mno-hw-mul\libsmallc.a(lib_a-fvwrite_small_dev.o)
 .debug_info    0x0000000000001033      0x5cf c:/intelfpga_lite/22.1std/nios2eds/bin/gnu/h-x86_64-mingw32/bin/../lib/gcc/nios2-elf/12.2.1/../../../../../H-x86_64-mingw32/nios2-elf/lib/mno-hw-mul\libsmallc.a(lib_a-impure.o)
 .debug_info    0x0000000000001602      0x671 c:/intelfpga_lite/22.1std/nios2eds/bin/gnu/h-x86_64-mingw32/bin/../lib/gcc/nios2-elf/12.2.1/../../../../../H-x86_64-mingw32/nios2-elf/lib/mno-hw-mul\libsmallc.a(lib_a-writer.o)
 .debug_info    0x0000000000001c73       0x85 c:/intelfpga_lite/22.1std/nios2eds/bin/gnu/h-x86_64-mingw32/bin/../lib/gcc/nios2-elf/12.2.1/../../../../../H-x86_64-mingw32/nios2-elf/lib/mno-hw-mul\libsmallc.a(lib_a-int_errno.o)
 .debug_info    0x0000000000001cf8      0x239 c:/Users/robin/OneDrive/Desktop/CST455/cst455-labs/Lab03/Software/Lab03_bsp/\libhal_bsp.a(alt_load.o)
 .debug_info    0x0000000000001f31      0x13e c:/Users/robin/OneDrive/Desktop/CST455/cst455-labs/Lab03/Software/Lab03_bsp/\libhal_bsp.a(alt_main.o)
 .debug_info    0x000000000000206f       0xe4 c:/Users/robin/OneDrive/Desktop/CST455/cst455-labs/Lab03/Software/Lab03_bsp/\libhal_bsp.a(alt_usleep.o)
 .debug_info    0x0000000000002153      0x1a8 c:/Users/robin/OneDrive/Desktop/CST455/cst455-labs/Lab03/Software/Lab03_bsp/\libhal_bsp.a(alt_write.o)
 .debug_info    0x00000000000022fb      0x127 c:/Users/robin/OneDrive/Desktop/CST455/cst455-labs/Lab03/Software/Lab03_bsp/\libhal_bsp.a(alt_sys_init.o)
 .debug_info    0x0000000000002422      0x149 c:/Users/robin/OneDrive/Desktop/CST455/cst455-labs/Lab03/Software/Lab03_bsp/\libhal_bsp.a(altera_avalon_jtag_uart_write.o)
 .debug_info    0x000000000000256b      0x10c c:/Users/robin/OneDrive/Desktop/CST455/cst455-labs/Lab03/Software/Lab03_bsp/\libhal_bsp.a(alt_busy_sleep.o)
 .debug_info    0x0000000000002677       0x8d c:/Users/robin/OneDrive/Desktop/CST455/cst455-labs/Lab03/Software/Lab03_bsp/\libhal_bsp.a(alt_dcache_flush_all.o)
 .debug_info    0x0000000000002704       0xa8 c:/Users/robin/OneDrive/Desktop/CST455/cst455-labs/Lab03/Software/Lab03_bsp/\libhal_bsp.a(alt_errno.o)
 .debug_info    0x00000000000027ac       0x8d c:/Users/robin/OneDrive/Desktop/CST455/cst455-labs/Lab03/Software/Lab03_bsp/\libhal_bsp.a(alt_icache_flush_all.o)
 .debug_info    0x0000000000002839       0x8d c:/Users/robin/OneDrive/Desktop/CST455/cst455-labs/Lab03/Software/Lab03_bsp/\libhal_bsp.a(altera_nios2_gen2_irq.o)
 .debug_info    0x00000000000028c6      0x121 c:/intelfpga_lite/22.1std/nios2eds/bin/gnu/h-x86_64-mingw32/bin/../lib/gcc/nios2-elf/12.2.1/../../../../../H-x86_64-mingw32/nios2-elf/lib/mno-hw-mul\libsmallc.a(lib_a-memcpy.o)
 .debug_info    0x00000000000029e7      0x347 c:/intelfpga_lite/22.1std/nios2eds/bin/gnu/h-x86_64-mingw32/bin/../lib/gcc/nios2-elf/12.2.1/mno-hw-mul\libgcc.a(lib2-divmod.o)
 .debug_info    0x0000000000002d2e       0xc4 c:/intelfpga_lite/22.1std/nios2eds/bin/gnu/h-x86_64-mingw32/bin/../lib/gcc/nios2-elf/12.2.1/mno-hw-mul\libgcc.a(lib2-mul.o)

.debug_abbrev   0x0000000000000000     0x1355
 *(.debug_abbrev)
 .debug_abbrev  0x0000000000000000       0x12 c:/Users/robin/OneDrive/Desktop/CST455/cst455-labs/Lab03/Software/Lab03_bsp//obj/HAL/src/crt0.o
 .debug_abbrev  0x0000000000000012      0x126 obj/default/main.o
 .debug_abbrev  0x0000000000000138      0x20d c:/intelfpga_lite/22.1std/nios2eds/bin/gnu/h-x86_64-mingw32/bin/../lib/gcc/nios2-elf/12.2.1/../../../../../H-x86_64-mingw32/nios2-elf/lib/mno-hw-mul\libsmallc.a(lib_a-puts.o)
 .debug_abbrev  0x0000000000000345       0x8c c:/intelfpga_lite/22.1std/nios2eds/bin/gnu/h-x86_64-mingw32/bin/../lib/gcc/nios2-elf/12.2.1/../../../../../H-x86_64-mingw32/nios2-elf/lib/mno-hw-mul\libsmallc.a(lib_a-strlen.o)
 .debug_abbrev  0x00000000000003d1      0x1fb c:/intelfpga_lite/22.1std/nios2eds/bin/gnu/h-x86_64-mingw32/bin/../lib/gcc/nios2-elf/12.2.1/../../../../../H-x86_64-mingw32/nios2-elf/lib/mno-hw-mul\libsmallc.a(lib_a-fvwrite_small_dev.o)
 .debug_abbrev  0x00000000000005cc      0x185 c:/intelfpga_lite/22.1std/nios2eds/bin/gnu/h-x86_64-mingw32/bin/../lib/gcc/nios2-elf/12.2.1/../../../../../H-x86_64-mingw32/nios2-elf/lib/mno-hw-mul\libsmallc.a(lib_a-impure.o)
 .debug_abbrev  0x0000000000000751      0x1e0 c:/intelfpga_lite/22.1std/nios2eds/bin/gnu/h-x86_64-mingw32/bin/../lib/gcc/nios2-elf/12.2.1/../../../../../H-x86_64-mingw32/nios2-elf/lib/mno-hw-mul\libsmallc.a(lib_a-writer.o)
 .debug_abbrev  0x0000000000000931       0x39 c:/intelfpga_lite/22.1std/nios2eds/bin/gnu/h-x86_64-mingw32/bin/../lib/gcc/nios2-elf/12.2.1/../../../../../H-x86_64-mingw32/nios2-elf/lib/mno-hw-mul\libsmallc.a(lib_a-int_errno.o)
 .debug_abbrev  0x000000000000096a      0x12c c:/Users/robin/OneDrive/Desktop/CST455/cst455-labs/Lab03/Software/Lab03_bsp/\libhal_bsp.a(alt_load.o)
 .debug_abbrev  0x0000000000000a96       0xeb c:/Users/robin/OneDrive/Desktop/CST455/cst455-labs/Lab03/Software/Lab03_bsp/\libhal_bsp.a(alt_main.o)
 .debug_abbrev  0x0000000000000b81       0x9b c:/Users/robin/OneDrive/Desktop/CST455/cst455-labs/Lab03/Software/Lab03_bsp/\libhal_bsp.a(alt_usleep.o)
 .debug_abbrev  0x0000000000000c1c      0x117 c:/Users/robin/OneDrive/Desktop/CST455/cst455-labs/Lab03/Software/Lab03_bsp/\libhal_bsp.a(alt_write.o)
 .debug_abbrev  0x0000000000000d33      0x107 c:/Users/robin/OneDrive/Desktop/CST455/cst455-labs/Lab03/Software/Lab03_bsp/\libhal_bsp.a(alt_sys_init.o)
 .debug_abbrev  0x0000000000000e3a       0xdc c:/Users/robin/OneDrive/Desktop/CST455/cst455-labs/Lab03/Software/Lab03_bsp/\libhal_bsp.a(altera_avalon_jtag_uart_write.o)
 .debug_abbrev  0x0000000000000f16       0xb9 c:/Users/robin/OneDrive/Desktop/CST455/cst455-labs/Lab03/Software/Lab03_bsp/\libhal_bsp.a(alt_busy_sleep.o)
 .debug_abbrev  0x0000000000000fcf       0x43 c:/Users/robin/OneDrive/Desktop/CST455/cst455-labs/Lab03/Software/Lab03_bsp/\libhal_bsp.a(alt_dcache_flush_all.o)
 .debug_abbrev  0x0000000000001012       0x70 c:/Users/robin/OneDrive/Desktop/CST455/cst455-labs/Lab03/Software/Lab03_bsp/\libhal_bsp.a(alt_errno.o)
 .debug_abbrev  0x0000000000001082       0x43 c:/Users/robin/OneDrive/Desktop/CST455/cst455-labs/Lab03/Software/Lab03_bsp/\libhal_bsp.a(alt_icache_flush_all.o)
 .debug_abbrev  0x00000000000010c5       0x43 c:/Users/robin/OneDrive/Desktop/CST455/cst455-labs/Lab03/Software/Lab03_bsp/\libhal_bsp.a(altera_nios2_gen2_irq.o)
 .debug_abbrev  0x0000000000001108       0xc1 c:/intelfpga_lite/22.1std/nios2eds/bin/gnu/h-x86_64-mingw32/bin/../lib/gcc/nios2-elf/12.2.1/../../../../../H-x86_64-mingw32/nios2-elf/lib/mno-hw-mul\libsmallc.a(lib_a-memcpy.o)
 .debug_abbrev  0x00000000000011c9      0x10c c:/intelfpga_lite/22.1std/nios2eds/bin/gnu/h-x86_64-mingw32/bin/../lib/gcc/nios2-elf/12.2.1/mno-hw-mul\libgcc.a(lib2-divmod.o)
 .debug_abbrev  0x00000000000012d5       0x80 c:/intelfpga_lite/22.1std/nios2eds/bin/gnu/h-x86_64-mingw32/bin/../lib/gcc/nios2-elf/12.2.1/mno-hw-mul\libgcc.a(lib2-mul.o)

.debug_line     0x0000000000000000      0xea2
 *(.debug_line)
 .debug_line    0x0000000000000000       0x66 c:/Users/robin/OneDrive/Desktop/CST455/cst455-labs/Lab03/Software/Lab03_bsp//obj/HAL/src/crt0.o
 .debug_line    0x0000000000000066      0x111 obj/default/main.o
 .debug_line    0x0000000000000177       0xc2 c:/intelfpga_lite/22.1std/nios2eds/bin/gnu/h-x86_64-mingw32/bin/../lib/gcc/nios2-elf/12.2.1/../../../../../H-x86_64-mingw32/nios2-elf/lib/mno-hw-mul\libsmallc.a(lib_a-puts.o)
 .debug_line    0x0000000000000239       0x7c c:/intelfpga_lite/22.1std/nios2eds/bin/gnu/h-x86_64-mingw32/bin/../lib/gcc/nios2-elf/12.2.1/../../../../../H-x86_64-mingw32/nios2-elf/lib/mno-hw-mul\libsmallc.a(lib_a-strlen.o)
 .debug_line    0x00000000000002b5       0xd7 c:/intelfpga_lite/22.1std/nios2eds/bin/gnu/h-x86_64-mingw32/bin/../lib/gcc/nios2-elf/12.2.1/../../../../../H-x86_64-mingw32/nios2-elf/lib/mno-hw-mul\libsmallc.a(lib_a-fvwrite_small_dev.o)
 .debug_line    0x000000000000038c       0x51 c:/intelfpga_lite/22.1std/nios2eds/bin/gnu/h-x86_64-mingw32/bin/../lib/gcc/nios2-elf/12.2.1/../../../../../H-x86_64-mingw32/nios2-elf/lib/mno-hw-mul\libsmallc.a(lib_a-impure.o)
 .debug_line    0x00000000000003dd       0xae c:/intelfpga_lite/22.1std/nios2eds/bin/gnu/h-x86_64-mingw32/bin/../lib/gcc/nios2-elf/12.2.1/../../../../../H-x86_64-mingw32/nios2-elf/lib/mno-hw-mul\libsmallc.a(lib_a-writer.o)
 .debug_line    0x000000000000048b       0x3a c:/intelfpga_lite/22.1std/nios2eds/bin/gnu/h-x86_64-mingw32/bin/../lib/gcc/nios2-elf/12.2.1/../../../../../H-x86_64-mingw32/nios2-elf/lib/mno-hw-mul\libsmallc.a(lib_a-int_errno.o)
 .debug_line    0x00000000000004c5       0xd2 c:/Users/robin/OneDrive/Desktop/CST455/cst455-labs/Lab03/Software/Lab03_bsp/\libhal_bsp.a(alt_load.o)
 .debug_line    0x0000000000000597       0xa2 c:/Users/robin/OneDrive/Desktop/CST455/cst455-labs/Lab03/Software/Lab03_bsp/\libhal_bsp.a(alt_main.o)
 .debug_line    0x0000000000000639       0x70 c:/Users/robin/OneDrive/Desktop/CST455/cst455-labs/Lab03/Software/Lab03_bsp/\libhal_bsp.a(alt_usleep.o)
 .debug_line    0x00000000000006a9       0xc5 c:/Users/robin/OneDrive/Desktop/CST455/cst455-labs/Lab03/Software/Lab03_bsp/\libhal_bsp.a(alt_write.o)
 .debug_line    0x000000000000076e       0x8e c:/Users/robin/OneDrive/Desktop/CST455/cst455-labs/Lab03/Software/Lab03_bsp/\libhal_bsp.a(alt_sys_init.o)
 .debug_line    0x00000000000007fc       0x93 c:/Users/robin/OneDrive/Desktop/CST455/cst455-labs/Lab03/Software/Lab03_bsp/\libhal_bsp.a(altera_avalon_jtag_uart_write.o)
 .debug_line    0x000000000000088f       0xe2 c:/Users/robin/OneDrive/Desktop/CST455/cst455-labs/Lab03/Software/Lab03_bsp/\libhal_bsp.a(alt_busy_sleep.o)
 .debug_line    0x0000000000000971       0x4e c:/Users/robin/OneDrive/Desktop/CST455/cst455-labs/Lab03/Software/Lab03_bsp/\libhal_bsp.a(alt_dcache_flush_all.o)
 .debug_line    0x00000000000009bf       0x4c c:/Users/robin/OneDrive/Desktop/CST455/cst455-labs/Lab03/Software/Lab03_bsp/\libhal_bsp.a(alt_errno.o)
 .debug_line    0x0000000000000a0b       0x4c c:/Users/robin/OneDrive/Desktop/CST455/cst455-labs/Lab03/Software/Lab03_bsp/\libhal_bsp.a(alt_icache_flush_all.o)
 .debug_line    0x0000000000000a57       0x54 c:/Users/robin/OneDrive/Desktop/CST455/cst455-labs/Lab03/Software/Lab03_bsp/\libhal_bsp.a(altera_nios2_gen2_irq.o)
 .debug_line    0x0000000000000aab       0x8c c:/intelfpga_lite/22.1std/nios2eds/bin/gnu/h-x86_64-mingw32/bin/../lib/gcc/nios2-elf/12.2.1/../../../../../H-x86_64-mingw32/nios2-elf/lib/mno-hw-mul\libsmallc.a(lib_a-memcpy.o)
 .debug_line    0x0000000000000b37      0x2e3 c:/intelfpga_lite/22.1std/nios2eds/bin/gnu/h-x86_64-mingw32/bin/../lib/gcc/nios2-elf/12.2.1/mno-hw-mul\libgcc.a(lib2-divmod.o)
 .debug_line    0x0000000000000e1a       0x88 c:/intelfpga_lite/22.1std/nios2eds/bin/gnu/h-x86_64-mingw32/bin/../lib/gcc/nios2-elf/12.2.1/mno-hw-mul\libgcc.a(lib2-mul.o)

.debug_frame    0x0000000000000000      0x334
 *(.debug_frame)
 .debug_frame   0x0000000000000000       0x3c obj/default/main.o
 .debug_frame   0x000000000000003c       0x48 c:/intelfpga_lite/22.1std/nios2eds/bin/gnu/h-x86_64-mingw32/bin/../lib/gcc/nios2-elf/12.2.1/../../../../../H-x86_64-mingw32/nios2-elf/lib/mno-hw-mul\libsmallc.a(lib_a-puts.o)
 .debug_frame   0x0000000000000084       0x20 c:/intelfpga_lite/22.1std/nios2eds/bin/gnu/h-x86_64-mingw32/bin/../lib/gcc/nios2-elf/12.2.1/../../../../../H-x86_64-mingw32/nios2-elf/lib/mno-hw-mul\libsmallc.a(lib_a-strlen.o)
 .debug_frame   0x00000000000000a4       0x3c c:/intelfpga_lite/22.1std/nios2eds/bin/gnu/h-x86_64-mingw32/bin/../lib/gcc/nios2-elf/12.2.1/../../../../../H-x86_64-mingw32/nios2-elf/lib/mno-hw-mul\libsmallc.a(lib_a-fvwrite_small_dev.o)
 .debug_frame   0x00000000000000e0       0x30 c:/intelfpga_lite/22.1std/nios2eds/bin/gnu/h-x86_64-mingw32/bin/../lib/gcc/nios2-elf/12.2.1/../../../../../H-x86_64-mingw32/nios2-elf/lib/mno-hw-mul\libsmallc.a(lib_a-writer.o)
 .debug_frame   0x0000000000000110       0x2c c:/Users/robin/OneDrive/Desktop/CST455/cst455-labs/Lab03/Software/Lab03_bsp/\libhal_bsp.a(alt_load.o)
 .debug_frame   0x000000000000013c       0x2c c:/Users/robin/OneDrive/Desktop/CST455/cst455-labs/Lab03/Software/Lab03_bsp/\libhal_bsp.a(alt_main.o)
 .debug_frame   0x0000000000000168       0x20 c:/Users/robin/OneDrive/Desktop/CST455/cst455-labs/Lab03/Software/Lab03_bsp/\libhal_bsp.a(alt_usleep.o)
 .debug_frame   0x0000000000000188       0x2c c:/Users/robin/OneDrive/Desktop/CST455/cst455-labs/Lab03/Software/Lab03_bsp/\libhal_bsp.a(alt_write.o)
 .debug_frame   0x00000000000001b4       0x3c c:/Users/robin/OneDrive/Desktop/CST455/cst455-labs/Lab03/Software/Lab03_bsp/\libhal_bsp.a(alt_sys_init.o)
 .debug_frame   0x00000000000001f0       0x20 c:/Users/robin/OneDrive/Desktop/CST455/cst455-labs/Lab03/Software/Lab03_bsp/\libhal_bsp.a(altera_avalon_jtag_uart_write.o)
 .debug_frame   0x0000000000000210       0x34 c:/Users/robin/OneDrive/Desktop/CST455/cst455-labs/Lab03/Software/Lab03_bsp/\libhal_bsp.a(alt_busy_sleep.o)
 .debug_frame   0x0000000000000244       0x20 c:/Users/robin/OneDrive/Desktop/CST455/cst455-labs/Lab03/Software/Lab03_bsp/\libhal_bsp.a(alt_dcache_flush_all.o)
 .debug_frame   0x0000000000000264       0x20 c:/Users/robin/OneDrive/Desktop/CST455/cst455-labs/Lab03/Software/Lab03_bsp/\libhal_bsp.a(alt_icache_flush_all.o)
 .debug_frame   0x0000000000000284       0x20 c:/Users/robin/OneDrive/Desktop/CST455/cst455-labs/Lab03/Software/Lab03_bsp/\libhal_bsp.a(altera_nios2_gen2_irq.o)
 .debug_frame   0x00000000000002a4       0x20 c:/intelfpga_lite/22.1std/nios2eds/bin/gnu/h-x86_64-mingw32/bin/../lib/gcc/nios2-elf/12.2.1/../../../../../H-x86_64-mingw32/nios2-elf/lib/mno-hw-mul\libsmallc.a(lib_a-memcpy.o)
 .debug_frame   0x00000000000002c4       0x50 c:/intelfpga_lite/22.1std/nios2eds/bin/gnu/h-x86_64-mingw32/bin/../lib/gcc/nios2-elf/12.2.1/mno-hw-mul\libgcc.a(lib2-divmod.o)
 .debug_frame   0x0000000000000314       0x20 c:/intelfpga_lite/22.1std/nios2eds/bin/gnu/h-x86_64-mingw32/bin/../lib/gcc/nios2-elf/12.2.1/mno-hw-mul\libgcc.a(lib2-mul.o)

.debug_str      0x0000000000000000      0x845
 *(.debug_str)
 .debug_str     0x0000000000000000       0x6a c:/Users/robin/OneDrive/Desktop/CST455/cst455-labs/Lab03/Software/Lab03_bsp//obj/HAL/src/crt0.o
 .debug_str     0x000000000000006a      0x103 obj/default/main.o
                                        0x157 (size before relaxing)
 .debug_str     0x000000000000016d      0x34b c:/intelfpga_lite/22.1std/nios2eds/bin/gnu/h-x86_64-mingw32/bin/../lib/gcc/nios2-elf/12.2.1/../../../../../H-x86_64-mingw32/nios2-elf/lib/mno-hw-mul\libsmallc.a(lib_a-puts.o)
                                        0x406 (size before relaxing)
 .debug_str     0x00000000000004b8      0x34b c:/intelfpga_lite/22.1std/nios2eds/bin/gnu/h-x86_64-mingw32/bin/../lib/gcc/nios2-elf/12.2.1/../../../../../H-x86_64-mingw32/nios2-elf/lib/mno-hw-mul\libsmallc.a(lib_a-strlen.o)
                                        0x107 (size before relaxing)
 .debug_str     0x00000000000004b8       0x25 c:/intelfpga_lite/22.1std/nios2eds/bin/gnu/h-x86_64-mingw32/bin/../lib/gcc/nios2-elf/12.2.1/../../../../../H-x86_64-mingw32/nios2-elf/lib/mno-hw-mul\libsmallc.a(lib_a-fvwrite_small_dev.o)
                                        0x410 (size before relaxing)
 .debug_str     0x00000000000004dd       0x1f c:/intelfpga_lite/22.1std/nios2eds/bin/gnu/h-x86_64-mingw32/bin/../lib/gcc/nios2-elf/12.2.1/../../../../../H-x86_64-mingw32/nios2-elf/lib/mno-hw-mul\libsmallc.a(lib_a-impure.o)
                                        0x3f5 (size before relaxing)
 .debug_str     0x00000000000004fc       0x1f c:/intelfpga_lite/22.1std/nios2eds/bin/gnu/h-x86_64-mingw32/bin/../lib/gcc/nios2-elf/12.2.1/../../../../../H-x86_64-mingw32/nios2-elf/lib/mno-hw-mul\libsmallc.a(lib_a-writer.o)
                                        0x3ef (size before relaxing)
 .debug_str     0x00000000000004fc       0xf9 c:/intelfpga_lite/22.1std/nios2eds/bin/gnu/h-x86_64-mingw32/bin/../lib/gcc/nios2-elf/12.2.1/../../../../../H-x86_64-mingw32/nios2-elf/lib/mno-hw-mul\libsmallc.a(lib_a-int_errno.o)
 .debug_str     0x00000000000004fc      0x119 c:/Users/robin/OneDrive/Desktop/CST455/cst455-labs/Lab03/Software/Lab03_bsp/\libhal_bsp.a(alt_load.o)
                                        0x208 (size before relaxing)
 .debug_str     0x0000000000000615       0x4b c:/Users/robin/OneDrive/Desktop/CST455/cst455-labs/Lab03/Software/Lab03_bsp/\libhal_bsp.a(alt_main.o)
                                        0x138 (size before relaxing)
 .debug_str     0x0000000000000660       0x1c c:/Users/robin/OneDrive/Desktop/CST455/cst455-labs/Lab03/Software/Lab03_bsp/\libhal_bsp.a(alt_usleep.o)
                                        0x116 (size before relaxing)
 .debug_str     0x000000000000067c       0x5c c:/Users/robin/OneDrive/Desktop/CST455/cst455-labs/Lab03/Software/Lab03_bsp/\libhal_bsp.a(alt_write.o)
                                        0x15c (size before relaxing)
 .debug_str     0x00000000000006d8       0x57 c:/Users/robin/OneDrive/Desktop/CST455/cst455-labs/Lab03/Software/Lab03_bsp/\libhal_bsp.a(alt_sys_init.o)
                                        0x184 (size before relaxing)
 .debug_str     0x000000000000072f       0x57 c:/Users/robin/OneDrive/Desktop/CST455/cst455-labs/Lab03/Software/Lab03_bsp/\libhal_bsp.a(altera_avalon_jtag_uart_write.o)
                                        0x15c (size before relaxing)
 .debug_str     0x000000000000072f       0x2d c:/Users/robin/OneDrive/Desktop/CST455/cst455-labs/Lab03/Software/Lab03_bsp/\libhal_bsp.a(alt_busy_sleep.o)
                                        0x12c (size before relaxing)
 .debug_str     0x000000000000075c       0xfd c:/Users/robin/OneDrive/Desktop/CST455/cst455-labs/Lab03/Software/Lab03_bsp/\libhal_bsp.a(alt_dcache_flush_all.o)
 .debug_str     0x000000000000075c        0x8 c:/Users/robin/OneDrive/Desktop/CST455/cst455-labs/Lab03/Software/Lab03_bsp/\libhal_bsp.a(alt_errno.o)
                                         0xfa (size before relaxing)
 .debug_str     0x0000000000000764       0xfd c:/Users/robin/OneDrive/Desktop/CST455/cst455-labs/Lab03/Software/Lab03_bsp/\libhal_bsp.a(alt_icache_flush_all.o)
 .debug_str     0x0000000000000764      0x103 c:/Users/robin/OneDrive/Desktop/CST455/cst455-labs/Lab03/Software/Lab03_bsp/\libhal_bsp.a(altera_nios2_gen2_irq.o)
 .debug_str     0x0000000000000764       0x14 c:/intelfpga_lite/22.1std/nios2eds/bin/gnu/h-x86_64-mingw32/bin/../lib/gcc/nios2-elf/12.2.1/../../../../../H-x86_64-mingw32/nios2-elf/lib/mno-hw-mul\libsmallc.a(lib_a-memcpy.o)
                                        0x115 (size before relaxing)
 .debug_str     0x0000000000000778       0xcd c:/intelfpga_lite/22.1std/nios2eds/bin/gnu/h-x86_64-mingw32/bin/../lib/gcc/nios2-elf/12.2.1/mno-hw-mul\libgcc.a(lib2-divmod.o)
                                        0x122 (size before relaxing)
 .debug_str     0x0000000000000845       0xe6 c:/intelfpga_lite/22.1std/nios2eds/bin/gnu/h-x86_64-mingw32/bin/../lib/gcc/nios2-elf/12.2.1/mno-hw-mul\libgcc.a(lib2-mul.o)

.debug_loc
 *(.debug_loc)

.debug_macinfo
 *(.debug_macinfo)

.debug_weaknames
 *(.debug_weaknames)

.debug_funcnames
 *(.debug_funcnames)

.debug_typenames
 *(.debug_typenames)

.debug_varnames
 *(.debug_varnames)

.debug_alt_sim_info
                0x0000000000000000       0x40
 *(.debug_alt_sim_info)
 .debug_alt_sim_info
                0x0000000000000000       0x10 c:/Users/robin/OneDrive/Desktop/CST455/cst455-labs/Lab03/Software/Lab03_bsp//obj/HAL/src/crt0.o
 .debug_alt_sim_info
                0x0000000000000010       0x30 c:/Users/robin/OneDrive/Desktop/CST455/cst455-labs/Lab03/Software/Lab03_bsp/\libhal_bsp.a(alt_busy_sleep.o)
                0x0000000000002000                __alt_data_end = 0x2000
                0x0000000000002000                PROVIDE (__alt_stack_pointer = __alt_data_end)
                [!provide]                        PROVIDE (__alt_stack_limit = __alt_stack_base)
                [!provide]                        PROVIDE (__alt_heap_start = end)
                [!provide]                        PROVIDE (__alt_heap_limit = 0x2000)
OUTPUT(Lab03.elf elf32-littlenios2)
LOAD linker stubs

.debug_ranges   0x0000000000000000       0x20
 .debug_ranges  0x0000000000000000       0x20 c:/Users/robin/OneDrive/Desktop/CST455/cst455-labs/Lab03/Software/Lab03_bsp//obj/HAL/src/crt0.o

.debug_loclists
                0x0000000000000000      0x878
 .debug_loclists
                0x0000000000000000       0x46 obj/default/main.o
 .debug_loclists
                0x0000000000000046       0x73 c:/intelfpga_lite/22.1std/nios2eds/bin/gnu/h-x86_64-mingw32/bin/../lib/gcc/nios2-elf/12.2.1/../../../../../H-x86_64-mingw32/nios2-elf/lib/mno-hw-mul\libsmallc.a(lib_a-puts.o)
 .debug_loclists
                0x00000000000000b9       0x32 c:/intelfpga_lite/22.1std/nios2eds/bin/gnu/h-x86_64-mingw32/bin/../lib/gcc/nios2-elf/12.2.1/../../../../../H-x86_64-mingw32/nios2-elf/lib/mno-hw-mul\libsmallc.a(lib_a-strlen.o)
 .debug_loclists
                0x00000000000000eb       0xc5 c:/intelfpga_lite/22.1std/nios2eds/bin/gnu/h-x86_64-mingw32/bin/../lib/gcc/nios2-elf/12.2.1/../../../../../H-x86_64-mingw32/nios2-elf/lib/mno-hw-mul\libsmallc.a(lib_a-fvwrite_small_dev.o)
 .debug_loclists
                0x00000000000001b0       0x88 c:/intelfpga_lite/22.1std/nios2eds/bin/gnu/h-x86_64-mingw32/bin/../lib/gcc/nios2-elf/12.2.1/../../../../../H-x86_64-mingw32/nios2-elf/lib/mno-hw-mul\libsmallc.a(lib_a-writer.o)
 .debug_loclists
                0x0000000000000238       0x1e c:/Users/robin/OneDrive/Desktop/CST455/cst455-labs/Lab03/Software/Lab03_bsp/\libhal_bsp.a(alt_usleep.o)
 .debug_loclists
                0x0000000000000256       0x7b c:/Users/robin/OneDrive/Desktop/CST455/cst455-labs/Lab03/Software/Lab03_bsp/\libhal_bsp.a(alt_write.o)
 .debug_loclists
                0x00000000000002d1       0x1e c:/Users/robin/OneDrive/Desktop/CST455/cst455-labs/Lab03/Software/Lab03_bsp/\libhal_bsp.a(alt_sys_init.o)
 .debug_loclists
                0x00000000000002ef       0x5e c:/Users/robin/OneDrive/Desktop/CST455/cst455-labs/Lab03/Software/Lab03_bsp/\libhal_bsp.a(altera_avalon_jtag_uart_write.o)
 .debug_loclists
                0x000000000000034d       0x8a c:/Users/robin/OneDrive/Desktop/CST455/cst455-labs/Lab03/Software/Lab03_bsp/\libhal_bsp.a(alt_busy_sleep.o)
 .debug_loclists
                0x00000000000003d7       0xcc c:/intelfpga_lite/22.1std/nios2eds/bin/gnu/h-x86_64-mingw32/bin/../lib/gcc/nios2-elf/12.2.1/../../../../../H-x86_64-mingw32/nios2-elf/lib/mno-hw-mul\libsmallc.a(lib_a-memcpy.o)
 .debug_loclists
                0x00000000000004a3      0x37a c:/intelfpga_lite/22.1std/nios2eds/bin/gnu/h-x86_64-mingw32/bin/../lib/gcc/nios2-elf/12.2.1/mno-hw-mul\libgcc.a(lib2-divmod.o)
 .debug_loclists
                0x000000000000081d       0x5b c:/intelfpga_lite/22.1std/nios2eds/bin/gnu/h-x86_64-mingw32/bin/../lib/gcc/nios2-elf/12.2.1/mno-hw-mul\libgcc.a(lib2-mul.o)

.debug_rnglists
                0x0000000000000000      0x107
 .debug_rnglists
                0x0000000000000000       0x28 obj/default/main.o
 .debug_rnglists
                0x0000000000000028       0x1a c:/intelfpga_lite/22.1std/nios2eds/bin/gnu/h-x86_64-mingw32/bin/../lib/gcc/nios2-elf/12.2.1/../../../../../H-x86_64-mingw32/nios2-elf/lib/mno-hw-mul\libsmallc.a(lib_a-puts.o)
 .debug_rnglists
                0x0000000000000042       0x13 c:/intelfpga_lite/22.1std/nios2eds/bin/gnu/h-x86_64-mingw32/bin/../lib/gcc/nios2-elf/12.2.1/../../../../../H-x86_64-mingw32/nios2-elf/lib/mno-hw-mul\libsmallc.a(lib_a-strlen.o)
 .debug_rnglists
                0x0000000000000055       0x14 c:/intelfpga_lite/22.1std/nios2eds/bin/gnu/h-x86_64-mingw32/bin/../lib/gcc/nios2-elf/12.2.1/../../../../../H-x86_64-mingw32/nios2-elf/lib/mno-hw-mul\libsmallc.a(lib_a-fvwrite_small_dev.o)
 .debug_rnglists
                0x0000000000000069       0x13 c:/intelfpga_lite/22.1std/nios2eds/bin/gnu/h-x86_64-mingw32/bin/../lib/gcc/nios2-elf/12.2.1/../../../../../H-x86_64-mingw32/nios2-elf/lib/mno-hw-mul\libsmallc.a(lib_a-writer.o)
 .debug_rnglists
                0x000000000000007c       0x23 c:/Users/robin/OneDrive/Desktop/CST455/cst455-labs/Lab03/Software/Lab03_bsp/\libhal_bsp.a(alt_load.o)
 .debug_rnglists
                0x000000000000009f       0x16 c:/Users/robin/OneDrive/Desktop/CST455/cst455-labs/Lab03/Software/Lab03_bsp/\libhal_bsp.a(alt_write.o)
 .debug_rnglists
                0x00000000000000b5       0x13 c:/intelfpga_lite/22.1std/nios2eds/bin/gnu/h-x86_64-mingw32/bin/../lib/gcc/nios2-elf/12.2.1/../../../../../H-x86_64-mingw32/nios2-elf/lib/mno-hw-mul\libsmallc.a(lib_a-memcpy.o)
 .debug_rnglists
                0x00000000000000c8       0x3f c:/intelfpga_lite/22.1std/nios2eds/bin/gnu/h-x86_64-mingw32/bin/../lib/gcc/nios2-elf/12.2.1/mno-hw-mul\libgcc.a(lib2-divmod.o)

.debug_line_str
                0x0000000000000000      0xa9b
 .debug_line_str
                0x0000000000000000      0x176 obj/default/main.o
                                        0x1d3 (size before relaxing)
 .debug_line_str
                0x0000000000000176      0x251 c:/intelfpga_lite/22.1std/nios2eds/bin/gnu/h-x86_64-mingw32/bin/../lib/gcc/nios2-elf/12.2.1/../../../../../H-x86_64-mingw32/nios2-elf/lib/mno-hw-mul\libsmallc.a(lib_a-puts.o)
                                        0x32a (size before relaxing)
 .debug_line_str
                0x00000000000003c7      0x103 c:/intelfpga_lite/22.1std/nios2eds/bin/gnu/h-x86_64-mingw32/bin/../lib/gcc/nios2-elf/12.2.1/../../../../../H-x86_64-mingw32/nios2-elf/lib/mno-hw-mul\libsmallc.a(lib_a-strlen.o)
                                        0x2b3 (size before relaxing)
 .debug_line_str
                0x00000000000004ca       0x49 c:/intelfpga_lite/22.1std/nios2eds/bin/gnu/h-x86_64-mingw32/bin/../lib/gcc/nios2-elf/12.2.1/../../../../../H-x86_64-mingw32/nios2-elf/lib/mno-hw-mul\libsmallc.a(lib_a-fvwrite_small_dev.o)
                                        0x33e (size before relaxing)
 .debug_line_str
                0x0000000000000513      0x100 c:/intelfpga_lite/22.1std/nios2eds/bin/gnu/h-x86_64-mingw32/bin/../lib/gcc/nios2-elf/12.2.1/../../../../../H-x86_64-mingw32/nios2-elf/lib/mno-hw-mul\libsmallc.a(lib_a-impure.o)
                                        0x2ba (size before relaxing)
 .debug_line_str
                0x0000000000000613       0x47 c:/intelfpga_lite/22.1std/nios2eds/bin/gnu/h-x86_64-mingw32/bin/../lib/gcc/nios2-elf/12.2.1/../../../../../H-x86_64-mingw32/nios2-elf/lib/mno-hw-mul\libsmallc.a(lib_a-writer.o)
                                        0x326 (size before relaxing)
 .debug_line_str
                0x000000000000065a       0x41 c:/intelfpga_lite/22.1std/nios2eds/bin/gnu/h-x86_64-mingw32/bin/../lib/gcc/nios2-elf/12.2.1/../../../../../H-x86_64-mingw32/nios2-elf/lib/mno-hw-mul\libsmallc.a(lib_a-int_errno.o)
                                        0x1dd (size before relaxing)
 .debug_line_str
                0x000000000000069b       0x96 c:/Users/robin/OneDrive/Desktop/CST455/cst455-labs/Lab03/Software/Lab03_bsp/\libhal_bsp.a(alt_load.o)
                                        0x117 (size before relaxing)
 .debug_line_str
                0x0000000000000731       0x4a c:/Users/robin/OneDrive/Desktop/CST455/cst455-labs/Lab03/Software/Lab03_bsp/\libhal_bsp.a(alt_main.o)
                                        0x116 (size before relaxing)
 .debug_line_str
                0x000000000000077b       0x26 c:/Users/robin/OneDrive/Desktop/CST455/cst455-labs/Lab03/Software/Lab03_bsp/\libhal_bsp.a(alt_usleep.o)
                                        0x163 (size before relaxing)
 .debug_line_str
                0x00000000000007a1       0x7d c:/Users/robin/OneDrive/Desktop/CST455/cst455-labs/Lab03/Software/Lab03_bsp/\libhal_bsp.a(alt_write.o)
                                        0x1af (size before relaxing)
 .debug_line_str
                0x000000000000081e       0x4f c:/Users/robin/OneDrive/Desktop/CST455/cst455-labs/Lab03/Software/Lab03_bsp/\libhal_bsp.a(alt_sys_init.o)
                                        0x127 (size before relaxing)
 .debug_line_str
                0x000000000000086d       0x38 c:/Users/robin/OneDrive/Desktop/CST455/cst455-labs/Lab03/Software/Lab03_bsp/\libhal_bsp.a(altera_avalon_jtag_uart_write.o)
                                        0x15a (size before relaxing)
 .debug_line_str
                0x00000000000008a5       0x19 c:/Users/robin/OneDrive/Desktop/CST455/cst455-labs/Lab03/Software/Lab03_bsp/\libhal_bsp.a(alt_busy_sleep.o)
                                         0xf9 (size before relaxing)
 .debug_line_str
                0x00000000000008be       0x1f c:/Users/robin/OneDrive/Desktop/CST455/cst455-labs/Lab03/Software/Lab03_bsp/\libhal_bsp.a(alt_dcache_flush_all.o)
                                         0xf5 (size before relaxing)
 .debug_line_str
                0x00000000000008dd       0x14 c:/Users/robin/OneDrive/Desktop/CST455/cst455-labs/Lab03/Software/Lab03_bsp/\libhal_bsp.a(alt_errno.o)
                                        0x148 (size before relaxing)
 .debug_line_str
                0x00000000000008f1       0x1f c:/Users/robin/OneDrive/Desktop/CST455/cst455-labs/Lab03/Software/Lab03_bsp/\libhal_bsp.a(alt_icache_flush_all.o)
                                         0xf5 (size before relaxing)
 .debug_line_str
                0x0000000000000910       0x20 c:/Users/robin/OneDrive/Desktop/CST455/cst455-labs/Lab03/Software/Lab03_bsp/\libhal_bsp.a(altera_nios2_gen2_irq.o)
                                         0xf8 (size before relaxing)
 .debug_line_str
                0x0000000000000930       0x3f c:/intelfpga_lite/22.1std/nios2eds/bin/gnu/h-x86_64-mingw32/bin/../lib/gcc/nios2-elf/12.2.1/../../../../../H-x86_64-mingw32/nios2-elf/lib/mno-hw-mul\libsmallc.a(lib_a-memcpy.o)
                                        0x2b3 (size before relaxing)
 .debug_line_str
                0x000000000000096f       0xf2 c:/intelfpga_lite/22.1std/nios2eds/bin/gnu/h-x86_64-mingw32/bin/../lib/gcc/nios2-elf/12.2.1/mno-hw-mul\libgcc.a(lib2-divmod.o)
                                        0x1b6 (size before relaxing)
 .debug_line_str
                0x0000000000000a61       0x3a c:/intelfpga_lite/22.1std/nios2eds/bin/gnu/h-x86_64-mingw32/bin/../lib/gcc/nios2-elf/12.2.1/mno-hw-mul\libgcc.a(lib2-mul.o)
                                        0x1ad (size before relaxing)
