------------------------------------------------------------
Timing Analyzer Summary
------------------------------------------------------------

Type  : Slow 1100mV 85C Model Setup 'clk'
Slack : -0.004
TNS   : -0.004

Type  : Slow 1100mV 85C Model Hold 'clk'
Slack : 0.205
TNS   : 0.000

Type  : Slow 1100mV 85C Model Minimum Pulse Width 'clk'
Slack : -0.394
TNS   : -10.556

Type  : Slow 1100mV 0C Model Setup 'clk'
Slack : 0.001
TNS   : 0.000

Type  : Slow 1100mV 0C Model Hold 'clk'
Slack : 0.187
TNS   : 0.000

Type  : Slow 1100mV 0C Model Minimum Pulse Width 'clk'
Slack : -0.394
TNS   : -11.313

Type  : Fast 1100mV 85C Model Setup 'clk'
Slack : 0.383
TNS   : 0.000

Type  : Fast 1100mV 85C Model Hold 'clk'
Slack : 0.126
TNS   : 0.000

Type  : Fast 1100mV 85C Model Minimum Pulse Width 'clk'
Slack : -0.082
TNS   : -1.595

Type  : Fast 1100mV 0C Model Setup 'clk'
Slack : 0.413
TNS   : 0.000

Type  : Fast 1100mV 0C Model Hold 'clk'
Slack : 0.115
TNS   : 0.000

Type  : Fast 1100mV 0C Model Minimum Pulse Width 'clk'
Slack : -0.080
TNS   : -1.577

------------------------------------------------------------
